Component: ARM Compiler 5.06 update 7 (build 960) Tool: armlink [4d3601]

==============================================================================

Section Cross References

    main.o(i.EXTI15_10_IRQHandler) refers to stm32f10x_exti.o(i.EXTI_GetFlagStatus) for EXTI_GetFlagStatus
    main.o(i.EXTI15_10_IRQHandler) refers to stm32f10x_exti.o(i.EXTI_ClearITPendingBit) for EXTI_ClearITPendingBit
    main.o(i.EXTI15_10_IRQHandler) refers to main.o(.data) for .data
    main.o(i.main) refers to system_stm32f10x.o(i.SystemInit) for SystemInit
    main.o(i.main) refers to system_stm32f10x.o(i.SystemCoreClockUpdate) for SystemCoreClockUpdate
    main.o(i.main) refers to delay.o(i.DWT_Delay_Init) for DWT_Delay_Init
    main.o(i.main) refers to mpu6050.o(i.MPU6050_Init) for MPU6050_Init
    main.o(i.main) refers to mpu6050.o(i.DMP_Init) for DMP_Init
    main.o(i.main) refers to exti.o(i.MPU6050_EXTI_Init) for MPU6050_EXTI_Init
    main.o(i.main) refers to led.o(i.LED_Init) for LED_Init
    main.o(i.main) refers to key.o(i.Key_Init) for Key_Init
    main.o(i.main) refers to key.o(i.Key_StructInit) for Key_StructInit
    main.o(i.main) refers to adc_control.o(i.PowerADC_Init) for PowerADC_Init
    main.o(i.main) refers to nrf24l01.o(i.NRF24L01_Init) for NRF24L01_Init
    main.o(i.main) refers to serial.o(i.Serial_Init) for Serial_Init
    main.o(i.main) refers to oled.o(i.OLED_Init) for OLED_Init
    main.o(i.main) refers to filter.o(i.MPU_FILTER_Init) for MPU_FILTER_Init
    main.o(i.main) refers to misc.o(i.NVIC_PriorityGroupConfig) for NVIC_PriorityGroupConfig
    main.o(i.main) refers to key.o(i.Key_Scan) for Key_Scan
    main.o(i.main) refers to adc_control.o(i.Map_Pote) for Map_Pote
    main.o(i.main) refers to oled.o(i.OLED_ShowString) for OLED_ShowString
    main.o(i.main) refers to oled.o(i.OLED_ShowNum) for OLED_ShowNum
    main.o(i.main) refers to oled.o(i.OLED_Update) for OLED_Update
    main.o(i.main) refers to nrf24l01.o(i.Send) for Send
    main.o(i.main) refers to led.o(i.LED1_OFF) for LED1_OFF
    main.o(i.main) refers to led.o(i.LED2_OFF) for LED2_OFF
    main.o(i.main) refers to led.o(i.LED1_ON) for LED1_ON
    main.o(i.main) refers to led.o(i.LED2_ON) for LED2_ON
    main.o(i.main) refers to mpu6050.o(i.MPU6050_DMP_Get_Data) for MPU6050_DMP_Get_Data
    main.o(i.main) refers to filter.o(i.MPU_FILTER_Update) for MPU_FILTER_Update
    main.o(i.main) refers to fadd.o(.text) for __aeabi_fadd
    main.o(i.main) refers to fmul.o(.text) for __aeabi_fmul
    main.o(i.main) refers to fdiv.o(.text) for __aeabi_fdiv
    main.o(i.main) refers to f2d.o(.text) for __aeabi_f2d
    main.o(i.main) refers to oled.o(i.OLED_ShowFloatNum) for OLED_ShowFloatNum
    main.o(i.main) refers to system_stm32f10x.o(.data) for SystemCoreClock
    main.o(i.main) refers to main.o(.bss) for .bss
    main.o(i.main) refers to main.o(.data) for .data
    main.o(i.main) refers to adc_control.o(.bss) for AD_Value
    stm32f10x_it.o(i.SysTick_Handler) refers to stm32f10x_it.o(.data) for .data
    stm32f10x_adc.o(i.ADC_DeInit) refers to stm32f10x_rcc.o(i.RCC_APB2PeriphResetCmd) for RCC_APB2PeriphResetCmd
    stm32f10x_bkp.o(i.BKP_DeInit) refers to stm32f10x_rcc.o(i.RCC_BackupResetCmd) for RCC_BackupResetCmd
    stm32f10x_can.o(i.CAN_DeInit) refers to stm32f10x_rcc.o(i.RCC_APB1PeriphResetCmd) for RCC_APB1PeriphResetCmd
    stm32f10x_can.o(i.CAN_GetITStatus) refers to stm32f10x_can.o(i.CheckITStatus) for CheckITStatus
    stm32f10x_cec.o(i.CEC_DeInit) refers to stm32f10x_rcc.o(i.RCC_APB1PeriphResetCmd) for RCC_APB1PeriphResetCmd
    stm32f10x_dac.o(i.DAC_DeInit) refers to stm32f10x_rcc.o(i.RCC_APB1PeriphResetCmd) for RCC_APB1PeriphResetCmd
    stm32f10x_flash.o(i.FLASH_EnableWriteProtection) refers to stm32f10x_flash.o(i.FLASH_WaitForLastOperation) for FLASH_WaitForLastOperation
    stm32f10x_flash.o(i.FLASH_EraseAllBank1Pages) refers to stm32f10x_flash.o(i.FLASH_WaitForLastBank1Operation) for FLASH_WaitForLastBank1Operation
    stm32f10x_flash.o(i.FLASH_EraseAllPages) refers to stm32f10x_flash.o(i.FLASH_WaitForLastOperation) for FLASH_WaitForLastOperation
    stm32f10x_flash.o(i.FLASH_EraseOptionBytes) refers to stm32f10x_flash.o(i.FLASH_GetReadOutProtectionStatus) for FLASH_GetReadOutProtectionStatus
    stm32f10x_flash.o(i.FLASH_EraseOptionBytes) refers to stm32f10x_flash.o(i.FLASH_WaitForLastOperation) for FLASH_WaitForLastOperation
    stm32f10x_flash.o(i.FLASH_ErasePage) refers to stm32f10x_flash.o(i.FLASH_WaitForLastOperation) for FLASH_WaitForLastOperation
    stm32f10x_flash.o(i.FLASH_ProgramHalfWord) refers to stm32f10x_flash.o(i.FLASH_WaitForLastOperation) for FLASH_WaitForLastOperation
    stm32f10x_flash.o(i.FLASH_ProgramOptionByteData) refers to stm32f10x_flash.o(i.FLASH_WaitForLastOperation) for FLASH_WaitForLastOperation
    stm32f10x_flash.o(i.FLASH_ProgramWord) refers to stm32f10x_flash.o(i.FLASH_WaitForLastOperation) for FLASH_WaitForLastOperation
[...]
    i.OLED_ShowChar                          0x08001a3c   Section        0  oled.o(i.OLED_ShowChar)
    i.OLED_ShowFloatNum                      0x08001a78   Section        0  oled.o(i.OLED_ShowFloatNum)
    i.OLED_ShowImage                         0x08001b34   Section        0  oled.o(i.OLED_ShowImage)
    i.OLED_ShowNum                           0x08001bdc   Section        0  oled.o(i.OLED_ShowNum)
    i.OLED_ShowString                        0x08001c24   Section        0  oled.o(i.OLED_ShowString)
    i.OLED_Update                            0x08001c50   Section        0  oled.o(i.OLED_Update)
    i.OLED_W_SCL                             0x08001c78   Section        0  oled.o(i.OLED_W_SCL)
    i.OLED_W_SDA                             0x08001c88   Section        0  oled.o(i.OLED_W_SDA)
    i.OLED_WriteCommand                      0x08001c98   Section        0  oled.o(i.OLED_WriteCommand)
    i.OLED_WriteData                         0x08001cba   Section        0  oled.o(i.OLED_WriteData)
    i.PendSV_Handler                         0x08001cea   Section        0  stm32f10x_it.o(i.PendSV_Handler)
    i.PowerADC_Init                          0x08001cec   Section        0  adc_control.o(i.PowerADC_Init)
    i.RCC_ADCCLKConfig                       0x08001e10   Section        0  stm32f10x_rcc.o(i.RCC_ADCCLKConfig)
    i.RCC_AHBPeriphClockCmd                  0x08001e24   Section        0  stm32f10x_rcc.o(i.RCC_AHBPeriphClockCmd)
    i.RCC_APB2PeriphClockCmd                 0x08001e40   Section        0  stm32f10x_rcc.o(i.RCC_APB2PeriphClockCmd)
    i.RCC_GetClocksFreq                      0x08001e5c   Section        0  stm32f10x_rcc.o(i.RCC_GetClocksFreq)
    i.R_IRQ                                  0x08001f08   Section        0  nrf24l01.o(i.R_IRQ)
    i.R_MISO                                 0x08001f14   Section        0  nrf24l01.o(i.R_MISO)
    i.R_Reg                                  0x08001f20   Section        0  nrf24l01.o(i.R_Reg)
    i.SPI_SwapByte                           0x08001f42   Section        0  nrf24l01.o(i.SPI_SwapByte)
    i.SVC_Handler                            0x08001f80   Section        0  stm32f10x_it.o(i.SVC_Handler)
    i.Send                                   0x08001f82   Section        0  nrf24l01.o(i.Send)
    i.Serial_Init                            0x08001fe0   Section        0  serial.o(i.Serial_Init)
    i.Serial_SendByte                        0x0800208c   Section        0  serial.o(i.Serial_SendByte)
    i.SetSysClock                            0x080020ac   Section        0  system_stm32f10x.o(i.SetSysClock)
    SetSysClock                              0x080020ad   Thumb Code     4  system_stm32f10x.o(i.SetSysClock)
    i.SetSysClockTo72                        0x080020b0   Section        0  system_stm32f10x.o(i.SetSysClockTo72)
    SetSysClockTo72                          0x080020b1   Thumb Code   166  system_stm32f10x.o(i.SetSysClockTo72)
    i.SysTick_Handler                        0x08002160   Section        0  stm32f10x_it.o(i.SysTick_Handler)
    i.SystemCoreClockUpdate                  0x08002170   Section        0  system_stm32f10x.o(i.SystemCoreClockUpdate)
    i.SystemInit                             0x080021ec   Section        0  system_stm32f10x.o(i.SystemInit)
    i.USART1_IRQHandler                      0x0800223c   Section        0  serial.o(i.USART1_IRQHandler)
    i.USART_ClearITPendingBit                0x08002274   Section        0  stm32f10x_usart.o(i.USART_ClearITPendingBit)
    i.USART_Cmd                              0x08002284   Section        0  stm32f10x_usart.o(i.USART_Cmd)
    i.USART_GetFlagStatus                    0x0800229c   Section        0  stm32f10x_usart.o(i.USART_GetFlagStatus)
    i.USART_GetITStatus                      0x080022aa   Section        0  stm32f10x_usart.o(i.USART_GetITStatus)
    i.USART_ITConfig                         0x080022ea   Section        0  stm32f10x_usart.o(i.USART_ITConfig)
    i.USART_Init                             0x08002320   Section        0  stm32f10x_usart.o(i.USART_Init)
    i.USART_ReceiveData                      0x080023dc   Section        0  stm32f10x_usart.o(i.USART_ReceiveData)
    i.USART_SendData                         0x080023e4   Section        0  stm32f10x_usart.o(i.USART_SendData)
    i.UsageFault_Handler                     0x080023ec   Section        0  stm32f10x_it.o(i.UsageFault_Handler)
    i.W_Buf                                  0x080023ee   Section        0  nrf24l01.o(i.W_Buf)
    i.W_CE                                   0x08002420   Section        0  nrf24l01.o(i.W_CE)
    i.W_CSN                                  0x08002430   Section        0  nrf24l01.o(i.W_CSN)
    i.W_MOSI                                 0x08002440   Section        0  nrf24l01.o(i.W_MOSI)
    i.W_Reg                                  0x08002450   Section        0  nrf24l01.o(i.W_Reg)
    i.W_SCK                                  0x08002474   Section        0  nrf24l01.o(i.W_SCK)
    i.__0printf                              0x08002484   Section        0  printfa.o(i.__0printf)
    i.__ARM_fpclassify                       0x080024a4   Section        0  fpclassify.o(i.__ARM_fpclassify)
    i.__kernel_poly                          0x080024cc   Section        0  poly.o(i.__kernel_poly)
    i.__mathlib_dbl_infnan                   0x08002576   Section        0  dunder.o(i.__mathlib_dbl_infnan)
    i.__mathlib_dbl_infnan2                  0x0800257c   Section        0  dunder.o(i.__mathlib_dbl_infnan2)
    i.__mathlib_dbl_invalid                  0x08002580   Section        0  dunder.o(i.__mathlib_dbl_invalid)
    i.__mathlib_dbl_underflow                0x0800258c   Section        0  dunder.o(i.__mathlib_dbl_underflow)
    i.__scatterload_copy                     0x0800259c   Section       14  handlers.o(i.__scatterload_copy)
    i.__scatterload_null                     0x080025aa   Section        2  handlers.o(i.__scatterload_null)
    i.__scatterload_zeroinit                 0x080025ac   Section       14  handlers.o(i.__scatterload_zeroinit)
    i.__set_errno                            0x080025bc   Section        0  errno.o(i.__set_errno)
    i._fp_digits                             0x080025c8   Section        0  printfa.o(i._fp_digits)
    _fp_digits                               0x080025c9   Thumb Code   366  printfa.o(i._fp_digits)
    i._printf_core                           0x0800274c   Section        0  printfa.o(i._printf_core)
    _printf_core                             0x0800274d   Thumb Code  1704  printfa.o(i._printf_core)
    i._printf_post_padding                   0x08002e00   Section        0  printfa.o(i._printf_post_padding)
    _printf_post_padding                     0x08002e01   Thumb Code    36  printfa.o(i._printf_post_padding)
    i._printf_pre_padding                    0x08002e24   Section        0  printfa.o(i._printf_pre_padding)
    _printf_pre_padding                      0x08002e25   Thumb Code    46  printfa.o(i._printf_pre_padding)
    i.accel_self_test                        0x08002e54   Section        0  inv_mpu.o(i.accel_self_test)
    accel_self_test                          0x08002e55   Thumb Code   118  inv_mpu.o(i.accel_self_test)
    i.asin                                   0x08002ed8   Section        0  asin.o(i.asin)
    i.atan                                   0x08003148   Section        0  atan.o(i.atan)
    i.atan2                                  0x08003368   Section        0  atan2.o(i.atan2)
    i.decode_gesture                         0x08003504   Section        0  inv_mpu_dmp_motion_driver.o(i.decode_gesture)
    decode_gesture                           0x08003505   Thumb Code    56  inv_mpu_dmp_motion_driver.o(i.decode_gesture)
    i.dmp_enable_6x_lp_quat                  0x08003540   Section        0  inv_mpu_dmp_motion_driver.o(i.dmp_enable_6x_lp_quat)
    i.dmp_enable_feature                     0x0800357c   Section        0  inv_mpu_dmp_motion_driver.o(i.dmp_enable_feature)
    i.dmp_enable_gyro_cal                    0x08003768   Section        0  inv_mpu_dmp_motion_driver.o(i.dmp_enable_gyro_cal)
    i.dmp_enable_lp_quat                     0x080037c0   Section        0  inv_mpu_dmp_motion_driver.o(i.dmp_enable_lp_quat)
    i.dmp_load_motion_driver_firmware        0x080037fc   Section        0  inv_mpu_dmp_motion_driver.o(i.dmp_load_motion_driver_firmware)
    i.dmp_read_fifo                          0x08003810   Section        0  inv_mpu_dmp_motion_driver.o(i.dmp_read_fifo)
    i.dmp_set_accel_bias                     0x08003994   Section        0  inv_mpu_dmp_motion_driver.o(i.dmp_set_accel_bias)
    i.dmp_set_fifo_rate                      0x08003aa0   Section        0  inv_mpu_dmp_motion_driver.o(i.dmp_set_fifo_rate)
    i.dmp_set_gyro_bias                      0x08003b10   Section        0  inv_mpu_dmp_motion_driver.o(i.dmp_set_gyro_bias)
    i.dmp_set_orientation                    0x08003c18   Section        0  inv_mpu_dmp_motion_driver.o(i.dmp_set_orientation)
    i.dmp_set_shake_reject_thresh            0x08003d30   Section        0  inv_mpu_dmp_motion_driver.o(i.dmp_set_shake_reject_thresh)
    i.dmp_set_shake_reject_time              0x08003d60   Section        0  inv_mpu_dmp_motion_driver.o(i.dmp_set_shake_reject_time)
    i.dmp_set_shake_reject_timeout           0x08003d80   Section        0  inv_mpu_dmp_motion_driver.o(i.dmp_set_shake_reject_timeout)
    i.dmp_set_tap_axes                       0x08003da0   Section        0  inv_mpu_dmp_motion_driver.o(i.dmp_set_tap_axes)
    i.dmp_set_tap_count                      0x08003dd8   Section        0  inv_mpu_dmp_motion_driver.o(i.dmp_set_tap_count)
    i.dmp_set_tap_thresh                     0x08003dfc   Section        0  inv_mpu_dmp_motion_driver.o(i.dmp_set_tap_thresh)
    i.dmp_set_tap_time                       0x08003f60   Section        0  inv_mpu_dmp_motion_driver.o(i.dmp_set_tap_time)
    i.dmp_set_tap_time_multi                 0x08003f80   Section        0  inv_mpu_dmp_motion_driver.o(i.dmp_set_tap_time_multi)
    i.fputc                                  0x08003fa0   Section        0  serial.o(i.fputc)
    i.get_accel_prod_shift                   0x08003fb0   Section        0  inv_mpu.o(i.get_accel_prod_shift)
    get_accel_prod_shift                     0x08003fb1   Thumb Code   158  inv_mpu.o(i.get_accel_prod_shift)
    i.get_st_biases                          0x0800405c   Section        0  inv_mpu.o(i.get_st_biases)
    get_st_biases                            0x0800405d   Thumb Code   980  inv_mpu.o(i.get_st_biases)
    i.gyro_self_test                         0x08004434   Section        0  inv_mpu.o(i.gyro_self_test)
    gyro_self_test                           0x08004435   Thumb Code   200  inv_mpu.o(i.gyro_self_test)
    i.inv_orientation_matrix_to_scalar       0x08004510   Section        0  mpu6050.o(i.inv_orientation_matrix_to_scalar)
    inv_orientation_matrix_to_scalar         0x08004511   Thumb Code    36  mpu6050.o(i.inv_orientation_matrix_to_scalar)
    i.inv_row_2_scale                        0x08004534   Section        0  mpu6050.o(i.inv_row_2_scale)
    inv_row_2_scale                          0x08004535   Thumb Code    72  mpu6050.o(i.inv_row_2_scale)
    i.main                                   0x0800457c   Section        0  main.o(i.main)
    i.mget_ms                                0x080048a4   Section        0  inv_mpu.o(i.mget_ms)
    i.mpu_configure_fifo                     0x080048a8   Section        0  inv_mpu.o(i.mpu_configure_fifo)
    i.mpu_get_accel_fsr                      0x08004908   Section        0  inv_mpu.o(i.mpu_get_accel_fsr)
    i.mpu_get_accel_sens                     0x0800494c   Section        0  inv_mpu.o(i.mpu_get_accel_sens)
    i.mpu_get_fifo_config                    0x08004998   Section        0  inv_mpu.o(i.mpu_get_fifo_config)
    i.mpu_get_gyro_fsr                       0x080049a8   Section        0  inv_mpu.o(i.mpu_get_gyro_fsr)
    i.mpu_get_gyro_sens                      0x080049e8   Section        0  inv_mpu.o(i.mpu_get_gyro_sens)
    i.mpu_get_lpf                            0x08004a30   Section        0  inv_mpu.o(i.mpu_get_lpf)
    i.mpu_get_sample_rate                    0x08004a74   Section        0  inv_mpu.o(i.mpu_get_sample_rate)
    i.mpu_init                               0x08004a90   Section        0  inv_mpu.o(i.mpu_init)
    i.mpu_load_firmware                      0x08004c3c   Section        0  inv_mpu.o(i.mpu_load_firmware)
    i.mpu_lp_accel_mode                      0x08004cf0   Section        0  inv_mpu.o(i.mpu_lp_accel_mode)
    i.mpu_read_fifo_stream                   0x08004dc0   Section        0  inv_mpu.o(i.mpu_read_fifo_stream)
    i.mpu_read_mem                           0x08004e6c   Section        0  inv_mpu.o(i.mpu_read_mem)
    i.mpu_reset_fifo                         0x08004edc   Section        0  inv_mpu.o(i.mpu_reset_fifo)
    i.mpu_run_self_test                      0x08005048   Section        0  inv_mpu.o(i.mpu_run_self_test)
    i.mpu_set_accel_fsr                      0x08005140   Section        0  inv_mpu.o(i.mpu_set_accel_fsr)
    i.mpu_set_bypass                         0x080051b4   Section        0  inv_mpu.o(i.mpu_set_bypass)
    i.mpu_set_dmp_state                      0x080052cc   Section        0  inv_mpu.o(i.mpu_set_dmp_state)
    i.mpu_set_gyro_fsr                       0x08005348   Section        0  inv_mpu.o(i.mpu_set_gyro_fsr)
    i.mpu_set_int_latched                    0x080053c0   Section        0  inv_mpu.o(i.mpu_set_int_latched)
    i.mpu_set_lpf                            0x08005420   Section        0  inv_mpu.o(i.mpu_set_lpf)
    i.mpu_set_sample_rate                    0x0800549c   Section        0  inv_mpu.o(i.mpu_set_sample_rate)
    i.mpu_set_sensors                        0x08005520   Section        0  inv_mpu.o(i.mpu_set_sensors)
    i.mpu_write_mem                          0x080055d0   Section        0  inv_mpu.o(i.mpu_write_mem)
    i.run_self_test1                         0x08005640   Section        0  mpu6050.o(i.run_self_test1)
    run_self_test1                           0x08005641   Thumb Code   122  mpu6050.o(i.run_self_test1)
    i.safe_time_diff                         0x080056ba   Section        0  key.o(i.safe_time_diff)
    safe_time_diff                           0x080056bb   Thumb Code    16  key.o(i.safe_time_diff)
    i.set_int_enable                         0x080056cc   Section        0  inv_mpu.o(i.set_int_enable)
    set_int_enable                           0x080056cd   Thumb Code   112  inv_mpu.o(i.set_int_enable)
    i.sqrt                                   0x08005740   Section        0  sqrt.o(i.sqrt)
    .constdata                               0x0800578c   Section     1520  oled_data.o(.constdata)
    .constdata                               0x08005d7c   Section      570  oled_data.o(.constdata)
    .constdata                               0x08005fb6   Section       27  inv_mpu.o(.constdata)
    .constdata                               0x08005fd2   Section       12  inv_mpu.o(.constdata)
    .constdata                               0x08005fe0   Section       40  inv_mpu.o(.constdata)
    .constdata                               0x08006008   Section     3062  inv_mpu_dmp_motion_driver.o(.constdata)
    dmp_memory                               0x08006008   Data        3062  inv_mpu_dmp_motion_driver.o(.constdata)
    .constdata                               0x08006c00   Section       80  asin.o(.constdata)
    pS                                       0x08006c00   Data          48  asin.o(.constdata)
    qS                                       0x08006c30   Data          32  asin.o(.constdata)
    .constdata                               0x08006c50   Section      152  atan.o(.constdata)
    atanhi                                   0x08006c50   Data          32  atan.o(.constdata)
    atanlo                                   0x08006c70   Data          32  atan.o(.constdata)
    aTodd                                    0x08006c90   Data          40  atan.o(.constdata)
    aTeven                                   0x08006cb8   Data          48  atan.o(.constdata)
    .constdata                               0x08006ce8   Section        8  qnan.o(.constdata)
    .conststring                             0x08006cf0   Section       77  inv_mpu.o(.conststring)
    .data                                    0x20000000   Section       44  main.o(.data)
    .data                                    0x2000002c   Section        4  stm32f10x_it.o(.data)
    .data                                    0x20000030   Section       20  stm32f10x_rcc.o(.data)
    ADCPrescTable                            0x20000030   Data           4  stm32f10x_rcc.o(.data)
    APBAHBPrescTable                         0x20000034   Data          16  stm32f10x_rcc.o(.data)
    .data                                    0x20000044   Section       20  system_stm32f10x.o(.data)
    .data                                    0x20000058   Section       10  nrf24l01.o(.data)
    .data                                    0x20000064   Section       41  mpu6050.o(.data)
    gyro_orientation                         0x20000084   Data           9  mpu6050.o(.data)
    .data                                    0x20000090   Section       53  inv_mpu.o(.data)
    st                                       0x20000090   Data          44  inv_mpu.o(.data)
    gyro_orientation                         0x200000bc   Data           9  inv_mpu.o(.data)
    .data                                    0x200000c5   Section        2  serial.o(.data)
    .data                                    0x200000c8   Section        4  stdout.o(.data)
    .data                                    0x200000cc   Section        4  errno.o(.data)
    _errno                                   0x200000cc   Data           4  errno.o(.data)
    .bss                                     0x200000d0   Section      188  main.o(.bss)
    .bss                                     0x2000018c   Section     1024  oled.o(.bss)
    .bss                                     0x2000058c   Section       10  adc_control.o(.bss)
    .bss                                     0x20000598   Section       16  inv_mpu_dmp_motion_driver.o(.bss)
    dmp                                      0x20000598   Data          16  inv_mpu_dmp_motion_driver.o(.bss)
    STACK                                    0x200005a8   Section     1024  startup_stm32f10x_md.o(STACK)

    Global Symbols

    Symbol Name                              Value     Ov Type        Size  Object(Section)

    BuildAttributes$$THM_ISAv4$P$D$K$B$S$PE$A:L22UL41UL21$X:L11$S22US41US21$IEEE1$IW$USESV6$~STKCKD$USESV7$~SHL$OTIME$ROPI$IEEEX$EBA8$MICROLIB$REQ8$PRES8$EABIv2 0x00000000   Number         0  anon$$obj.o ABSOLUTE
    __ARM_use_no_argv                        0x00000000   Number         0  main.o ABSOLUTE
    _printf_a                                0x00000000   Number         0  stubs.o ABSOLUTE
    _printf_c                                0x00000000   Number         0  stubs.o ABSOLUTE
    _printf_charcount                        0x00000000   Number         0  stubs.o ABSOLUTE
    _printf_d                                0x00000000   Number         0  stubs.o ABSOLUTE
    _printf_e                                0x00000000   Number         0  stubs.o ABSOLUTE
    _printf_f                                0x00000000   Number         0  stubs.o ABSOLUTE
    _printf_flags                            0x00000000   Number         0  stubs.o ABSOLUTE
    _printf_fp_dec                           0x00000000   Number         0  stubs.o ABSOLUTE
    _printf_fp_hex                           0x00000000   Number         0  stubs.o ABSOLUTE
    _printf_g                                0x00000000   Number         0  stubs.o ABSOLUTE
    _printf_i                                0x00000000   Number         0  stubs.o ABSOLUTE
    _printf_int_dec                          0x00000000   Number         0  stubs.o ABSOLUTE
    _printf_l                                0x00000000   Number         0  stubs.o ABSOLUTE
    _printf_lc                               0x00000000   Number         0  stubs.o ABSOLUTE
    _printf_ll                               0x00000000   Number         0  stubs.o ABSOLUTE
    _printf_lld                              0x00000000   Number         0  stubs.o ABSOLUTE
    _printf_lli                              0x00000000   Number         0  stubs.o ABSOLUTE
    _printf_llo                              0x00000000   Number         0  stubs.o ABSOLUTE
    _printf_llu                              0x00000000   Number         0  stubs.o ABSOLUTE
    _printf_llx                              0x00000000   Number         0  stubs.o ABSOLUTE
    _printf_longlong_dec                     0x00000000   Number         0  stubs.o ABSOLUTE
    _printf_longlong_hex                     0x00000000   Number         0  stubs.o ABSOLUTE
    _printf_longlong_oct                     0x00000000   Number         0  stubs.o ABSOLUTE
    _printf_ls                               0x00000000   Number         0  stubs.o ABSOLUTE
    _printf_mbtowc                           0x00000000   Number         0  stubs.o ABSOLUTE
    _printf_n                                0x00000000   Number         0  stubs.o ABSOLUTE
    _printf_o                                0x00000000   Number         0  stubs.o ABSOLUTE
    _printf_p                                0x00000000   Number         0  stubs.o ABSOLUTE
    _printf_percent                          0x00000000   Number         0  stubs.o ABSOLUTE
    _printf_pre_padding                      0x00000000   Number         0  stubs.o ABSOLUTE
    _printf_return_value                     0x00000000   Number         0  stubs.o ABSOLUTE
    _printf_s                                0x00000000   Number         0  stubs.o ABSOLUTE
    _printf_sizespec                         0x00000000   Number         0  stubs.o ABSOLUTE
    _printf_str                              0x00000000   Number         0  stubs.o ABSOLUTE
    _printf_truncate_signed                  0x00000000   Number         0  stubs.o ABSOLUTE
    _printf_truncate_unsigned                0x00000000   Number         0  stubs.o ABSOLUTE
    _printf_u                                0x00000000   Number         0  stubs.o ABSOLUTE
    _printf_wc                               0x00000000   Number         0  stubs.o ABSOLUTE
    _printf_wctomb                           0x00000000   Number         0  stubs.o ABSOLUTE
    _printf_widthprec                        0x00000000   Number         0  stubs.o ABSOLUTE
    _printf_x                                0x00000000   Number         0  stubs.o ABSOLUTE
    __arm_fini_                               - Undefined Weak Reference
    __cpp_initialize__aeabi_                  - Undefined Weak Reference
    __cxa_finalize                            - Undefined Weak Reference
    __decompress                              - Undefined Weak Reference
    _clock_init                               - Undefined Weak Reference
    _microlib_exit                            - Undefined Weak Reference
    __Vectors_Size                           0x000000ec   Number         0  startup_stm32f10x_md.o ABSOLUTE
    __Vectors                                0x08000000   Data           4  startup_stm32f10x_md.o(RESET)
    __Vectors_End                            0x080000ec   Data           0  startup_stm32f10x_md.o(RESET)
    __main                                   0x080000ed   Thumb Code     0  entry.o(.ARM.Collect$$$$00000000)
    _main_stk                                0x080000ed   Thumb Code     0  entry2.o(.ARM.Collect$$$$00000001)
    _main_scatterload                        0x080000f1   Thumb Code     0  entry5.o(.ARM.Collect$$$$00000004)
    __main_after_scatterload                 0x080000f5   Thumb Code     0  entry5.o(.ARM.Collect$$$$00000004)
    _main_clock                              0x080000f5   Thumb Code     0  entry7b.o(.ARM.Collect$$$$00000008)
    _main_cpp_init                           0x080000f5   Thumb Code     0  entry8b.o(.ARM.Collect$$$$0000000A)
    _main_init                               0x080000f5   Thumb Code     0  entry9a.o(.ARM.Collect$$$$0000000B)
    __rt_lib_shutdown_fini                   0x080000fd   Thumb Code     0  entry12b.o(.ARM.Collect$$$$0000000E)
    __rt_final_cpp                           0x08000101   Thumb Code     0  entry10a.o(.ARM.Collect$$$$0000000F)
    __rt_final_exit                          0x08000101   Thumb Code     0  entry11a.o(.ARM.Collect$$$$00000011)
    Reset_Handler                            0x08000105   Thumb Code     8  startup_stm32f10x_md.o(.text)
    ADC1_2_IRQHandler                        0x0800011f   Thumb Code     0  startup_stm32f10x_md.o(.text)
    CAN1_RX1_IRQHandler                      0x0800011f   Thumb Code     0  startup_stm32f10x_md.o(.text)
    CAN1_SCE_IRQHandler                      0x0800011f   Thumb Code     0  startup_stm32f10x_md.o(.text)
    DMA1_Channel1_IRQHandler                 0x0800011f   Thumb Code     0  startup_stm32f10x_md.o(.text)
    DMA1_Channel2_IRQHandler                 0x0800011f   Thumb Code     0  startup_stm32f10x_md.o(.text)
    DMA1_Channel3_IRQHandler                 0x0800011f   Thumb Code     0  startup_stm32f10x_md.o(.text)
    DMA1_Channel4_IRQHandler                 0x0800011f   Thumb Code     0  startup_stm32f10x_md.o(.text)
    DMA1_Channel5_IRQHandler                 0x0800011f   Thumb Code     0  startup_stm32f10x_md.o(.text)
    DMA1_Channel6_IRQHandler                 0x0800011f   Thumb Code     0  startup_stm32f10x_md.o(.text)
    DMA1_Channel7_IRQHandler                 0x0800011f   Thumb Code     0  startup_stm32f10x_md.o(.text)
    EXTI0_IRQHandler                         0x0800011f   Thumb Code     0  startup_stm32f10x_md.o(.text)
    EXTI1_IRQHandler                         0x0800011f   Thumb Code     0  startup_stm32f10x_md.o(.text)
    EXTI2_IRQHandler                         0x0800011f   Thumb Code     0  startup_stm32f10x_md.o(.text)
    EXTI3_IRQHandler                         0x0800011f   Thumb Code     0  startup_stm32f10x_md.o(.text)
    EXTI4_IRQHandler                         0x0800011f   Thumb Code     0  startup_stm32f10x_md.o(.text)
    EXTI9_5_IRQHandler                       0x0800011f   Thumb Code     0  startup_stm32f10x_md.o(.text)
    FLASH_IRQHandler                         0x0800011f   Thumb Code     0  startup_stm32f10x_md.o(.text)
    I2C1_ER_IRQHandler                       0x0800011f   Thumb Code     0  startup_stm32f10x_md.o(.text)
    I2C1_EV_IRQHandler                       0x0800011f   Thumb Code     0  startup_stm32f10x_md.o(.text)
    I2C2_ER_IRQHandler                       0x0800011f   Thumb Code     0  startup_stm32f10x_md.o(.text)
    I2C2_EV_IRQHandler                       0x0800011f   Thumb Code     0  startup_stm32f10x_md.o(.text)
    PVD_IRQHandler                           0x0800011f   Thumb Code     0  startup_stm32f10x_md.o(.text)
    RCC_IRQHandler                           0x0800011f   Thumb Code     0  startup_stm32f10x_md.o(.text)
    RTCAlarm_IRQHandler                      0x0800011f   Thumb Code     0  startup_stm32f10x_md.o(.text)
    RTC_IRQHandler                           0x0800011f   Thumb Code     0  startup_stm32f10x_md.o(.text)
    SPI1_IRQHandler                          0x0800011f   Thumb Code     0  startup_stm32f10x_md.o(.text)
    SPI2_IRQHandler                          0x0800011f   Thumb Code     0  startup_stm32f10x_md.o(.text)
    TAMPER_IRQHandler                        0x0800011f   Thumb Code     0  startup_stm32f10x_md.o(.text)
    TIM1_BRK_IRQHandler                      0x0800011f   Thumb Code     0  startup_stm32f10x_md.o(.text)
    TIM1_CC_IRQHandler                       0x0800011f   Thumb Code     0  startup_stm32f10x_md.o(.text)
    TIM1_TRG_COM_IRQHandler                  0x0800011f   Thumb Code     0  startup_stm32f10x_md.o(.text)
    TIM1_UP_IRQHandler                       0x0800011f   Thumb Code     0  startup_stm32f10x_md.o(.text)
    TIM2_IRQHandler                          0x0800011f   Thumb Code     0  startup_stm32f10x_md.o(.text)
    TIM3_IRQHandler                          0x0800011f   Thumb Code     0  startup_stm32f10x_md.o(.text)
    TIM4_IRQHandler                          0x0800011f   Thumb Code     0  startup_stm32f10x_md.o(.text)
    USART2_IRQHandler                        0x0800011f   Thumb Code     0  startup_stm32f10x_md.o(.text)
    USART3_IRQHandler                        0x0800011f   Thumb Code     0  startup_stm32f10x_md.o(.text)
    USBWakeUp_IRQHandler                     0x0800011f   Thumb Code     0  startup_stm32f10x_md.o(.text)
    USB_HP_CAN1_TX_IRQHandler                0x0800011f   Thumb Code     0  startup_stm32f10x_md.o(.text)
    USB_LP_CAN1_RX0_IRQHandler               0x0800011f   Thumb Code     0  startup_stm32f10x_md.o(.text)
    WWDG_IRQHandler                          0x0800011f   Thumb Code     0  startup_stm32f10x_md.o(.text)
    __aeabi_ldivmod                          0x08000129   Thumb Code    98  ldiv.o(.text)
    __aeabi_memset                           0x0800018b   Thumb Code    14  memseta.o(.text)
    __aeabi_memset4                          0x0800018b   Thumb Code     0  memseta.o(.text)
    __aeabi_memset8                          0x0800018b   Thumb Code     0  memseta.o(.text)
    __aeabi_memclr                           0x08000199   Thumb Code     4  memseta.o(.text)
    __aeabi_memclr4                          0x08000199   Thumb Code     0  memseta.o(.text)
    __aeabi_memclr8                          0x08000199   Thumb Code     0  memseta.o(.text)
    _memset$wrapper                          0x0800019d   Thumb Code    18  memseta.o(.text)
    memcmp                                   0x080001af   Thumb Code    26  memcmp.o(.text)
    __aeabi_fadd                             0x080001c9   Thumb Code   164  fadd.o(.text)
    __aeabi_fsub                             0x0800026d   Thumb Code     6  fadd.o(.text)
    __aeabi_frsub                            0x08000273   Thumb Code     6  fadd.o(.text)
    __aeabi_fmul                             0x08000279   Thumb Code   100  fmul.o(.text)
    __aeabi_fdiv                             0x080002dd   Thumb Code   124  fdiv.o(.text)
    __ARM_scalbnf                            0x08000359   Thumb Code    24  fscalb.o(.text)
    scalbnf                                  0x08000359   Thumb Code     0  fscalb.o(.text)
    __aeabi_dadd                             0x08000371   Thumb Code   322  dadd.o(.text)
    __aeabi_dsub                             0x080004b3   Thumb Code     6  dadd.o(.text)
    __aeabi_drsub                            0x080004b9   Thumb Code     6  dadd.o(.text)
    __aeabi_dmul                             0x080004bf   Thumb Code   228  dmul.o(.text)
    __aeabi_ddiv                             0x080005a3   Thumb Code   222  ddiv.o(.text)
    __aeabi_i2f                              0x08000681   Thumb Code    18  fflti.o(.text)
    __aeabi_ui2f                             0x08000693   Thumb Code    10  ffltui.o(.text)
    __aeabi_ui2d                             0x0800069d   Thumb Code    26  dfltui.o(.text)
    __aeabi_f2iz                             0x080006b7   Thumb Code    50  ffixi.o(.text)
    __aeabi_f2uiz                            0x080006e9   Thumb Code    40  ffixui.o(.text)
    __aeabi_d2uiz                            0x08000711   Thumb Code    50  dfixui.o(.text)
    __aeabi_f2d                              0x08000743   Thumb Code    38  f2d.o(.text)
    __aeabi_cdcmpeq                          0x08000769   Thumb Code     0  cdcmple.o(.text)
    __aeabi_cdcmple                          0x08000769   Thumb Code    48  cdcmple.o(.text)
    __aeabi_cdrcmple                         0x08000799   Thumb Code    48  cdrcmple.o(.text)
    __aeabi_d2f                              0x080007c9   Thumb Code    56  d2f.o(.text)
    __aeabi_uidiv                            0x08000801   Thumb Code     0  uidiv.o(.text)
    __aeabi_uidivmod                         0x08000801   Thumb Code    44  uidiv.o(.text)
    __aeabi_uldivmod                         0x0800082d   Thumb Code    98  uldiv.o(.text)
    __aeabi_llsl                             0x0800088f   Thumb Code    30  llshl.o(.text)
    _ll_shift_l                              0x0800088f   Thumb Code     0  llshl.o(.text)
    __aeabi_llsr                             0x080008ad   Thumb Code    32  llushr.o(.text)
    _ll_ushift_r                             0x080008ad   Thumb Code     0  llushr.o(.text)
    __aeabi_lasr                             0x080008cd   Thumb Code    36  llsshr.o(.text)
    _ll_sshift_r                             0x080008cd   Thumb Code     0  llsshr.o(.text)
    __I$use$fp                               0x080008f1   Thumb Code     0  iusefp.o(.text)
    _float_round                             0x080008f1   Thumb Code    18  fepilogue.o(.text)
    _float_epilogue                          0x08000903   Thumb Code    92  fepilogue.o(.text)
    _double_round                            0x0800095f   Thumb Code    30  depilogue.o(.text)
    _double_epilogue                         0x0800097d   Thumb Code   156  depilogue.o(.text)
    __ARM_scalbn                             0x08000a19   Thumb Code    46  dscalb.o(.text)
    scalbn                                   0x08000a19   Thumb Code     0  dscalb.o(.text)
    __aeabi_d2ulz                            0x08000a47   Thumb Code    48  dfixul.o(.text)
    __scatterload                            0x08000a79   Thumb Code    28  init.o(.text)
    __scatterload_rt2                        0x08000a79   Thumb Code     0  init.o(.text)
    _dsqrt                                   0x08000a9d   Thumb Code   162  dsqrt.o(.text)
    ADC_Cmd                                  0x08000b3f   Thumb Code    24  stm32f10x_adc.o(i.ADC_Cmd)
    ADC_DMACmd                               0x08000b57   Thumb Code    24  stm32f10x_adc.o(i.ADC_DMACmd)
    ADC_GetCalibrationStatus                 0x08000b6f   Thumb Code    14  stm32f10x_adc.o(i.ADC_GetCalibrationStatus)
    ADC_GetResetCalibrationStatus            0x08000b7d   Thumb Code    14  stm32f10x_adc.o(i.ADC_GetResetCalibrationStatus)
    ADC_Init                                 0x08000b8d   Thumb Code    62  stm32f10x_adc.o(i.ADC_Init)
    ADC_RegularChannelConfig                 0x08000bd5   Thumb Code   116  stm32f10x_adc.o(i.ADC_RegularChannelConfig)
    ADC_ResetCalibration                     0x08000c49   Thumb Code    10  stm32f10x_adc.o(i.ADC_ResetCalibration)
    ADC_SoftwareStartConvCmd                 0x08000c53   Thumb Code    24  stm32f10x_adc.o(i.ADC_SoftwareStartConvCmd)
    ADC_StartCalibration                     0x08000c6b   Thumb Code    10  stm32f10x_adc.o(i.ADC_StartCalibration)
    BusFault_Handler                         0x08000c75   Thumb Code     2  stm32f10x_it.o(i.BusFault_Handler)
    DMA_Cmd                                  0x08000c77   Thumb Code    26  stm32f10x_dma.o(i.DMA_Cmd)
    DMA_Init                                 0x08000c91   Thumb Code    58  stm32f10x_dma.o(i.DMA_Init)
    DMP_Init                                 0x08000ccd   Thumb Code   160  mpu6050.o(i.DMP_Init)
    DWT_Delay_Init                           0x08000d71   Thumb Code    26  delay.o(i.DWT_Delay_Init)
    DebugMon_Handler                         0x08000d95   Thumb Code     2  stm32f10x_it.o(i.DebugMon_Handler)
    Delay_ms                                 0x08000d97   Thumb Code    24  delay.o(i.Delay_ms)
    Delay_us                                 0x08000db1   Thumb Code    28  delay.o(i.Delay_us)
    EXTI15_10_IRQHandler                     0x08000dd9   Thumb Code    30  main.o(i.EXTI15_10_IRQHandler)
    EXTI_ClearITPendingBit                   0x08000dfd   Thumb Code     6  stm32f10x_exti.o(i.EXTI_ClearITPendingBit)
    EXTI_GetFlagStatus                       0x08000e09   Thumb Code    16  stm32f10x_exti.o(i.EXTI_GetFlagStatus)
    EXTI_Init                                0x08000e1d   Thumb Code   110  stm32f10x_exti.o(i.EXTI_Init)
    GPIO_EXTILineConfig                      0x08000e91   Thumb Code    34  stm32f10x_gpio.o(i.GPIO_EXTILineConfig)
    GPIO_Init                                0x08000eb9   Thumb Code   166  stm32f10x_gpio.o(i.GPIO_Init)
    GPIO_PinRemapConfig                      0x08000f61   Thumb Code    86  stm32f10x_gpio.o(i.GPIO_PinRemapConfig)
    GPIO_ReadInputDataBit                    0x08000fbd   Thumb Code    14  stm32f10x_gpio.o(i.GPIO_ReadInputDataBit)
    GPIO_ResetBits                           0x08000fcb   Thumb Code     4  stm32f10x_gpio.o(i.GPIO_ResetBits)
    GPIO_SetBits                             0x08000fcf   Thumb Code     4  stm32f10x_gpio.o(i.GPIO_SetBits)
    GPIO_WriteBit                            0x08000fd3   Thumb Code    12  stm32f10x_gpio.o(i.GPIO_WriteBit)
    HardFault_Handler                        0x08000fdf   Thumb Code     2  stm32f10x_it.o(i.HardFault_Handler)
    IIC_Init                                 0x08000fe1   Thumb Code    48  iic.o(i.IIC_Init)
    IIC_R_SDA                                0x08001015   Thumb Code    22  iic.o(i.IIC_R_SDA)
    IIC_ReceiveAck                           0x08001031   Thumb Code    30  iic.o(i.IIC_ReceiveAck)
    IIC_ReceiveByte                          0x0800104f   Thumb Code    50  iic.o(i.IIC_ReceiveByte)
    IIC_SendAck                              0x08001081   Thumb Code    22  iic.o(i.IIC_SendAck)
    IIC_SendByte                             0x08001097   Thumb Code    44  iic.o(i.IIC_SendByte)
    IIC_Start                                0x080010c3   Thumb Code    30  iic.o(i.IIC_Start)
    IIC_Stop                                 0x080010e1   Thumb Code    24  iic.o(i.IIC_Stop)
    IIC_W_SCL                                0x080010f9   Thumb Code    22  iic.o(i.IIC_W_SCL)
    IIC_W_SDA                                0x08001115   Thumb Code    22  iic.o(i.IIC_W_SDA)
    Key_Init                                 0x08001131   Thumb Code    40  key.o(i.Key_Init)
    Key_Scan                                 0x0800115d   Thumb Code   142  key.o(i.Key_Scan)
    Key_StructInit                           0x080011f1   Thumb Code    12  key.o(i.Key_StructInit)
    LED1_OFF                                 0x080011fd   Thumb Code     8  led.o(i.LED1_OFF)
    LED1_ON                                  0x08001209   Thumb Code     8  led.o(i.LED1_ON)
    LED2_OFF                                 0x08001215   Thumb Code     8  led.o(i.LED2_OFF)
    LED2_ON                                  0x08001221   Thumb Code     8  led.o(i.LED2_ON)
    LED_Init                                 0x0800122d   Thumb Code    56  led.o(i.LED_Init)
    MPU6050_DMP_Get_Data                     0x0800126d   Thumb Code   470  mpu6050.o(i.MPU6050_DMP_Get_Data)
    MPU6050_EXTI_Init                        0x0800144d   Thumb Code    98  exti.o(i.MPU6050_EXTI_Init)
    MPU6050_GetID                            0x080014b5   Thumb Code     6  mpu6050.o(i.MPU6050_GetID)
    MPU6050_Init                             0x080014bb   Thumb Code    58  mpu6050.o(i.MPU6050_Init)
    MPU6050_Read                             0x080014f5   Thumb Code   110  iic.o(i.MPU6050_Read)
    MPU6050_ReadReg                          0x08001563   Thumb Code    62  mpu6050.o(i.MPU6050_ReadReg)
    MPU6050_Write                            0x080015a1   Thumb Code    68  iic.o(i.MPU6050_Write)
    MPU6050_WriteReg                         0x080015e5   Thumb Code    48  mpu6050.o(i.MPU6050_WriteReg)
    MPU_FILTER_Init                          0x08001615   Thumb Code     6  filter.o(i.MPU_FILTER_Init)
    MPU_FILTER_Update                        0x0800161b   Thumb Code   110  filter.o(i.MPU_FILTER_Update)
    Map_Pote                                 0x08001689   Thumb Code    54  adc_control.o(i.Map_Pote)
    MemManage_Handler                        0x080016bf   Thumb Code     2  stm32f10x_it.o(i.MemManage_Handler)
    NMI_Handler                              0x080016c1   Thumb Code     2  stm32f10x_it.o(i.NMI_Handler)
    NRF24L01_Init                            0x080016c5   Thumb Code   100  nrf24l01.o(i.NRF24L01_Init)
    NRF24L01_Pin_Init                        0x0800172d   Thumb Code   152  nrf24l01.o(i.NRF24L01_Pin_Init)
    NVIC_Init                                0x080017cd   Thumb Code    96  misc.o(i.NVIC_Init)
    NVIC_PriorityGroupConfig                 0x08001831   Thumb Code    10  misc.o(i.NVIC_PriorityGroupConfig)
    OLED_ClearArea                           0x08001845   Thumb Code    94  oled.o(i.OLED_ClearArea)
    OLED_GPIO_Init                           0x080018a9   Thumb Code    88  oled.o(i.OLED_GPIO_Init)
    OLED_I2C_SendByte                        0x08001905   Thumb Code    58  oled.o(i.OLED_I2C_SendByte)
    OLED_I2C_Start                           0x0800193f   Thumb Code    30  oled.o(i.OLED_I2C_Start)
    OLED_I2C_Stop                            0x0800195d   Thumb Code    24  oled.o(i.OLED_I2C_Stop)
    OLED_Init                                0x08001975   Thumb Code   148  oled.o(i.OLED_Init)
    OLED_Pow                                 0x08001a09   Thumb Code    16  oled.o(i.OLED_Pow)
    OLED_SetCursor                           0x08001a19   Thumb Code    34  oled.o(i.OLED_SetCursor)
    OLED_ShowChar                            0x08001a3d   Thumb Code    52  oled.o(i.OLED_ShowChar)
    OLED_ShowFloatNum                        0x08001a79   Thumb Code   186  oled.o(i.OLED_ShowFloatNum)
    OLED_ShowImage                           0x08001b35   Thumb Code   162  oled.o(i.OLED_ShowImage)
    OLED_ShowNum                             0x08001bdd   Thumb Code    72  oled.o(i.OLED_ShowNum)
    OLED_ShowString                          0x08001c25   Thumb Code    44  oled.o(i.OLED_ShowString)
    OLED_Update                              0x08001c51   Thumb Code    34  oled.o(i.OLED_Update)
    OLED_W_SCL                               0x08001c79   Thumb Code    12  oled.o(i.OLED_W_SCL)
    OLED_W_SDA                               0x08001c89   Thumb Code    12  oled.o(i.OLED_W_SDA)
    OLED_WriteCommand                        0x08001c99   Thumb Code    34  oled.o(i.OLED_WriteCommand)
    OLED_WriteData                           0x08001cbb   Thumb Code    48  oled.o(i.OLED_WriteData)
    PendSV_Handler                           0x08001ceb   Thumb Code     2  stm32f10x_it.o(i.PendSV_Handler)
    PowerADC_Init                            0x08001ced   Thumb Code   274  adc_control.o(i.PowerADC_Init)
    RCC_ADCCLKConfig                         0x08001e11   Thumb Code    14  stm32f10x_rcc.o(i.RCC_ADCCLKConfig)
    RCC_AHBPeriphClockCmd                    0x08001e25   Thumb Code    22  stm32f10x_rcc.o(i.RCC_AHBPeriphClockCmd)
    RCC_APB2PeriphClockCmd                   0x08001e41   Thumb Code    22  stm32f10x_rcc.o(i.RCC_APB2PeriphClockCmd)
    RCC_GetClocksFreq                        0x08001e5d   Thumb Code   154  stm32f10x_rcc.o(i.RCC_GetClocksFreq)
    R_IRQ                                    0x08001f09   Thumb Code     8  nrf24l01.o(i.R_IRQ)
    R_MISO                                   0x08001f15   Thumb Code     8  nrf24l01.o(i.R_MISO)
    R_Reg                                    0x08001f21   Thumb Code    34  nrf24l01.o(i.R_Reg)
    SPI_SwapByte                             0x08001f43   Thumb Code    62  nrf24l01.o(i.SPI_SwapByte)
    SVC_Handler                              0x08001f81   Thumb Code     2  stm32f10x_it.o(i.SVC_Handler)
    Send                                     0x08001f83   Thumb Code    92  nrf24l01.o(i.Send)
    Serial_Init                              0x08001fe1   Thumb Code   162  serial.o(i.Serial_Init)
    Serial_SendByte                          0x0800208d   Thumb Code    26  serial.o(i.Serial_SendByte)
    SysTick_Handler                          0x08002161   Thumb Code    10  stm32f10x_it.o(i.SysTick_Handler)
    SystemCoreClockUpdate                    0x08002171   Thumb Code   106  system_stm32f10x.o(i.SystemCoreClockUpdate)
    SystemInit                               0x080021ed   Thumb Code    64  system_stm32f10x.o(i.SystemInit)
    USART1_IRQHandler                        0x0800223d   Thumb Code    48  serial.o(i.USART1_IRQHandler)
    USART_ClearITPendingBit                  0x08002275   Thumb Code    16  stm32f10x_usart.o(i.USART_ClearITPendingBit)
    USART_Cmd                                0x08002285   Thumb Code    24  stm32f10x_usart.o(i.USART_Cmd)
    USART_GetFlagStatus                      0x0800229d   Thumb Code    14  stm32f10x_usart.o(i.USART_GetFlagStatus)
    USART_GetITStatus                        0x080022ab   Thumb Code    64  stm32f10x_usart.o(i.USART_GetITStatus)
    USART_ITConfig                           0x080022eb   Thumb Code    54  stm32f10x_usart.o(i.USART_ITConfig)
    USART_Init                               0x08002321   Thumb Code   182  stm32f10x_usart.o(i.USART_Init)
    USART_ReceiveData                        0x080023dd   Thumb Code     8  stm32f10x_usart.o(i.USART_ReceiveData)
    USART_SendData                           0x080023e5   Thumb Code     8  stm32f10x_usart.o(i.USART_SendData)
    UsageFault_Handler                       0x080023ed   Thumb Code     2  stm32f10x_it.o(i.UsageFault_Handler)
    W_Buf                                    0x080023ef   Thumb Code    48  nrf24l01.o(i.W_Buf)
    W_CE                                     0x08002421   Thumb Code    10  nrf24l01.o(i.W_CE)
    W_CSN                                    0x08002431   Thumb Code    10  nrf24l01.o(i.W_CSN)
    W_MOSI                                   0x08002441   Thumb Code    10  nrf24l01.o(i.W_MOSI)
    W_Reg                                    0x08002451   Thumb Code    34  nrf24l01.o(i.W_Reg)
    W_SCK                                    0x08002475   Thumb Code    10  nrf24l01.o(i.W_SCK)
    __0printf                                0x08002485   Thumb Code    22  printfa.o(i.__0printf)
    __1printf                                0x08002485   Thumb Code     0  printfa.o(i.__0printf)
    __2printf                                0x08002485   Thumb Code     0  printfa.o(i.__0printf)
    __c89printf                              0x08002485   Thumb Code     0  printfa.o(i.__0printf)
    printf                                   0x08002485   Thumb Code     0  printfa.o(i.__0printf)
    __ARM_fpclassify                         0x080024a5   Thumb Code    40  fpclassify.o(i.__ARM_fpclassify)
    __kernel_poly                            0x080024cd   Thumb Code   170  poly.o(i.__kernel_poly)
    __mathlib_dbl_infnan                     0x08002577   Thumb Code     6  dunder.o(i.__mathlib_dbl_infnan)
    __mathlib_dbl_infnan2                    0x0800257d   Thumb Code     4  dunder.o(i.__mathlib_dbl_infnan2)
    __mathlib_dbl_invalid                    0x08002581   Thumb Code    12  dunder.o(i.__mathlib_dbl_invalid)
    __mathlib_dbl_underflow                  0x0800258d   Thumb Code    10  dunder.o(i.__mathlib_dbl_underflow)
    __scatterload_copy                       0x0800259d   Thumb Code    14  handlers.o(i.__scatterload_copy)
    __scatterload_null                       0x080025ab   Thumb Code     2  handlers.o(i.__scatterload_null)
    __scatterload_zeroinit                   0x080025ad   Thumb Code    14  handlers.o(i.__scatterload_zeroinit)
    __set_errno                              0x080025bd   Thumb Code     6  errno.o(i.__set_errno)
    asin                                     0x08002ed9   Thumb Code   572  asin.o(i.asin)
    atan                                     0x08003149   Thumb Code   474  atan.o(i.atan)
    atan2                                    0x08003369   Thumb Code   374  atan2.o(i.atan2)
    dmp_enable_6x_lp_quat                    0x08003541   Thumb Code    60  inv_mpu_dmp_motion_driver.o(i.dmp_enable_6x_lp_quat)
    dmp_enable_feature                       0x0800357d   Thumb Code   484  inv_mpu_dmp_motion_driver.o(i.dmp_enable_feature)
    dmp_enable_gyro_cal                      0x08003769   Thumb Code    62  inv_mpu_dmp_motion_driver.o(i.dmp_enable_gyro_cal)
    dmp_enable_lp_quat                       0x080037c1   Thumb Code    60  inv_mpu_dmp_motion_driver.o(i.dmp_enable_lp_quat)
    dmp_load_motion_driver_firmware          0x080037fd   Thumb Code    16  inv_mpu_dmp_motion_driver.o(i.dmp_load_motion_driver_firmware)
    dmp_read_fifo                            0x08003811   Thumb Code   384  inv_mpu_dmp_motion_driver.o(i.dmp_read_fifo)
    dmp_set_accel_bias                       0x08003995   Thumb Code   262  inv_mpu_dmp_motion_driver.o(i.dmp_set_accel_bias)
    dmp_set_fifo_rate                        0x08003aa1   Thumb Code    96  inv_mpu_dmp_motion_driver.o(i.dmp_set_fifo_rate)
    dmp_set_gyro_bias                        0x08003b11   Thumb Code   256  inv_mpu_dmp_motion_driver.o(i.dmp_set_gyro_bias)
    dmp_set_orientation                      0x08003c19   Thumb Code   260  inv_mpu_dmp_motion_driver.o(i.dmp_set_orientation)
    dmp_set_shake_reject_thresh              0x08003d31   Thumb Code    48  inv_mpu_dmp_motion_driver.o(i.dmp_set_shake_reject_thresh)
    dmp_set_shake_reject_time                0x08003d61   Thumb Code    32  inv_mpu_dmp_motion_driver.o(i.dmp_set_shake_reject_time)
    dmp_set_shake_reject_timeout             0x08003d81   Thumb Code    32  inv_mpu_dmp_motion_driver.o(i.dmp_set_shake_reject_timeout)
    dmp_set_tap_axes                         0x08003da1   Thumb Code    56  inv_mpu_dmp_motion_driver.o(i.dmp_set_tap_axes)
    dmp_set_tap_count                        0x08003dd9   Thumb Code    34  inv_mpu_dmp_motion_driver.o(i.dmp_set_tap_count)
    dmp_set_tap_thresh                       0x08003dfd   Thumb Code   334  inv_mpu_dmp_motion_driver.o(i.dmp_set_tap_thresh)
    dmp_set_tap_time                         0x08003f61   Thumb Code    32  inv_mpu_dmp_motion_driver.o(i.dmp_set_tap_time)
    dmp_set_tap_time_multi                   0x08003f81   Thumb Code    32  inv_mpu_dmp_motion_driver.o(i.dmp_set_tap_time_multi)
    fputc                                    0x08003fa1   Thumb Code    14  serial.o(i.fputc)
    main                                     0x0800457d   Thumb Code   686  main.o(i.main)
    mget_ms                                  0x080048a5   Thumb Code     2  inv_mpu.o(i.mget_ms)
    mpu_configure_fifo                       0x080048a9   Thumb Code    90  inv_mpu.o(i.mpu_configure_fifo)
    mpu_get_accel_fsr                        0x08004909   Thumb Code    62  inv_mpu.o(i.mpu_get_accel_fsr)
    mpu_get_accel_sens                       0x0800494d   Thumb Code    70  inv_mpu.o(i.mpu_get_accel_sens)
    mpu_get_fifo_config                      0x08004999   Thumb Code    10  inv_mpu.o(i.mpu_get_fifo_config)
    mpu_get_gyro_fsr                         0x080049a9   Thumb Code    58  inv_mpu.o(i.mpu_get_gyro_fsr)
    mpu_get_gyro_sens                        0x080049e9   Thumb Code    52  inv_mpu.o(i.mpu_get_gyro_sens)
    mpu_get_lpf                              0x08004a31   Thumb Code    64  inv_mpu.o(i.mpu_get_lpf)
    mpu_get_sample_rate                      0x08004a75   Thumb Code    24  inv_mpu.o(i.mpu_get_sample_rate)
    mpu_init                                 0x08004a91   Thumb Code   346  inv_mpu.o(i.mpu_init)
    mpu_load_firmware                        0x08004c3d   Thumb Code   174  inv_mpu.o(i.mpu_load_firmware)
    mpu_lp_accel_mode                        0x08004cf1   Thumb Code   204  inv_mpu.o(i.mpu_lp_accel_mode)
    mpu_read_fifo_stream                     0x08004dc1   Thumb Code   166  inv_mpu.o(i.mpu_read_fifo_stream)
    mpu_read_mem                             0x08004e6d   Thumb Code   106  inv_mpu.o(i.mpu_read_mem)
    mpu_reset_fifo                           0x08004edd   Thumb Code   360  inv_mpu.o(i.mpu_reset_fifo)
    mpu_run_self_test                        0x08005049   Thumb Code   244  inv_mpu.o(i.mpu_run_self_test)
    mpu_set_accel_fsr                        0x08005141   Thumb Code   110  inv_mpu.o(i.mpu_set_accel_fsr)
    mpu_set_bypass                           0x080051b5   Thumb Code   276  inv_mpu.o(i.mpu_set_bypass)
    mpu_set_dmp_state                        0x080052cd   Thumb Code   118  inv_mpu.o(i.mpu_set_dmp_state)
    mpu_set_gyro_fsr                         0x08005349   Thumb Code   116  inv_mpu.o(i.mpu_set_gyro_fsr)
    mpu_set_int_latched                      0x080053c1   Thumb Code    92  inv_mpu.o(i.mpu_set_int_latched)
    mpu_set_lpf                              0x08005421   Thumb Code   118  inv_mpu.o(i.mpu_set_lpf)
    mpu_set_sample_rate                      0x0800549d   Thumb Code   126  inv_mpu.o(i.mpu_set_sample_rate)
    mpu_set_sensors                          0x08005521   Thumb Code   172  inv_mpu.o(i.mpu_set_sensors)
    mpu_write_mem                            0x080055d1   Thumb Code   106  inv_mpu.o(i.mpu_write_mem)
    sqrt                                     0x08005741   Thumb Code    76  sqrt.o(i.sqrt)
    OLED_F8x16                               0x0800578c   Data        1520  oled_data.o(.constdata)
    OLED_F6x8                                0x08005d7c   Data         570  oled_data.o(.constdata)
    reg                                      0x08005fb6   Data          27  inv_mpu.o(.constdata)
    hw                                       0x08005fd2   Data          12  inv_mpu.o(.constdata)
    test                                     0x08005fe0   Data          40  inv_mpu.o(.constdata)
    __mathlib_zero                           0x08006ce8   Data           8  qnan.o(.constdata)
    Region$$Table$$Base                      0x08006d40   Number         0  anon$$obj.o(Region$$Table)
    Region$$Table$$Limit                     0x08006d60   Number         0  anon$$obj.o(Region$$Table)
    mpu_data_ready                           0x20000000   Data           1  main.o(.data)
    Control_Flag                             0x20000001   Data           1  main.o(.data)
    NRF_TXFlag                               0x20000002   Data           1  main.o(.data)
    Target_Value1                            0x20000004   Data           2  main.o(.data)
    Target_Value2                            0x20000006   Data           2  main.o(.data)
    Target_Value3                            0x20000008   Data           2  main.o(.data)
    Target_Value4                            0x2000000a   Data           2  main.o(.data)
    Target_Value5                            0x2000000c   Data           2  main.o(.data)
    pitch                                    0x20000010   Data           4  main.o(.data)
    roll                                     0x20000014   Data           4  main.o(.data)
    yaw                                      0x20000018   Data           4  main.o(.data)
    pitch_filt                               0x2000001c   Data           4  main.o(.data)
    roll_filt                                0x20000020   Data           4  main.o(.data)
    Target_Value1_f                          0x20000024   Data           4  main.o(.data)
    Target_Value2_f                          0x20000028   Data           4  main.o(.data)
    systick_ms                               0x2000002c   Data           4  stm32f10x_it.o(.data)
    SystemCoreClock                          0x20000044   Data           4  system_stm32f10x.o(.data)
    AHBPrescTable                            0x20000048   Data          16  system_stm32f10x.o(.data)
    T_ADDR                                   0x20000058   Data           5  nrf24l01.o(.data)
    R_ADDR                                   0x2000005d   Data           5  nrf24l01.o(.data)
    sensors                                  0x20000064   Data           2  mpu6050.o(.data)
    q0                                       0x20000068   Data           4  mpu6050.o(.data)
    q1                                       0x2000006c   Data           4  mpu6050.o(.data)
    q2                                       0x20000070   Data           4  mpu6050.o(.data)
    q3                                       0x20000074   Data           4  mpu6050.o(.data)
    gyro                                     0x20000078   Data           6  mpu6050.o(.data)
    accel                                    0x2000007e   Data           6  mpu6050.o(.data)
    Serial_RxData                            0x200000c5   Data           1  serial.o(.data)
    Serial_RxFlag                            0x200000c6   Data           1  serial.o(.data)
    __stdout                                 0x200000c8   Data           4  stdout.o(.data)
    NRFCONTROL_Val                           0x200000d0   Data          32  main.o(.bss)
    key_UP                                   0x200000f0   Data          12  main.o(.bss)
    key_DOWN                                 0x200000fc   Data          12  main.o(.bss)
    key_LEFT                                 0x20000108   Data          12  main.o(.bss)
    key_RIGHT                                0x20000114   Data          12  main.o(.bss)
    key_MODE                                 0x20000120   Data          12  main.o(.bss)
    pitch_f                                  0x2000012c   Data          48  main.o(.bss)
    roll_f                                   0x2000015c   Data          48  main.o(.bss)
    OLED_DisplayBuf                          0x2000018c   Data        1024  oled.o(.bss)
    AD_Value                                 0x2000058c   Data          10  adc_control.o(.bss)
    __initial_sp                             0x200009a8   Data           0  startup_stm32f10x_md.o(STACK)



==============================================================================

Memory Map of the image

  Image Entry point : 0x080000ed

  Load Region LR_IROM1 (Base: 0x08000000, Size: 0x00006e30, Max: 0x00010000, ABSOLUTE)

    Execution Region ER_IROM1 (Exec base: 0x08000000, Load base: 0x08000000, Size: 0x00006d60, Max: 0x00010000, ABSOLUTE)

    Exec Addr    Load Addr    Size         Type   Attr      Idx    E Section Name        Object

    0x08000000   0x08000000   0x000000ec   Data   RO         3277    RESET               startup_stm32f10x_md.o
    0x080000ec   0x080000ec   0x00000000   Code   RO         4733  * .ARM.Collect$$$$00000000  mc_w.l(entry.o)
    0x080000ec   0x080000ec   0x00000004   Code   RO         5080    .ARM.Collect$$$$00000001  mc_w.l(entry2.o)
    0x080000f0   0x080000f0   0x00000004   Code   RO         5083    .ARM.Collect$$$$00000004  mc_w.l(entry5.o)
    0x080000f4   0x080000f4   0x00000000   Code   RO         5085    .ARM.Collect$$$$00000008  mc_w.l(entry7b.o)
    0x080000f4   0x080000f4   0x00000000   Code   RO         5087    .ARM.Collect$$$$0000000A  mc_w.l(entry8b.o)
    0x080000f4   0x080000f4   0x00000008   Code   RO         5088    .ARM.Collect$$$$0000000B  mc_w.l(entry9a.o)
    0x080000fc   0x080000fc   0x00000004   Code   RO         5095    .ARM.Collect$$$$0000000E  mc_w.l(entry12b.o)
    0x08000100   0x08000100   0x00000000   Code   RO         5090    .ARM.Collect$$$$0000000F  mc_w.l(entry10a.o)
    0x08000100   0x08000100   0x00000000   Code   RO         5092    .ARM.Collect$$$$00000011  mc_w.l(entry11a.o)
    0x08000100   0x08000100   0x00000004   Code   RO         5081    .ARM.Collect$$$$00002712  mc_w.l(entry2.o)
    0x08000104   0x08000104   0x00000024   Code   RO         3278    .text               startup_stm32f10x_md.o
    0x08000128   0x08000128   0x00000062   Code   RO         4736    .text               mc_w.l(ldiv.o)
    0x0800018a   0x0800018a   0x00000024   Code   RO         4738    .text               mc_w.l(memseta.o)
    0x080001ae   0x080001ae   0x0000001a   Code   RO         4742    .text               mc_w.l(memcmp.o)
    0x080001c8   0x080001c8   0x000000b0   Code   RO         5005    .text               mf_w.l(fadd.o)
    0x08000278   0x08000278   0x00000064   Code   RO         5007    .text               mf_w.l(fmul.o)
    0x080002dc   0x080002dc   0x0000007c   Code   RO         5009    .text               mf_w.l(fdiv.o)
    0x08000358   0x08000358   0x00000018   Code   RO         5011    .text               mf_w.l(fscalb.o)
    0x08000370   0x08000370   0x0000014e   Code   RO         5013    .text               mf_w.l(dadd.o)
    0x080004be   0x080004be   0x000000e4   Code   RO         5015    .text               mf_w.l(dmul.o)
    0x080005a2   0x080005a2   0x000000de   Code   RO         5017    .text               mf_w.l(ddiv.o)
    0x08000680   0x08000680   0x00000012   Code   RO         5019    .text               mf_w.l(fflti.o)
    0x08000692   0x08000692   0x0000000a   Code   RO         5021    .text               mf_w.l(ffltui.o)
    0x0800069c   0x0800069c   0x0000001a   Code   RO         5025    .text               mf_w.l(dfltui.o)
    0x080006b6   0x080006b6   0x00000032   Code   RO         5027    .text               mf_w.l(ffixi.o)
    0x080006e8   0x080006e8   0x00000028   Code   RO         5029    .text               mf_w.l(ffixui.o)
    0x08000710   0x08000710   0x00000032   Code   RO         5033    .text               mf_w.l(dfixui.o)
    0x08000742   0x08000742   0x00000026   Code   RO         5035    .text               mf_w.l(f2d.o)
    0x08000768   0x08000768   0x00000030   Code   RO         5037    .text               mf_w.l(cdcmple.o)
    0x08000798   0x08000798   0x00000030   Code   RO         5039    .text               mf_w.l(cdrcmple.o)
    0x080007c8   0x080007c8   0x00000038   Code   RO         5041    .text               mf_w.l(d2f.o)
    0x08000800   0x08000800   0x0000002c   Code   RO         5097    .text               mc_w.l(uidiv.o)
    0x0800082c   0x0800082c   0x00000062   Code   RO         5099    .text               mc_w.l(uldiv.o)
    0x0800088e   0x0800088e   0x0000001e   Code   RO         5101    .text               mc_w.l(llshl.o)
    0x080008ac   0x080008ac   0x00000020   Code   RO         5103    .text               mc_w.l(llushr.o)
    0x080008cc   0x080008cc   0x00000024   Code   RO         5105    .text               mc_w.l(llsshr.o)
    0x080008f0   0x080008f0   0x00000000   Code   RO         5114    .text               mc_w.l(iusefp.o)
    0x080008f0   0x080008f0   0x0000006e   Code   RO         5115    .text               mf_w.l(fepilogue.o)
    0x0800095e   0x0800095e   0x000000ba   Code   RO         5117    .text               mf_w.l(depilogue.o)
    0x08000a18   0x08000a18   0x0000002e   Code   RO         5119    .text               mf_w.l(dscalb.o)
    0x08000a46   0x08000a46   0x00000030   Code   RO         5121    .text               mf_w.l(dfixul.o)
    0x08000a76   0x08000a76   0x00000002   PAD
    0x08000a78   0x08000a78   0x00000024   Code   RO         5123    .text               mc_w.l(init.o)
    0x08000a9c   0x08000a9c   0x000000a2   Code   RO         5125    .text               mf_w.l(dsqrt.o)
    0x08000b3e   0x08000b3e   0x00000018   Code   RO          273    i.ADC_Cmd           stm32f10x_adc.o
    0x08000b56   0x08000b56   0x00000018   Code   RO          274    i.ADC_DMACmd        stm32f10x_adc.o
    0x08000b6e   0x08000b6e   0x0000000e   Code   RO          281    i.ADC_GetCalibrationStatus  stm32f10x_adc.o
    0x08000b7c   0x08000b7c   0x0000000e   Code   RO          287    i.ADC_GetResetCalibrationStatus  stm32f10x_adc.o
    0x08000b8a   0x08000b8a   0x00000002   PAD
    0x08000b8c   0x08000b8c   0x00000048   Code   RO          291    i.ADC_Init          stm32f10x_adc.o
    0x08000bd4   0x08000bd4   0x00000074   Code   RO          295    i.ADC_RegularChannelConfig  stm32f10x_adc.o
    0x08000c48   0x08000c48   0x0000000a   Code   RO          296    i.ADC_ResetCalibration  stm32f10x_adc.o
    0x08000c52   0x08000c52   0x00000018   Code   RO          298    i.ADC_SoftwareStartConvCmd  stm32f10x_adc.o
    0x08000c6a   0x08000c6a   0x0000000a   Code   RO          300    i.ADC_StartCalibration  stm32f10x_adc.o
    0x08000c74   0x08000c74   0x00000002   Code   RO          161    i.BusFault_Handler  stm32f10x_it.o
    0x08000c76   0x08000c76   0x0000001a   Code   RO          979    i.DMA_Cmd           stm32f10x_dma.o
    0x08000c90   0x08000c90   0x0000003a   Code   RO          985    i.DMA_Init          stm32f10x_dma.o
    0x08000cca   0x08000cca   0x00000002   PAD
    0x08000ccc   0x08000ccc   0x000000a4   Code   RO         4007    i.DMP_Init          mpu6050.o
    0x08000d70   0x08000d70   0x00000024   Code   RO         3335    i.DWT_Delay_Init    delay.o
    0x08000d94   0x08000d94   0x00000002   Code   RO          162    i.DebugMon_Handler  stm32f10x_it.o
    0x08000d96   0x08000d96   0x00000018   Code   RO         3336    i.Delay_ms          delay.o
    0x08000dae   0x08000dae   0x00000002   PAD
    0x08000db0   0x08000db0   0x00000028   Code   RO         3338    i.Delay_us          delay.o
    0x08000dd8   0x08000dd8   0x00000024   Code   RO            1    i.EXTI15_10_IRQHandler  main.o
    0x08000dfc   0x08000dfc   0x0000000c   Code   RO         1053    i.EXTI_ClearITPendingBit  stm32f10x_exti.o
    0x08000e08   0x08000e08   0x00000014   Code   RO         1056    i.EXTI_GetFlagStatus  stm32f10x_exti.o
    0x08000e1c   0x08000e1c   0x00000074   Code   RO         1058    i.EXTI_Init         stm32f10x_exti.o
    0x08000e90   0x08000e90   0x00000028   Code   RO         1412    i.GPIO_EXTILineConfig  stm32f10x_gpio.o
    0x08000eb8   0x08000eb8   0x000000a6   Code   RO         1415    i.GPIO_Init         stm32f10x_gpio.o
    0x08000f5e   0x08000f5e   0x00000002   PAD
    0x08000f60   0x08000f60   0x0000005c   Code   RO         1417    i.GPIO_PinRemapConfig  stm32f10x_gpio.o
    0x08000fbc   0x08000fbc   0x0000000e   Code   RO         1419    i.GPIO_ReadInputDataBit  stm32f10x_gpio.o
    0x08000fca   0x08000fca   0x00000004   Code   RO         1422    i.GPIO_ResetBits    stm32f10x_gpio.o
    0x08000fce   0x08000fce   0x00000004   Code   RO         1423    i.GPIO_SetBits      stm32f10x_gpio.o
    0x08000fd2   0x08000fd2   0x0000000c   Code   RO         1426    i.GPIO_WriteBit     stm32f10x_gpio.o
    0x08000fde   0x08000fde   0x00000002   Code   RO          163    i.HardFault_Handler  stm32f10x_it.o
    0x08000fe0   0x08000fe0   0x00000034   Code   RO         3926    i.IIC_Init          iic.o
    0x08001014   0x08001014   0x0000001c   Code   RO         3927    i.IIC_R_SDA         iic.o
    0x08001030   0x08001030   0x0000001e   Code   RO         3928    i.IIC_ReceiveAck    iic.o
    0x0800104e   0x0800104e   0x00000032   Code   RO         3929    i.IIC_ReceiveByte   iic.o
    0x08001080   0x08001080   0x00000016   Code   RO         3930    i.IIC_SendAck       iic.o
    0x08001096   0x08001096   0x0000002c   Code   RO         3931    i.IIC_SendByte      iic.o
    0x080010c2   0x080010c2   0x0000001e   Code   RO         3932    i.IIC_Start         iic.o
    0x080010e0   0x080010e0   0x00000018   Code   RO         3933    i.IIC_Stop          iic.o
    0x080010f8   0x080010f8   0x0000001c   Code   RO         3934    i.IIC_W_SCL         iic.o
    0x08001114   0x08001114   0x0000001c   Code   RO         3935    i.IIC_W_SDA         iic.o
    0x08001130   0x08001130   0x0000002c   Code   RO         3728    i.Key_Init          key.o
    0x0800115c   0x0800115c   0x00000094   Code   RO         3729    i.Key_Scan          key.o
    0x080011f0   0x080011f0   0x0000000c   Code   RO         3730    i.Key_StructInit    key.o
    0x080011fc   0x080011fc   0x0000000c   Code   RO         3890    i.LED1_OFF          led.o
    0x08001208   0x08001208   0x0000000c   Code   RO         3891    i.LED1_ON           led.o
    0x08001214   0x08001214   0x0000000c   Code   RO         3892    i.LED2_OFF          led.o
    0x08001220   0x08001220   0x0000000c   Code   RO         3893    i.LED2_ON           led.o
    0x0800122c   0x0800122c   0x00000040   Code   RO         3894    i.LED_Init          led.o
    0x0800126c   0x0800126c   0x000001e0   Code   RO         4008    i.MPU6050_DMP_Get_Data  mpu6050.o
    0x0800144c   0x0800144c   0x00000068   Code   RO         4600    i.MPU6050_EXTI_Init  exti.o
    0x080014b4   0x080014b4   0x00000006   Code   RO         4010    i.MPU6050_GetID     mpu6050.o
    0x080014ba   0x080014ba   0x0000003a   Code   RO         4011    i.MPU6050_Init      mpu6050.o
    0x080014f4   0x080014f4   0x0000006e   Code   RO         3936    i.MPU6050_Read      iic.o
    0x08001562   0x08001562   0x0000003e   Code   RO         4012    i.MPU6050_ReadReg   mpu6050.o
    0x080015a0   0x080015a0   0x00000044   Code   RO         3937    i.MPU6050_Write     iic.o
    0x080015e4   0x080015e4   0x00000030   Code   RO         4013    i.MPU6050_WriteReg  mpu6050.o
    0x08001614   0x08001614   0x00000006   Code   RO         4615    i.MPU_FILTER_Init   filter.o
    0x0800161a   0x0800161a   0x0000006e   Code   RO         4616    i.MPU_FILTER_Update  filter.o
    0x08001688   0x08001688   0x00000036   Code   RO         3866    i.Map_Pote          adc_control.o
    0x080016be   0x080016be   0x00000002   Code   RO          164    i.MemManage_Handler  stm32f10x_it.o
    0x080016c0   0x080016c0   0x00000002   Code   RO          165    i.NMI_Handler       stm32f10x_it.o
    0x080016c2   0x080016c2   0x00000002   PAD
    0x080016c4   0x080016c4   0x00000068   Code   RO         3761    i.NRF24L01_Init     nrf24l01.o
    0x0800172c   0x0800172c   0x000000a0   Code   RO         3762    i.NRF24L01_Pin_Init  nrf24l01.o
    0x080017cc   0x080017cc   0x00000064   Code   RO          228    i.NVIC_Init         misc.o
    0x08001830   0x08001830   0x00000014   Code   RO          229    i.NVIC_PriorityGroupConfig  misc.o
    0x08001844   0x08001844   0x00000064   Code   RO         3465    i.OLED_ClearArea    oled.o
    0x080018a8   0x080018a8   0x0000005c   Code   RO         3473    i.OLED_GPIO_Init    oled.o
    0x08001904   0x08001904   0x0000003a   Code   RO         3475    i.OLED_I2C_SendByte  oled.o
    0x0800193e   0x0800193e   0x0000001e   Code   RO         3476    i.OLED_I2C_Start    oled.o
    0x0800195c   0x0800195c   0x00000018   Code   RO         3477    i.OLED_I2C_Stop     oled.o
    0x08001974   0x08001974   0x00000094   Code   RO         3478    i.OLED_Init         oled.o
    0x08001a08   0x08001a08   0x00000010   Code   RO         3480    i.OLED_Pow          oled.o
    0x08001a18   0x08001a18   0x00000022   Code   RO         3484    i.OLED_SetCursor    oled.o
    0x08001a3a   0x08001a3a   0x00000002   PAD
    0x08001a3c   0x08001a3c   0x0000003c   Code   RO         3486    i.OLED_ShowChar     oled.o
    0x08001a78   0x08001a78   0x000000ba   Code   RO         3488    i.OLED_ShowFloatNum  oled.o
    0x08001b32   0x08001b32   0x00000002   PAD
    0x08001b34   0x08001b34   0x000000a8   Code   RO         3490    i.OLED_ShowImage    oled.o
    0x08001bdc   0x08001bdc   0x00000048   Code   RO         3491    i.OLED_ShowNum      oled.o
    0x08001c24   0x08001c24   0x0000002c   Code   RO         3493    i.OLED_ShowString   oled.o
    0x08001c50   0x08001c50   0x00000028   Code   RO         3494    i.OLED_Update       oled.o
    0x08001c78   0x08001c78   0x00000010   Code   RO         3496    i.OLED_W_SCL        oled.o
    0x08001c88   0x08001c88   0x00000010   Code   RO         3497    i.OLED_W_SDA        oled.o
    0x08001c98   0x08001c98   0x00000022   Code   RO         3498    i.OLED_WriteCommand  oled.o
    0x08001cba   0x08001cba   0x00000030   Code   RO         3499    i.OLED_WriteData    oled.o
    0x08001cea   0x08001cea   0x00000002   Code   RO          166    i.PendSV_Handler    stm32f10x_it.o
    0x08001cec   0x08001cec   0x00000124   Code   RO         3867    i.PowerADC_Init     adc_control.o
    0x08001e10   0x08001e10   0x00000014   Code   RO         1841    i.RCC_ADCCLKConfig  stm32f10x_rcc.o
    0x08001e24   0x08001e24   0x0000001c   Code   RO         1842    i.RCC_AHBPeriphClockCmd  stm32f10x_rcc.o
    0x08001e40   0x08001e40   0x0000001c   Code   RO         1845    i.RCC_APB2PeriphClockCmd  stm32f10x_rcc.o
    0x08001e5c   0x08001e5c   0x000000ac   Code   RO         1853    i.RCC_GetClocksFreq  stm32f10x_rcc.o
    0x08001f08   0x08001f08   0x0000000c   Code   RO         3764    i.R_IRQ             nrf24l01.o
    0x08001f14   0x08001f14   0x0000000c   Code   RO         3765    i.R_MISO            nrf24l01.o
    0x08001f20   0x08001f20   0x00000022   Code   RO         3766    i.R_Reg             nrf24l01.o
    0x08001f42   0x08001f42   0x0000003e   Code   RO         3768    i.SPI_SwapByte      nrf24l01.o
    0x08001f80   0x08001f80   0x00000002   Code   RO          167    i.SVC_Handler       stm32f10x_it.o
    0x08001f82   0x08001f82   0x0000005c   Code   RO         3769    i.Send              nrf24l01.o
    0x08001fde   0x08001fde   0x00000002   PAD
    0x08001fe0   0x08001fe0   0x000000ac   Code   RO         4637    i.Serial_Init       serial.o
    0x0800208c   0x0800208c   0x00000020   Code   RO         4641    i.Serial_SendByte   serial.o
    0x080020ac   0x080020ac   0x00000004   Code   RO         3282    i.SetSysClock       system_stm32f10x.o
    0x080020b0   0x080020b0   0x000000b0   Code   RO         3283    i.SetSysClockTo72   system_stm32f10x.o
    0x08002160   0x08002160   0x00000010   Code   RO          168    i.SysTick_Handler   stm32f10x_it.o
    0x08002170   0x08002170   0x0000007c   Code   RO         3284    i.SystemCoreClockUpdate  system_stm32f10x.o
    0x080021ec   0x080021ec   0x00000050   Code   RO         3285    i.SystemInit        system_stm32f10x.o
    0x0800223c   0x0800223c   0x00000038   Code   RO         4645    i.USART1_IRQHandler  serial.o
    0x08002274   0x08002274   0x00000010   Code   RO         3025    i.USART_ClearITPendingBit  stm32f10x_usart.o
    0x08002284   0x08002284   0x00000018   Code   RO         3028    i.USART_Cmd         stm32f10x_usart.o
    0x0800229c   0x0800229c   0x0000000e   Code   RO         3031    i.USART_GetFlagStatus  stm32f10x_usart.o
    0x080022aa   0x080022aa   0x00000040   Code   RO         3032    i.USART_GetITStatus  stm32f10x_usart.o
    0x080022ea   0x080022ea   0x00000036   Code   RO         3034    i.USART_ITConfig    stm32f10x_usart.o
    0x08002320   0x08002320   0x000000bc   Code   RO         3035    i.USART_Init        stm32f10x_usart.o
    0x080023dc   0x080023dc   0x00000008   Code   RO         3042    i.USART_ReceiveData  stm32f10x_usart.o
    0x080023e4   0x080023e4   0x00000008   Code   RO         3045    i.USART_SendData    stm32f10x_usart.o
    0x080023ec   0x080023ec   0x00000002   Code   RO          169    i.UsageFault_Handler  stm32f10x_it.o
    0x080023ee   0x080023ee   0x00000030   Code   RO         3770    i.W_Buf             nrf24l01.o
    0x0800241e   0x0800241e   0x00000002   PAD
    0x08002420   0x08002420   0x00000010   Code   RO         3771    i.W_CE              nrf24l01.o
    0x08002430   0x08002430   0x00000010   Code   RO         3772    i.W_CSN             nrf24l01.o
    0x08002440   0x08002440   0x00000010   Code   RO         3773    i.W_MOSI            nrf24l01.o
    0x08002450   0x08002450   0x00000022   Code   RO         3774    i.W_Reg             nrf24l01.o
    0x08002472   0x08002472   0x00000002   PAD
    0x08002474   0x08002474   0x00000010   Code   RO         3775    i.W_SCK             nrf24l01.o
    0x08002484   0x08002484   0x00000020   Code   RO         4977    i.__0printf         mc_w.l(printfa.o)
    0x080024a4   0x080024a4   0x00000028   Code   RO         5067    i.__ARM_fpclassify  m_ws.l(fpclassify.o)
    0x080024cc   0x080024cc   0x000000aa   Code   RO         5069    i.__kernel_poly     m_ws.l(poly.o)
    0x08002576   0x08002576   0x00000006   Code   RO         5054    i.__mathlib_dbl_infnan  m_ws.l(dunder.o)
    0x0800257c   0x0800257c   0x00000004   Code   RO         5055    i.__mathlib_dbl_infnan2  m_ws.l(dunder.o)
    0x08002580   0x08002580   0x0000000c   Code   RO         5056    i.__mathlib_dbl_invalid  m_ws.l(dunder.o)
    0x0800258c   0x0800258c   0x00000010   Code   RO         5059    i.__mathlib_dbl_underflow  m_ws.l(dunder.o)
    0x0800259c   0x0800259c   0x0000000e   Code   RO         5129    i.__scatterload_copy  mc_w.l(handlers.o)
    0x080025aa   0x080025aa   0x00000002   Code   RO         5130    i.__scatterload_null  mc_w.l(handlers.o)
    0x080025ac   0x080025ac   0x0000000e   Code   RO         5131    i.__scatterload_zeroinit  mc_w.l(handlers.o)
    0x080025ba   0x080025ba   0x00000002   PAD
    0x080025bc   0x080025bc   0x0000000c   Code   RO         5109    i.__set_errno       mc_w.l(errno.o)
    0x080025c8   0x080025c8   0x00000184   Code   RO         4984    i._fp_digits        mc_w.l(printfa.o)
    0x0800274c   0x0800274c   0x000006b4   Code   RO         4985    i._printf_core      mc_w.l(printfa.o)
    0x08002e00   0x08002e00   0x00000024   Code   RO         4986    i._printf_post_padding  mc_w.l(printfa.o)
    0x08002e24   0x08002e24   0x0000002e   Code   RO         4987    i._printf_pre_padding  mc_w.l(printfa.o)
    0x08002e52   0x08002e52   0x00000002   PAD
    0x08002e54   0x08002e54   0x00000084   Code   RO         4082    i.accel_self_test   inv_mpu.o
    0x08002ed8   0x08002ed8   0x00000270   Code   RO         4716    i.asin              m_ws.l(asin.o)
    0x08003148   0x08003148   0x00000220   Code   RO         5044    i.atan              m_ws.l(atan.o)
    0x08003368   0x08003368   0x0000019c   Code   RO         4726    i.atan2             m_ws.l(atan2.o)
    0x08003504   0x08003504   0x0000003c   Code   RO         4418    i.decode_gesture    inv_mpu_dmp_motion_driver.o
    0x08003540   0x08003540   0x0000003c   Code   RO         4419    i.dmp_enable_6x_lp_quat  inv_mpu_dmp_motion_driver.o
    0x0800357c   0x0800357c   0x000001ec   Code   RO         4420    i.dmp_enable_feature  inv_mpu_dmp_motion_driver.o
    0x08003768   0x08003768   0x00000058   Code   RO         4421    i.dmp_enable_gyro_cal  inv_mpu_dmp_motion_driver.o
    0x080037c0   0x080037c0   0x0000003c   Code   RO         4422    i.dmp_enable_lp_quat  inv_mpu_dmp_motion_driver.o
    0x080037fc   0x080037fc   0x00000014   Code   RO         4427    i.dmp_load_motion_driver_firmware  inv_mpu_dmp_motion_driver.o
    0x08003810   0x08003810   0x00000184   Code   RO         4428    i.dmp_read_fifo     inv_mpu_dmp_motion_driver.o
    0x08003994   0x08003994   0x0000010c   Code   RO         4431    i.dmp_set_accel_bias  inv_mpu_dmp_motion_driver.o
    0x08003aa0   0x08003aa0   0x00000070   Code   RO         4432    i.dmp_set_fifo_rate  inv_mpu_dmp_motion_driver.o
    0x08003b10   0x08003b10   0x00000108   Code   RO         4433    i.dmp_set_gyro_bias  inv_mpu_dmp_motion_driver.o
    0x08003c18   0x08003c18   0x00000118   Code   RO         4435    i.dmp_set_orientation  inv_mpu_dmp_motion_driver.o
    0x08003d30   0x08003d30   0x00000030   Code   RO         4438    i.dmp_set_shake_reject_thresh  inv_mpu_dmp_motion_driver.o
    0x08003d60   0x08003d60   0x00000020   Code   RO         4439    i.dmp_set_shake_reject_time  inv_mpu_dmp_motion_driver.o
    0x08003d80   0x08003d80   0x00000020   Code   RO         4440    i.dmp_set_shake_reject_timeout  inv_mpu_dmp_motion_driver.o
    0x08003da0   0x08003da0   0x00000038   Code   RO         4441    i.dmp_set_tap_axes  inv_mpu_dmp_motion_driver.o
    0x08003dd8   0x08003dd8   0x00000022   Code   RO         4442    i.dmp_set_tap_count  inv_mpu_dmp_motion_driver.o
    0x08003dfa   0x08003dfa   0x00000002   PAD
    0x08003dfc   0x08003dfc   0x00000164   Code   RO         4443    i.dmp_set_tap_thresh  inv_mpu_dmp_motion_driver.o
    0x08003f60   0x08003f60   0x00000020   Code   RO         4444    i.dmp_set_tap_time  inv_mpu_dmp_motion_driver.o
    0x08003f80   0x08003f80   0x00000020   Code   RO         4445    i.dmp_set_tap_time_multi  inv_mpu_dmp_motion_driver.o
    0x08003fa0   0x08003fa0   0x0000000e   Code   RO         4646    i.fputc             serial.o
    0x08003fae   0x08003fae   0x00000002   PAD
    0x08003fb0   0x08003fb0   0x000000ac   Code   RO         4083    i.get_accel_prod_shift  inv_mpu.o
    0x0800405c   0x0800405c   0x000003d8   Code   RO         4084    i.get_st_biases     inv_mpu.o
    0x08004434   0x08004434   0x000000dc   Code   RO         4085    i.gyro_self_test    inv_mpu.o
    0x08004510   0x08004510   0x00000024   Code   RO         4014    i.inv_orientation_matrix_to_scalar  mpu6050.o
    0x08004534   0x08004534   0x00000048   Code   RO         4015    i.inv_row_2_scale   mpu6050.o
    0x0800457c   0x0800457c   0x00000328   Code   RO            2    i.main              main.o
    0x080048a4   0x080048a4   0x00000002   Code   RO         4088    i.mget_ms           inv_mpu.o
    0x080048a6   0x080048a6   0x00000002   PAD
    0x080048a8   0x080048a8   0x00000060   Code   RO         4089    i.mpu_configure_fifo  inv_mpu.o
    0x08004908   0x08004908   0x00000044   Code   RO         4092    i.mpu_get_accel_fsr  inv_mpu.o
    0x0800494c   0x0800494c   0x0000004c   Code   RO         4094    i.mpu_get_accel_sens  inv_mpu.o
    0x08004998   0x08004998   0x00000010   Code   RO         4099    i.mpu_get_fifo_config  inv_mpu.o
    0x080049a8   0x080049a8   0x00000040   Code   RO         4100    i.mpu_get_gyro_fsr  inv_mpu.o
    0x080049e8   0x080049e8   0x00000048   Code   RO         4102    i.mpu_get_gyro_sens  inv_mpu.o
    0x08004a30   0x08004a30   0x00000044   Code   RO         4104    i.mpu_get_lpf       inv_mpu.o
    0x08004a74   0x08004a74   0x0000001c   Code   RO         4106    i.mpu_get_sample_rate  inv_mpu.o
    0x08004a90   0x08004a90   0x000001ac   Code   RO         4108    i.mpu_init          inv_mpu.o
    0x08004c3c   0x08004c3c   0x000000b4   Code   RO         4109    i.mpu_load_firmware  inv_mpu.o
    0x08004cf0   0x08004cf0   0x000000d0   Code   RO         4110    i.mpu_lp_accel_mode  inv_mpu.o
    0x08004dc0   0x08004dc0   0x000000ac   Code   RO         4113    i.mpu_read_fifo_stream  inv_mpu.o
    0x08004e6c   0x08004e6c   0x00000070   Code   RO         4114    i.mpu_read_mem      inv_mpu.o
    0x08004edc   0x08004edc   0x0000016c   Code   RO         4117    i.mpu_reset_fifo    inv_mpu.o
    0x08005048   0x08005048   0x000000f8   Code   RO         4118    i.mpu_run_self_test  inv_mpu.o
    0x08005140   0x08005140   0x00000074   Code   RO         4120    i.mpu_set_accel_fsr  inv_mpu.o
    0x080051b4   0x080051b4   0x00000118   Code   RO         4121    i.mpu_set_bypass    inv_mpu.o
    0x080052cc   0x080052cc   0x0000007c   Code   RO         4123    i.mpu_set_dmp_state  inv_mpu.o
    0x08005348   0x08005348   0x00000078   Code   RO         4124    i.mpu_set_gyro_fsr  inv_mpu.o
    0x080053c0   0x080053c0   0x00000060   Code   RO         4125    i.mpu_set_int_latched  inv_mpu.o
    0x08005420   0x08005420   0x0000007c   Code   RO         4127    i.mpu_set_lpf       inv_mpu.o
    0x0800549c   0x0800549c   0x00000084   Code   RO         4128    i.mpu_set_sample_rate  inv_mpu.o
    0x08005520   0x08005520   0x000000b0   Code   RO         4129    i.mpu_set_sensors   inv_mpu.o
    0x080055d0   0x080055d0   0x00000070   Code   RO         4130    i.mpu_write_mem     inv_mpu.o
    0x08005640   0x08005640   0x0000007a   Code   RO         4016    i.run_self_test1    mpu6050.o
    0x080056ba   0x080056ba   0x00000010   Code   RO         3731    i.safe_time_diff    key.o
    0x080056ca   0x080056ca   0x00000002   PAD
    0x080056cc   0x080056cc   0x00000074   Code   RO         4132    i.set_int_enable    inv_mpu.o
    0x08005740   0x08005740   0x0000004c   Code   RO         5073    i.sqrt              m_ws.l(sqrt.o)
    0x0800578c   0x0800578c   0x000005f0   Data   RO         3713    .constdata          oled_data.o
    0x08005d7c   0x08005d7c   0x0000023a   Data   RO         3714    .constdata          oled_data.o
    0x08005fb6   0x08005fb6   0x0000001b   Data   RO         4134    .constdata          inv_mpu.o
    0x08005fd1   0x08005fd1   0x00000001   PAD
    0x08005fd2   0x08005fd2   0x0000000c   Data   RO         4135    .constdata          inv_mpu.o
    0x08005fde   0x08005fde   0x00000002   PAD
    0x08005fe0   0x08005fe0   0x00000028   Data   RO         4136    .constdata          inv_mpu.o
    0x08006008   0x08006008   0x00000bf6   Data   RO         4447    .constdata          inv_mpu_dmp_motion_driver.o
    0x08006bfe   0x08006bfe   0x00000002   PAD
    0x08006c00   0x08006c00   0x00000050   Data   RO         4717    .constdata          m_ws.l(asin.o)
    0x08006c50   0x08006c50   0x00000098   Data   RO         5045    .constdata          m_ws.l(atan.o)
    0x08006ce8   0x08006ce8   0x00000008   Data   RO         5071    .constdata          m_ws.l(qnan.o)
    0x08006cf0   0x08006cf0   0x0000004d   Data   RO         4137    .conststring        inv_mpu.o
    0x08006d3d   0x08006d3d   0x00000003   PAD
    0x08006d40   0x08006d40   0x00000020   Data   RO         5127    Region$$Table       anon$$obj.o


    Execution Region RW_IRAM1 (Exec base: 0x20000000, Load base: 0x08006d60, Size: 0x000009a8, Max: 0x00005000, ABSOLUTE)

    Exec Addr    Load Addr    Size         Type   Attr      Idx    E Section Name        Object

    0x20000000   0x08006d60   0x0000002c   Data   RW            5    .data               main.o
    0x2000002c   0x08006d8c   0x00000004   Data   RW          170    .data               stm32f10x_it.o
    0x20000030   0x08006d90   0x00000014   Data   RW         1873    .data               stm32f10x_rcc.o
    0x20000044   0x08006da4   0x00000014   Data   RW         3286    .data               system_stm32f10x.o
    0x20000058   0x08006db8   0x0000000a   Data   RW         3776    .data               nrf24l01.o
    0x20000062   0x08006dc2   0x00000002   PAD
    0x20000064   0x08006dc4   0x00000029   Data   RW         4017    .data               mpu6050.o
    0x2000008d   0x08006ded   0x00000003   PAD
    0x20000090   0x08006df0   0x00000035   Data   RW         4138    .data               inv_mpu.o
    0x200000c5   0x08006e25   0x00000002   Data   RW         4647    .data               serial.o
    0x200000c7   0x08006e27   0x00000001   PAD
    0x200000c8   0x08006e28   0x00000004   Data   RW         5096    .data               mc_w.l(stdout.o)
    0x200000cc   0x08006e2c   0x00000004   Data   RW         5110    .data               mc_w.l(errno.o)
    0x200000d0        -       0x000000bc   Zero   RW            3    .bss                main.o
    0x2000018c        -       0x00000400   Zero   RW         3501    .bss                oled.o
    0x2000058c        -       0x0000000a   Zero   RW         3868    .bss                adc_control.o
    0x20000596   0x08006e30   0x00000002   PAD
    0x20000598        -       0x00000010   Zero   RW         4446    .bss                inv_mpu_dmp_motion_driver.o
    0x200005a8        -       0x00000400   Zero   RW         3275    STACK               startup_stm32f10x_md.o


==============================================================================

Image component sizes


      Code (inc. data)   RO Data    RW Data    ZI Data      Debug   Object Name

       346         18          0          0         10       1802   adc_control.o
         0          0          0          0          0         32   core_cm3.o
       100         22          0          0          0       1339   delay.o
       104          6          0          0          0        556   exti.o
       116          0          0          0          0       1722   filter.o
       514         22          0          0          0       6309   iic.o
      5106        280        156         53          0      27225   inv_mpu.o
      2714        118       3062          0         16      19778   inv_mpu_dmp_motion_driver.o
       220         10          0          0          0       2916   key.o
       112         24          0          0          0       1929   led.o
       844        128          0         44        188     270600   main.o
       120         14          0          0          0       3039   misc.o
      1048         14          0         41          0       6619   mpu6050.o
       622         44          0         10          0       6915   nrf24l01.o
      1186         38          0          0       1024      11304   oled.o
         0          0       2090          0          0       1022   oled_data.o
       274         24          0          2          0       3590   serial.o
        36          8        236          0       1024        764   startup_stm32f10x_md.o
       308         10          0          0          0      16125   stm32f10x_adc.o
        84          0          0          0          0      12421   stm32f10x_dma.o
       148         16          0          0          0       4098   stm32f10x_exti.o
       332         12          0          0          0      13656   stm32f10x_gpio.o
        32          6          0          4          0       4003   stm32f10x_it.o
       248         36          0         20          0      13500   stm32f10x_rcc.o
       376          6          0          0          0      12599   stm32f10x_usart.o
       384         44          0         20          0       2669   system_stm32f10x.o

    ----------------------------------------------------------------------
     15402        900       5584        200       2264     446532   Object Totals
         0          0         32          0          0          0   (incl. Generated)
        28          0          8          6          2          0   (incl. Padding)

    ----------------------------------------------------------------------

      Code (inc. data)   RO Data    RW Data    ZI Data      Debug   Library Member Name

       624         52         80          0          0        168   asin.o
       544         70        152          0          0        124   atan.o
       412         38          0          0          0        144   atan2.o
        38          6          0          0          0        272   dunder.o
        40          0          0          0          0         68   fpclassify.o
       170          0          0          0          0         96   poly.o
         0          0          8          0          0          0   qnan.o
        76          0          0          0          0         84   sqrt.o
         0          0          0          0          0          0   entry.o
         0          0          0          0          0          0   entry10a.o
         0          0          0          0          0          0   entry11a.o
         4          0          0          0          0          0   entry12b.o
         8          4          0          0          0          0   entry2.o
         4          0          0          0          0          0   entry5.o
         0          0          0          0          0          0   entry7b.o
         0          0          0          0          0          0   entry8b.o
         8          4          0          0          0          0   entry9a.o
        12          6          0          4          0         68   errno.o
        30          0          0          0          0          0   handlers.o
        36          8          0          0          0         68   init.o
         0          0          0          0          0          0   iusefp.o
        98          0          0          0          0         84   ldiv.o
        30          0          0          0          0         68   llshl.o
        36          0          0          0          0         68   llsshr.o
        32          0          0          0          0         68   llushr.o
        26          0          0          0          0         80   memcmp.o
        36          0          0          0          0        108   memseta.o
      2218         90          0          0          0        464   printfa.o
         0          0          0          4          0          0   stdout.o
        44          0          0          0          0         80   uidiv.o
        98          0          0          0          0         92   uldiv.o
        48          0          0          0          0         68   cdcmple.o
        48          0          0          0          0         68   cdrcmple.o
        56          0          0          0          0         88   d2f.o
       334          0          0          0          0        148   dadd.o
       222          0          0          0          0        100   ddiv.o
       186          0          0          0          0        176   depilogue.o
        50          0          0          0          0         76   dfixui.o
        48          0          0          0          0         68   dfixul.o
        26          0          0          0          0         76   dfltui.o
       228          0          0          0          0         96   dmul.o
        46          0          0          0          0         80   dscalb.o
       162          0          0          0          0        100   dsqrt.o
        38          0          0          0          0         68   f2d.o
       176          0          0          0          0        140   fadd.o
       124          0          0          0          0         88   fdiv.o
       110          0          0          0          0        168   fepilogue.o
        50          0          0          0          0         68   ffixi.o
        40          0          0          0          0         68   ffixui.o
        18          0          0          0          0         68   fflti.o
        10          0          0          0          0         68   ffltui.o
       100          0          0          0          0         76   fmul.o
        24          0          0          0          0         68   fscalb.o

    ----------------------------------------------------------------------
      6774        278        240          8          0       4228   Library Totals
         6          0          0          0          0          0   (incl. Padding)

    ----------------------------------------------------------------------

      Code (inc. data)   RO Data    RW Data    ZI Data      Debug   Library Name

      1904        166        240          0          0        956   m_ws.l
      2720        112          0          8          0       1248   mc_w.l
      2144          0          0          0          0       2024   mf_w.l

    ----------------------------------------------------------------------
      6774        278        240          8          0       4228   Library Totals

    ----------------------------------------------------------------------

==============================================================================


      Code (inc. data)   RO Data    RW Data    ZI Data      Debug   

     22176       1178       5824        208       2264     439888   Grand Totals
     22176       1178       5824        208       2264     439888   ELF Image Totals
     22176       1178       5824        208          0          0   ROM Totals

==============================================================================

    Total RO  Size (Code + RO Data)                28000 (  27.34kB)
    Total RW  Size (RW Data + ZI Data)              2472 (   2.41kB)
    Total ROM Size (Code + RO Data + RW Data)      28208 (  27.55kB)

==============================================================================

