Component: ARM Compiler 5.06 update 7 (build 960) Tool: armlink [4d3601]

==============================================================================

Section Cross References

    main.o(i.EXTI15_10_IRQHandler) refers to stm32f10x_exti.o(i.EXTI_GetFlagStatus) for EXTI_GetFlagStatus
    main.o(i.EXTI15_10_IRQHandler) refers to stm32f10x_exti.o(i.EXTI_ClearITPendingBit) for EXTI_ClearITPendingBit
    main.o(i.EXTI15_10_IRQHandler) refers to main.o(.data) for .data
    main.o(i.main) refers to system_stm32f10x.o(i.SystemInit) for SystemInit
    main.o(i.main) refers to delay.o(i.DWT_Delay_Init) for DWT_Delay_Init
    main.o(i.main) refers to mpu6050.o(i.MPU6050_Init) for MPU6050_Init
    main.o(i.main) refers to mpu6050.o(i.DMP_Init) for DMP_Init
    main.o(i.main) refers to exti.o(i.MPU6050_EXTI_Init) for MPU6050_EXTI_Init
    main.o(i.main) refers to led.o(i.LED_Init) for LED_Init
    main.o(i.main) refers to key.o(i.Key_Init) for Key_Init
    main.o(i.main) refers to key.o(i.Key_StructInit) for Key_StructInit
    main.o(i.main) refers to adc_control.o(i.PowerADC_Init) for PowerADC_Init
    main.o(i.main) refers to nrf24l01.o(i.NRF24L01_Init) for NRF24L01_Init
    main.o(i.main) refers to oled.o(i.OLED_Init) for OLED_Init
    main.o(i.main) refers to oled.o(i.OLED_ShowString) for OLED_ShowString
    main.o(i.main) refers to oled.o(i.OLED_Update) for OLED_Update
    main.o(i.main) refers to filter.o(i.MPU_FILTER_Init) for MPU_FILTER_Init
    main.o(i.main) refers to adc_control.o(i.mapJoystickToAngle) for mapJoystickToAngle
    main.o(i.main) refers to mpu6050.o(i.MPU6050_DMP_Get_Data) for MPU6050_DMP_Get_Data
    main.o(i.main) refers to filter.o(i.MPU_FILTER_Update) for MPU_FILTER_Update
    main.o(i.main) refers to fadd.o(.text) for __aeabi_fadd
    main.o(i.main) refers to fdiv.o(.text) for __aeabi_fdiv
    main.o(i.main) refers to fmul.o(.text) for __aeabi_fmul
    main.o(i.main) refers to ffixi.o(.text) for __aeabi_f2iz
    main.o(i.main) refers to oled.o(i.OLED_ShowSignedNum) for OLED_ShowSignedNum
    main.o(i.main) refers to nrf24l01.o(i.Send) for Send
    main.o(i.main) refers to led.o(i.LED1_OFF) for LED1_OFF
    main.o(i.main) refers to led.o(i.LED2_OFF) for LED2_OFF
    main.o(i.main) refers to led.o(i.LED1_ON) for LED1_ON
    main.o(i.main) refers to led.o(i.LED2_ON) for LED2_ON
    main.o(i.main) refers to main.o(.bss) for .bss
    main.o(i.main) refers to main.o(.data) for .data
    main.o(i.main) refers to adc_control.o(.data) for AD_Value
    stm32f10x_it.o(i.SysTick_Handler) refers to stm32f10x_it.o(.data) for .data
    stm32f10x_adc.o(i.ADC_DeInit) refers to stm32f10x_rcc.o(i.RCC_APB2PeriphResetCmd) for RCC_APB2PeriphResetCmd
    stm32f10x_bkp.o(i.BKP_DeInit) refers to stm32f10x_rcc.o(i.RCC_BackupResetCmd) for RCC_BackupResetCmd
    stm32f10x_can.o(i.CAN_DeInit) refers to stm32f10x_rcc.o(i.RCC_APB1PeriphResetCmd) for RCC_APB1PeriphResetCmd
    stm32f10x_can.o(i.CAN_GetITStatus) refers to stm32f10x_can.o(i.CheckITStatus) for CheckITStatus
    stm32f10x_cec.o(i.CEC_DeInit) refers to stm32f10x_rcc.o(i.RCC_APB1PeriphResetCmd) for RCC_APB1PeriphResetCmd
    stm32f10x_dac.o(i.DAC_DeInit) refers to stm32f10x_rcc.o(i.RCC_APB1PeriphResetCmd) for RCC_APB1PeriphResetCmd
    stm32f10x_flash.o(i.FLASH_EnableWriteProtection) refers to stm32f10x_flash.o(i.FLASH_WaitForLastOperation) for FLASH_WaitForLastOperation
    stm32f10x_flash.o(i.FLASH_EraseAllBank1Pages) refers to stm32f10x_flash.o(i.FLASH_WaitForLastBank1Operation) for FLASH_WaitForLastBank1Operation
    stm32f10x_flash.o(i.FLASH_EraseAllPages) refers to stm32f10x_flash.o(i.FLASH_WaitForLastOperation) for FLASH_WaitForLastOperation
    stm32f10x_flash.o(i.FLASH_EraseOptionBytes) refers to stm32f10x_flash.o(i.FLASH_GetReadOutProtectionStatus) for FLASH_GetReadOutProtectionStatus
    stm32f10x_flash.o(i.FLASH_EraseOptionBytes) refers to stm32f10x_flash.o(i.FLASH_WaitForLastOperation) for FLASH_WaitForLastOperation
    stm32f10x_flash.o(i.FLASH_ErasePage) refers to stm32f10x_flash.o(i.FLASH_WaitForLastOperation) for FLASH_WaitForLastOperation
    stm32f10x_flash.o(i.FLASH_ProgramHalfWord) refers to stm32f10x_flash.o(i.FLASH_WaitForLastOperation) for FLASH_WaitForLastOperation
    stm32f10x_flash.o(i.FLASH_ProgramOptionByteData) refers to stm32f10x_flash.o(i.FLASH_WaitForLastOperation) for FLASH_WaitForLastOperation
    stm32f10x_flash.o(i.FLASH_ProgramWord) refers to stm32f10x_flash.o(i.FLASH_WaitForLastOperation) for FLASH_WaitForLastOperation
    stm32f10x_flash.o(i.FLASH_ReadOutProtection) refers to stm32f10x_flash.o(i.FLASH_WaitForLastOperation) for FLASH_WaitForLastOperation
    stm32f10x_flash.o(i.FLASH_UserOptionByteConfig) refers to stm32f10x_flash.o(i.FLASH_WaitForLastOperation) for FLASH_WaitForLastOperation
    stm32f10x_flash.o(i.FLASH_WaitForLastBank1Operation) refers to stm32f10x_flash.o(i.FLASH_GetBank1Status) for FLASH_GetBank1Status
[...]
    i.ADC_ResetCalibration                   0x08000bfc   Section        0  stm32f10x_adc.o(i.ADC_ResetCalibration)
    i.ADC_SoftwareStartConvCmd               0x08000c06   Section        0  stm32f10x_adc.o(i.ADC_SoftwareStartConvCmd)
    i.ADC_StartCalibration                   0x08000c1e   Section        0  stm32f10x_adc.o(i.ADC_StartCalibration)
    i.BusFault_Handler                       0x08000c28   Section        0  stm32f10x_it.o(i.BusFault_Handler)
    i.DMA_Cmd                                0x08000c2a   Section        0  stm32f10x_dma.o(i.DMA_Cmd)
    i.DMA_Init                               0x08000c44   Section        0  stm32f10x_dma.o(i.DMA_Init)
    i.DMP_Init                               0x08000c80   Section        0  mpu6050.o(i.DMP_Init)
    i.DWT_Delay_Init                         0x08000d24   Section        0  delay.o(i.DWT_Delay_Init)
    i.DebugMon_Handler                       0x08000d48   Section        0  stm32f10x_it.o(i.DebugMon_Handler)
    i.Delay_ms                               0x08000d4a   Section        0  delay.o(i.Delay_ms)
    i.Delay_us                               0x08000d64   Section        0  delay.o(i.Delay_us)
    i.EXTI15_10_IRQHandler                   0x08000d8c   Section        0  main.o(i.EXTI15_10_IRQHandler)
    i.EXTI_ClearITPendingBit                 0x08000db0   Section        0  stm32f10x_exti.o(i.EXTI_ClearITPendingBit)
    i.EXTI_GetFlagStatus                     0x08000dbc   Section        0  stm32f10x_exti.o(i.EXTI_GetFlagStatus)
    i.EXTI_Init                              0x08000dd0   Section        0  stm32f10x_exti.o(i.EXTI_Init)
    i.GPIO_EXTILineConfig                    0x08000e44   Section        0  stm32f10x_gpio.o(i.GPIO_EXTILineConfig)
    i.GPIO_Init                              0x08000e6c   Section        0  stm32f10x_gpio.o(i.GPIO_Init)
    i.GPIO_PinRemapConfig                    0x08000f14   Section        0  stm32f10x_gpio.o(i.GPIO_PinRemapConfig)
    i.GPIO_ReadInputDataBit                  0x08000f70   Section        0  stm32f10x_gpio.o(i.GPIO_ReadInputDataBit)
    i.GPIO_ResetBits                         0x08000f7e   Section        0  stm32f10x_gpio.o(i.GPIO_ResetBits)
    i.GPIO_SetBits                           0x08000f82   Section        0  stm32f10x_gpio.o(i.GPIO_SetBits)
    i.GPIO_WriteBit                          0x08000f86   Section        0  stm32f10x_gpio.o(i.GPIO_WriteBit)
    i.HardFault_Handler                      0x08000f92   Section        0  stm32f10x_it.o(i.HardFault_Handler)
    i.IIC_Init                               0x08000f94   Section        0  iic.o(i.IIC_Init)
    i.IIC_R_SDA                              0x08000fcc   Section        0  iic.o(i.IIC_R_SDA)
    i.IIC_ReceiveAck                         0x08000fe8   Section        0  iic.o(i.IIC_ReceiveAck)
    i.IIC_ReceiveByte                        0x08001006   Section        0  iic.o(i.IIC_ReceiveByte)
    i.IIC_SendAck                            0x08001038   Section        0  iic.o(i.IIC_SendAck)
    i.IIC_SendByte                           0x0800104e   Section        0  iic.o(i.IIC_SendByte)
    i.IIC_Start                              0x0800107a   Section        0  iic.o(i.IIC_Start)
    i.IIC_Stop                               0x08001098   Section        0  iic.o(i.IIC_Stop)
    i.IIC_W_SCL                              0x080010b0   Section        0  iic.o(i.IIC_W_SCL)
    i.IIC_W_SDA                              0x080010cc   Section        0  iic.o(i.IIC_W_SDA)
    i.Key_Init                               0x080010e8   Section        0  key.o(i.Key_Init)
    i.Key_StructInit                         0x08001114   Section        0  key.o(i.Key_StructInit)
    i.LED1_OFF                               0x08001120   Section        0  led.o(i.LED1_OFF)
    i.LED1_ON                                0x0800112c   Section        0  led.o(i.LED1_ON)
    i.LED2_OFF                               0x08001138   Section        0  led.o(i.LED2_OFF)
    i.LED2_ON                                0x08001144   Section        0  led.o(i.LED2_ON)
    i.LED_Init                               0x08001150   Section        0  led.o(i.LED_Init)
    i.MPU6050_DMP_Get_Data                   0x08001190   Section        0  mpu6050.o(i.MPU6050_DMP_Get_Data)
    i.MPU6050_EXTI_Init                      0x08001370   Section        0  exti.o(i.MPU6050_EXTI_Init)
    i.MPU6050_GetID                          0x080013d8   Section        0  mpu6050.o(i.MPU6050_GetID)
    i.MPU6050_Init                           0x080013de   Section        0  mpu6050.o(i.MPU6050_Init)
    i.MPU6050_Read                           0x08001418   Section        0  iic.o(i.MPU6050_Read)
    i.MPU6050_ReadReg                        0x08001486   Section        0  mpu6050.o(i.MPU6050_ReadReg)
    i.MPU6050_Write                          0x080014c4   Section        0  iic.o(i.MPU6050_Write)
    i.MPU6050_WriteReg                       0x08001508   Section        0  mpu6050.o(i.MPU6050_WriteReg)
    i.MPU_FILTER_Init                        0x08001538   Section        0  filter.o(i.MPU_FILTER_Init)
    i.MPU_FILTER_Update                      0x0800153e   Section        0  filter.o(i.MPU_FILTER_Update)
    i.MemManage_Handler                      0x080015ac   Section        0  stm32f10x_it.o(i.MemManage_Handler)
    i.NMI_Handler                            0x080015ae   Section        0  stm32f10x_it.o(i.NMI_Handler)
    i.NRF24L01_Init                          0x080015b0   Section        0  nrf24l01.o(i.NRF24L01_Init)
    i.NRF24L01_Pin_Init                      0x08001618   Section        0  nrf24l01.o(i.NRF24L01_Pin_Init)
    i.NVIC_Init                              0x080016b8   Section        0  misc.o(i.NVIC_Init)
    i.OLED_ClearArea                         0x0800171c   Section        0  oled.o(i.OLED_ClearArea)
    i.OLED_GPIO_Init                         0x08001780   Section        0  oled.o(i.OLED_GPIO_Init)
    i.OLED_I2C_SendByte                      0x080017dc   Section        0  oled.o(i.OLED_I2C_SendByte)
    i.OLED_I2C_Start                         0x08001816   Section        0  oled.o(i.OLED_I2C_Start)
    i.OLED_I2C_Stop                          0x08001834   Section        0  oled.o(i.OLED_I2C_Stop)
    i.OLED_Init                              0x0800184c   Section        0  oled.o(i.OLED_Init)
    i.OLED_Pow                               0x080018e0   Section        0  oled.o(i.OLED_Pow)
    i.OLED_SetCursor                         0x080018f0   Section        0  oled.o(i.OLED_SetCursor)
    i.OLED_ShowChar                          0x08001914   Section        0  oled.o(i.OLED_ShowChar)
    i.OLED_ShowImage                         0x08001950   Section        0  oled.o(i.OLED_ShowImage)
    i.OLED_ShowSignedNum                     0x080019f8   Section        0  oled.o(i.OLED_ShowSignedNum)
    i.OLED_ShowString                        0x08001a60   Section        0  oled.o(i.OLED_ShowString)
    i.OLED_Update                            0x08001a8c   Section        0  oled.o(i.OLED_Update)
    i.OLED_W_SCL                             0x08001ab4   Section        0  oled.o(i.OLED_W_SCL)
    i.OLED_W_SDA                             0x08001ac4   Section        0  oled.o(i.OLED_W_SDA)
    i.OLED_WriteCommand                      0x08001ad4   Section        0  oled.o(i.OLED_WriteCommand)
    i.OLED_WriteData                         0x08001af6   Section        0  oled.o(i.OLED_WriteData)
    i.PendSV_Handler                         0x08001b26   Section        0  stm32f10x_it.o(i.PendSV_Handler)
    i.PowerADC_Init                          0x08001b28   Section        0  adc_control.o(i.PowerADC_Init)
    i.RCC_ADCCLKConfig                       0x08001c30   Section        0  stm32f10x_rcc.o(i.RCC_ADCCLKConfig)
    i.RCC_AHBPeriphClockCmd                  0x08001c44   Section        0  stm32f10x_rcc.o(i.RCC_AHBPeriphClockCmd)
    i.RCC_APB2PeriphClockCmd                 0x08001c60   Section        0  stm32f10x_rcc.o(i.RCC_APB2PeriphClockCmd)
    i.R_IRQ                                  0x08001c7c   Section        0  nrf24l01.o(i.R_IRQ)
    i.R_MISO                                 0x08001c88   Section        0  nrf24l01.o(i.R_MISO)
    i.R_Reg                                  0x08001c94   Section        0  nrf24l01.o(i.R_Reg)
    i.SPI_SwapByte                           0x08001cb6   Section        0  nrf24l01.o(i.SPI_SwapByte)
    i.SVC_Handler                            0x08001cf4   Section        0  stm32f10x_it.o(i.SVC_Handler)
    i.Send                                   0x08001cf6   Section        0  nrf24l01.o(i.Send)
    i.SetSysClock                            0x08001d52   Section        0  system_stm32f10x.o(i.SetSysClock)
    SetSysClock                              0x08001d53   Thumb Code     4  system_stm32f10x.o(i.SetSysClock)
    i.SetSysClockTo72                        0x08001d58   Section        0  system_stm32f10x.o(i.SetSysClockTo72)
    SetSysClockTo72                          0x08001d59   Thumb Code   166  system_stm32f10x.o(i.SetSysClockTo72)
    i.SysTick_Handler                        0x08001e08   Section        0  stm32f10x_it.o(i.SysTick_Handler)
    i.SystemInit                             0x08001e18   Section        0  system_stm32f10x.o(i.SystemInit)
    i.UsageFault_Handler                     0x08001e68   Section        0  stm32f10x_it.o(i.UsageFault_Handler)
    i.W_Buf                                  0x08001e6a   Section        0  nrf24l01.o(i.W_Buf)
    i.W_CE                                   0x08001e9c   Section        0  nrf24l01.o(i.W_CE)
    i.W_CSN                                  0x08001eac   Section        0  nrf24l01.o(i.W_CSN)
    i.W_MOSI                                 0x08001ebc   Section        0  nrf24l01.o(i.W_MOSI)
    i.W_Reg                                  0x08001ecc   Section        0  nrf24l01.o(i.W_Reg)
    i.W_SCK                                  0x08001ef0   Section        0  nrf24l01.o(i.W_SCK)
    i.__0printf                              0x08001f00   Section        0  printfa.o(i.__0printf)
    i.__ARM_fpclassify                       0x08001f20   Section        0  fpclassify.o(i.__ARM_fpclassify)
    i.__kernel_poly                          0x08001f48   Section        0  poly.o(i.__kernel_poly)
    i.__mathlib_dbl_infnan                   0x08001ff2   Section        0  dunder.o(i.__mathlib_dbl_infnan)
    i.__mathlib_dbl_infnan2                  0x08001ff8   Section        0  dunder.o(i.__mathlib_dbl_infnan2)
    i.__mathlib_dbl_invalid                  0x08001ffc   Section        0  dunder.o(i.__mathlib_dbl_invalid)
    i.__mathlib_dbl_underflow                0x08002008   Section        0  dunder.o(i.__mathlib_dbl_underflow)
    i.__scatterload_copy                     0x08002018   Section       14  handlers.o(i.__scatterload_copy)
    i.__scatterload_null                     0x08002026   Section        2  handlers.o(i.__scatterload_null)
    i.__scatterload_zeroinit                 0x08002028   Section       14  handlers.o(i.__scatterload_zeroinit)
    i.__set_errno                            0x08002038   Section        0  errno.o(i.__set_errno)
    i._fp_digits                             0x08002044   Section        0  printfa.o(i._fp_digits)
    _fp_digits                               0x08002045   Thumb Code   366  printfa.o(i._fp_digits)
    i._printf_core                           0x080021c8   Section        0  printfa.o(i._printf_core)
    _printf_core                             0x080021c9   Thumb Code  1704  printfa.o(i._printf_core)
    i._printf_post_padding                   0x0800287c   Section        0  printfa.o(i._printf_post_padding)
    _printf_post_padding                     0x0800287d   Thumb Code    36  printfa.o(i._printf_post_padding)
    i._printf_pre_padding                    0x080028a0   Section        0  printfa.o(i._printf_pre_padding)
    _printf_pre_padding                      0x080028a1   Thumb Code    46  printfa.o(i._printf_pre_padding)
    i.accel_self_test                        0x080028d0   Section        0  inv_mpu.o(i.accel_self_test)
    accel_self_test                          0x080028d1   Thumb Code   118  inv_mpu.o(i.accel_self_test)
    i.asin                                   0x08002954   Section        0  asin.o(i.asin)
    i.atan                                   0x08002bc4   Section        0  atan.o(i.atan)
    i.atan2                                  0x08002de4   Section        0  atan2.o(i.atan2)
    i.decode_gesture                         0x08002f80   Section        0  inv_mpu_dmp_motion_driver.o(i.decode_gesture)
    decode_gesture                           0x08002f81   Thumb Code    56  inv_mpu_dmp_motion_driver.o(i.decode_gesture)
    i.dmp_enable_6x_lp_quat                  0x08002fbc   Section        0  inv_mpu_dmp_motion_driver.o(i.dmp_enable_6x_lp_quat)
    i.dmp_enable_feature                     0x08002ff8   Section        0  inv_mpu_dmp_motion_driver.o(i.dmp_enable_feature)
    i.dmp_enable_gyro_cal                    0x080031e4   Section        0  inv_mpu_dmp_motion_driver.o(i.dmp_enable_gyro_cal)
    i.dmp_enable_lp_quat                     0x0800323c   Section        0  inv_mpu_dmp_motion_driver.o(i.dmp_enable_lp_quat)
    i.dmp_load_motion_driver_firmware        0x08003278   Section        0  inv_mpu_dmp_motion_driver.o(i.dmp_load_motion_driver_firmware)
    i.dmp_read_fifo                          0x0800328c   Section        0  inv_mpu_dmp_motion_driver.o(i.dmp_read_fifo)
    i.dmp_set_accel_bias                     0x08003410   Section        0  inv_mpu_dmp_motion_driver.o(i.dmp_set_accel_bias)
    i.dmp_set_fifo_rate                      0x0800351c   Section        0  inv_mpu_dmp_motion_driver.o(i.dmp_set_fifo_rate)
    i.dmp_set_gyro_bias                      0x0800358c   Section        0  inv_mpu_dmp_motion_driver.o(i.dmp_set_gyro_bias)
    i.dmp_set_orientation                    0x08003694   Section        0  inv_mpu_dmp_motion_driver.o(i.dmp_set_orientation)
    i.dmp_set_shake_reject_thresh            0x080037ac   Section        0  inv_mpu_dmp_motion_driver.o(i.dmp_set_shake_reject_thresh)
    i.dmp_set_shake_reject_time              0x080037dc   Section        0  inv_mpu_dmp_motion_driver.o(i.dmp_set_shake_reject_time)
    i.dmp_set_shake_reject_timeout           0x080037fc   Section        0  inv_mpu_dmp_motion_driver.o(i.dmp_set_shake_reject_timeout)
    i.dmp_set_tap_axes                       0x0800381c   Section        0  inv_mpu_dmp_motion_driver.o(i.dmp_set_tap_axes)
    i.dmp_set_tap_count                      0x08003854   Section        0  inv_mpu_dmp_motion_driver.o(i.dmp_set_tap_count)
    i.dmp_set_tap_thresh                     0x08003878   Section        0  inv_mpu_dmp_motion_driver.o(i.dmp_set_tap_thresh)
    i.dmp_set_tap_time                       0x080039dc   Section        0  inv_mpu_dmp_motion_driver.o(i.dmp_set_tap_time)
    i.dmp_set_tap_time_multi                 0x080039fc   Section        0  inv_mpu_dmp_motion_driver.o(i.dmp_set_tap_time_multi)
    i.fputc                                  0x08003a1c   Section        0  fputc.o(i.fputc)
    i.get_accel_prod_shift                   0x08003a30   Section        0  inv_mpu.o(i.get_accel_prod_shift)
    get_accel_prod_shift                     0x08003a31   Thumb Code   158  inv_mpu.o(i.get_accel_prod_shift)
    i.get_st_biases                          0x08003adc   Section        0  inv_mpu.o(i.get_st_biases)
    get_st_biases                            0x08003add   Thumb Code   980  inv_mpu.o(i.get_st_biases)
    i.gyro_self_test                         0x08003eb4   Section        0  inv_mpu.o(i.gyro_self_test)
    gyro_self_test                           0x08003eb5   Thumb Code   200  inv_mpu.o(i.gyro_self_test)
    i.inv_orientation_matrix_to_scalar       0x08003f90   Section        0  mpu6050.o(i.inv_orientation_matrix_to_scalar)
    inv_orientation_matrix_to_scalar         0x08003f91   Thumb Code    36  mpu6050.o(i.inv_orientation_matrix_to_scalar)
    i.inv_row_2_scale                        0x08003fb4   Section        0  mpu6050.o(i.inv_row_2_scale)
    inv_row_2_scale                          0x08003fb5   Thumb Code    72  mpu6050.o(i.inv_row_2_scale)
    i.main                                   0x08003ffc   Section        0  main.o(i.main)
    i.mapJoystickToAngle                     0x08004200   Section        0  adc_control.o(i.mapJoystickToAngle)
    i.mget_ms                                0x08004236   Section        0  inv_mpu.o(i.mget_ms)
    i.mpu_configure_fifo                     0x08004238   Section        0  inv_mpu.o(i.mpu_configure_fifo)
    i.mpu_get_accel_fsr                      0x08004298   Section        0  inv_mpu.o(i.mpu_get_accel_fsr)
    i.mpu_get_accel_sens                     0x080042dc   Section        0  inv_mpu.o(i.mpu_get_accel_sens)
    i.mpu_get_fifo_config                    0x08004328   Section        0  inv_mpu.o(i.mpu_get_fifo_config)
    i.mpu_get_gyro_fsr                       0x08004338   Section        0  inv_mpu.o(i.mpu_get_gyro_fsr)
    i.mpu_get_gyro_sens                      0x08004378   Section        0  inv_mpu.o(i.mpu_get_gyro_sens)
    i.mpu_get_lpf                            0x080043c0   Section        0  inv_mpu.o(i.mpu_get_lpf)
    i.mpu_get_sample_rate                    0x08004404   Section        0  inv_mpu.o(i.mpu_get_sample_rate)
    i.mpu_init                               0x08004420   Section        0  inv_mpu.o(i.mpu_init)
    i.mpu_load_firmware                      0x080045cc   Section        0  inv_mpu.o(i.mpu_load_firmware)
    i.mpu_lp_accel_mode                      0x08004680   Section        0  inv_mpu.o(i.mpu_lp_accel_mode)
    i.mpu_read_fifo_stream                   0x08004750   Section        0  inv_mpu.o(i.mpu_read_fifo_stream)
    i.mpu_read_mem                           0x080047fc   Section        0  inv_mpu.o(i.mpu_read_mem)
    i.mpu_reset_fifo                         0x0800486c   Section        0  inv_mpu.o(i.mpu_reset_fifo)
    i.mpu_run_self_test                      0x080049d8   Section        0  inv_mpu.o(i.mpu_run_self_test)
    i.mpu_set_accel_fsr                      0x08004ad0   Section        0  inv_mpu.o(i.mpu_set_accel_fsr)
    i.mpu_set_bypass                         0x08004b44   Section        0  inv_mpu.o(i.mpu_set_bypass)
    i.mpu_set_dmp_state                      0x08004c5c   Section        0  inv_mpu.o(i.mpu_set_dmp_state)
    i.mpu_set_gyro_fsr                       0x08004cd8   Section        0  inv_mpu.o(i.mpu_set_gyro_fsr)
    i.mpu_set_int_latched                    0x08004d50   Section        0  inv_mpu.o(i.mpu_set_int_latched)
    i.mpu_set_lpf                            0x08004db0   Section        0  inv_mpu.o(i.mpu_set_lpf)
    i.mpu_set_sample_rate                    0x08004e2c   Section        0  inv_mpu.o(i.mpu_set_sample_rate)
    i.mpu_set_sensors                        0x08004eb0   Section        0  inv_mpu.o(i.mpu_set_sensors)
    i.mpu_write_mem                          0x08004f60   Section        0  inv_mpu.o(i.mpu_write_mem)
    i.run_self_test1                         0x08004fd0   Section        0  mpu6050.o(i.run_self_test1)
    run_self_test1                           0x08004fd1   Thumb Code   122  mpu6050.o(i.run_self_test1)
    i.set_int_enable                         0x0800504c   Section        0  inv_mpu.o(i.set_int_enable)
    set_int_enable                           0x0800504d   Thumb Code   112  inv_mpu.o(i.set_int_enable)
    i.sqrt                                   0x080050c0   Section        0  sqrt.o(i.sqrt)
    .constdata                               0x0800510c   Section     1520  oled_data.o(.constdata)
    .constdata                               0x080056fc   Section      570  oled_data.o(.constdata)
    .constdata                               0x08005936   Section       27  inv_mpu.o(.constdata)
    .constdata                               0x08005952   Section       12  inv_mpu.o(.constdata)
    .constdata                               0x08005960   Section       40  inv_mpu.o(.constdata)
    .constdata                               0x08005988   Section     3062  inv_mpu_dmp_motion_driver.o(.constdata)
    dmp_memory                               0x08005988   Data        3062  inv_mpu_dmp_motion_driver.o(.constdata)
    .constdata                               0x08006580   Section       80  asin.o(.constdata)
    pS                                       0x08006580   Data          48  asin.o(.constdata)
    qS                                       0x080065b0   Data          32  asin.o(.constdata)
    .constdata                               0x080065d0   Section      152  atan.o(.constdata)
    atanhi                                   0x080065d0   Data          32  atan.o(.constdata)
    atanlo                                   0x080065f0   Data          32  atan.o(.constdata)
    aTodd                                    0x08006610   Data          40  atan.o(.constdata)
    aTeven                                   0x08006638   Data          48  atan.o(.constdata)
    .constdata                               0x08006668   Section        8  qnan.o(.constdata)
    .conststring                             0x08006670   Section       77  inv_mpu.o(.conststring)
    .data                                    0x20000000   Section       28  main.o(.data)
    .data                                    0x2000001c   Section        4  stm32f10x_it.o(.data)
    .data                                    0x20000020   Section       20  system_stm32f10x.o(.data)
    .data                                    0x20000034   Section       10  nrf24l01.o(.data)
    .data                                    0x2000003e   Section        6  adc_control.o(.data)
    .data                                    0x20000044   Section       41  mpu6050.o(.data)
    gyro_orientation                         0x20000064   Data           9  mpu6050.o(.data)
    .data                                    0x20000070   Section       53  inv_mpu.o(.data)
    st                                       0x20000070   Data          44  inv_mpu.o(.data)
    gyro_orientation                         0x2000009c   Data           9  inv_mpu.o(.data)
    .data                                    0x200000a8   Section        4  stdout.o(.data)
    .data                                    0x200000ac   Section        4  errno.o(.data)
    _errno                                   0x200000ac   Data           4  errno.o(.data)
    .bss                                     0x200000b0   Section      188  main.o(.bss)
    .bss                                     0x2000016c   Section     1024  oled.o(.bss)
    .bss                                     0x2000056c   Section       16  inv_mpu_dmp_motion_driver.o(.bss)
    dmp                                      0x2000056c   Data          16  inv_mpu_dmp_motion_driver.o(.bss)
    STACK                                    0x20000580   Section     1024  startup_stm32f10x_md.o(STACK)

    Global Symbols

    Symbol Name                              Value     Ov Type        Size  Object(Section)

    BuildAttributes$$THM_ISAv4$P$D$K$B$S$PE$A:L22UL41UL21$X:L11$S22US41US21$IEEE1$IW$USESV6$~STKCKD$USESV7$~SHL$OTIME$ROPI$IEEEX$EBA8$MICROLIB$REQ8$PRES8$EABIv2 0x00000000   Number         0  anon$$obj.o ABSOLUTE
    __ARM_use_no_argv                        0x00000000   Number         0  main.o ABSOLUTE
    _printf_a                                0x00000000   Number         0  stubs.o ABSOLUTE
    _printf_c                                0x00000000   Number         0  stubs.o ABSOLUTE
    _printf_charcount                        0x00000000   Number         0  stubs.o ABSOLUTE
    _printf_d                                0x00000000   Number         0  stubs.o ABSOLUTE
    _printf_e                                0x00000000   Number         0  stubs.o ABSOLUTE
    _printf_f                                0x00000000   Number         0  stubs.o ABSOLUTE
    _printf_flags                            0x00000000   Number         0  stubs.o ABSOLUTE
    _printf_fp_dec                           0x00000000   Number         0  stubs.o ABSOLUTE
    _printf_fp_hex                           0x00000000   Number         0  stubs.o ABSOLUTE
    _printf_g                                0x00000000   Number         0  stubs.o ABSOLUTE
    _printf_i                                0x00000000   Number         0  stubs.o ABSOLUTE
    _printf_int_dec                          0x00000000   Number         0  stubs.o ABSOLUTE
    _printf_l                                0x00000000   Number         0  stubs.o ABSOLUTE
    _printf_lc                               0x00000000   Number         0  stubs.o ABSOLUTE
    _printf_ll                               0x00000000   Number         0  stubs.o ABSOLUTE
    _printf_lld                              0x00000000   Number         0  stubs.o ABSOLUTE
    _printf_lli                              0x00000000   Number         0  stubs.o ABSOLUTE
    _printf_llo                              0x00000000   Number         0  stubs.o ABSOLUTE
    _printf_llu                              0x00000000   Number         0  stubs.o ABSOLUTE
    _printf_llx                              0x00000000   Number         0  stubs.o ABSOLUTE
    _printf_longlong_dec                     0x00000000   Number         0  stubs.o ABSOLUTE
    _printf_longlong_hex                     0x00000000   Number         0  stubs.o ABSOLUTE
    _printf_longlong_oct                     0x00000000   Number         0  stubs.o ABSOLUTE
    _printf_ls                               0x00000000   Number         0  stubs.o ABSOLUTE
    _printf_mbtowc                           0x00000000   Number         0  stubs.o ABSOLUTE
    _printf_n                                0x00000000   Number         0  stubs.o ABSOLUTE
    _printf_o                                0x00000000   Number         0  stubs.o ABSOLUTE
    _printf_p                                0x00000000   Number         0  stubs.o ABSOLUTE
    _printf_percent                          0x00000000   Number         0  stubs.o ABSOLUTE
    _printf_pre_padding                      0x00000000   Number         0  stubs.o ABSOLUTE
    _printf_return_value                     0x00000000   Number         0  stubs.o ABSOLUTE
    _printf_s                                0x00000000   Number         0  stubs.o ABSOLUTE
    _printf_sizespec                         0x00000000   Number         0  stubs.o ABSOLUTE
    _printf_str                              0x00000000   Number         0  stubs.o ABSOLUTE
    _printf_truncate_signed                  0x00000000   Number         0  stubs.o ABSOLUTE
    _printf_truncate_unsigned                0x00000000   Number         0  stubs.o ABSOLUTE
    _printf_u                                0x00000000   Number         0  stubs.o ABSOLUTE
    _printf_wc                               0x00000000   Number         0  stubs.o ABSOLUTE
    _printf_wctomb                           0x00000000   Number         0  stubs.o ABSOLUTE
    _printf_widthprec                        0x00000000   Number         0  stubs.o ABSOLUTE
    _printf_x                                0x00000000   Number         0  stubs.o ABSOLUTE
    __arm_fini_                               - Undefined Weak Reference
    __cpp_initialize__aeabi_                  - Undefined Weak Reference
    __cxa_finalize                            - Undefined Weak Reference
    __decompress                              - Undefined Weak Reference
    _clock_init                               - Undefined Weak Reference
    _microlib_exit                            - Undefined Weak Reference
    __Vectors_Size                           0x000000ec   Number         0  startup_stm32f10x_md.o ABSOLUTE
    __Vectors                                0x08000000   Data           4  startup_stm32f10x_md.o(RESET)
    __Vectors_End                            0x080000ec   Data           0  startup_stm32f10x_md.o(RESET)
    __main                                   0x080000ed   Thumb Code     0  entry.o(.ARM.Collect$$$$00000000)
    _main_stk                                0x080000ed   Thumb Code     0  entry2.o(.ARM.Collect$$$$00000001)
    _main_scatterload                        0x080000f1   Thumb Code     0  entry5.o(.ARM.Collect$$$$00000004)
    __main_after_scatterload                 0x080000f5   Thumb Code     0  entry5.o(.ARM.Collect$$$$00000004)
    _main_clock                              0x080000f5   Thumb Code     0  entry7b.o(.ARM.Collect$$$$00000008)
    _main_cpp_init                           0x080000f5   Thumb Code     0  entry8b.o(.ARM.Collect$$$$0000000A)
    _main_init                               0x080000f5   Thumb Code     0  entry9a.o(.ARM.Collect$$$$0000000B)
    __rt_lib_shutdown_fini                   0x080000fd   Thumb Code     0  entry12b.o(.ARM.Collect$$$$0000000E)
    __rt_final_cpp                           0x08000101   Thumb Code     0  entry10a.o(.ARM.Collect$$$$0000000F)
    __rt_final_exit                          0x08000101   Thumb Code     0  entry11a.o(.ARM.Collect$$$$00000011)
    Reset_Handler                            0x08000105   Thumb Code     8  startup_stm32f10x_md.o(.text)
    ADC1_2_IRQHandler                        0x0800011f   Thumb Code     0  startup_stm32f10x_md.o(.text)
    CAN1_RX1_IRQHandler                      0x0800011f   Thumb Code     0  startup_stm32f10x_md.o(.text)
    CAN1_SCE_IRQHandler                      0x0800011f   Thumb Code     0  startup_stm32f10x_md.o(.text)
    DMA1_Channel1_IRQHandler                 0x0800011f   Thumb Code     0  startup_stm32f10x_md.o(.text)
    DMA1_Channel2_IRQHandler                 0x0800011f   Thumb Code     0  startup_stm32f10x_md.o(.text)
    DMA1_Channel3_IRQHandler                 0x0800011f   Thumb Code     0  startup_stm32f10x_md.o(.text)
    DMA1_Channel4_IRQHandler                 0x0800011f   Thumb Code     0  startup_stm32f10x_md.o(.text)
    DMA1_Channel5_IRQHandler                 0x0800011f   Thumb Code     0  startup_stm32f10x_md.o(.text)
    DMA1_Channel6_IRQHandler                 0x0800011f   Thumb Code     0  startup_stm32f10x_md.o(.text)
    DMA1_Channel7_IRQHandler                 0x0800011f   Thumb Code     0  startup_stm32f10x_md.o(.text)
    EXTI0_IRQHandler                         0x0800011f   Thumb Code     0  startup_stm32f10x_md.o(.text)
    EXTI1_IRQHandler                         0x0800011f   Thumb Code     0  startup_stm32f10x_md.o(.text)
    EXTI2_IRQHandler                         0x0800011f   Thumb Code     0  startup_stm32f10x_md.o(.text)
    EXTI3_IRQHandler                         0x0800011f   Thumb Code     0  startup_stm32f10x_md.o(.text)
    EXTI4_IRQHandler                         0x0800011f   Thumb Code     0  startup_stm32f10x_md.o(.text)
    EXTI9_5_IRQHandler                       0x0800011f   Thumb Code     0  startup_stm32f10x_md.o(.text)
    FLASH_IRQHandler                         0x0800011f   Thumb Code     0  startup_stm32f10x_md.o(.text)
    I2C1_ER_IRQHandler                       0x0800011f   Thumb Code     0  startup_stm32f10x_md.o(.text)
    I2C1_EV_IRQHandler                       0x0800011f   Thumb Code     0  startup_stm32f10x_md.o(.text)
    I2C2_ER_IRQHandler                       0x0800011f   Thumb Code     0  startup_stm32f10x_md.o(.text)
    I2C2_EV_IRQHandler                       0x0800011f   Thumb Code     0  startup_stm32f10x_md.o(.text)
    PVD_IRQHandler                           0x0800011f   Thumb Code     0  startup_stm32f10x_md.o(.text)
    RCC_IRQHandler                           0x0800011f   Thumb Code     0  startup_stm32f10x_md.o(.text)
    RTCAlarm_IRQHandler                      0x0800011f   Thumb Code     0  startup_stm32f10x_md.o(.text)
    RTC_IRQHandler                           0x0800011f   Thumb Code     0  startup_stm32f10x_md.o(.text)
    SPI1_IRQHandler                          0x0800011f   Thumb Code     0  startup_stm32f10x_md.o(.text)
    SPI2_IRQHandler                          0x0800011f   Thumb Code     0  startup_stm32f10x_md.o(.text)
    TAMPER_IRQHandler                        0x0800011f   Thumb Code     0  startup_stm32f10x_md.o(.text)
    TIM1_BRK_IRQHandler                      0x0800011f   Thumb Code     0  startup_stm32f10x_md.o(.text)
    TIM1_CC_IRQHandler                       0x0800011f   Thumb Code     0  startup_stm32f10x_md.o(.text)
    TIM1_TRG_COM_IRQHandler                  0x0800011f   Thumb Code     0  startup_stm32f10x_md.o(.text)
    TIM1_UP_IRQHandler                       0x0800011f   Thumb Code     0  startup_stm32f10x_md.o(.text)
    TIM2_IRQHandler                          0x0800011f   Thumb Code     0  startup_stm32f10x_md.o(.text)
    TIM3_IRQHandler                          0x0800011f   Thumb Code     0  startup_stm32f10x_md.o(.text)
    TIM4_IRQHandler                          0x0800011f   Thumb Code     0  startup_stm32f10x_md.o(.text)
    USART1_IRQHandler                        0x0800011f   Thumb Code     0  startup_stm32f10x_md.o(.text)
    USART2_IRQHandler                        0x0800011f   Thumb Code     0  startup_stm32f10x_md.o(.text)
    USART3_IRQHandler                        0x0800011f   Thumb Code     0  startup_stm32f10x_md.o(.text)
    USBWakeUp_IRQHandler                     0x0800011f   Thumb Code     0  startup_stm32f10x_md.o(.text)
    USB_HP_CAN1_TX_IRQHandler                0x0800011f   Thumb Code     0  startup_stm32f10x_md.o(.text)
    USB_LP_CAN1_RX0_IRQHandler               0x0800011f   Thumb Code     0  startup_stm32f10x_md.o(.text)
    WWDG_IRQHandler                          0x0800011f   Thumb Code     0  startup_stm32f10x_md.o(.text)
    __aeabi_ldivmod                          0x08000129   Thumb Code    98  ldiv.o(.text)
    __aeabi_memset                           0x0800018b   Thumb Code    14  memseta.o(.text)
    __aeabi_memset4                          0x0800018b   Thumb Code     0  memseta.o(.text)
    __aeabi_memset8                          0x0800018b   Thumb Code     0  memseta.o(.text)
    __aeabi_memclr                           0x08000199   Thumb Code     4  memseta.o(.text)
    __aeabi_memclr4                          0x08000199   Thumb Code     0  memseta.o(.text)
    __aeabi_memclr8                          0x08000199   Thumb Code     0  memseta.o(.text)
    _memset$wrapper                          0x0800019d   Thumb Code    18  memseta.o(.text)
    memcmp                                   0x080001af   Thumb Code    26  memcmp.o(.text)
    __aeabi_fadd                             0x080001c9   Thumb Code   164  fadd.o(.text)
    __aeabi_fsub                             0x0800026d   Thumb Code     6  fadd.o(.text)
    __aeabi_frsub                            0x08000273   Thumb Code     6  fadd.o(.text)
    __aeabi_fmul                             0x08000279   Thumb Code   100  fmul.o(.text)
    __aeabi_fdiv                             0x080002dd   Thumb Code   124  fdiv.o(.text)
    __ARM_scalbnf                            0x08000359   Thumb Code    24  fscalb.o(.text)
    scalbnf                                  0x08000359   Thumb Code     0  fscalb.o(.text)
    __aeabi_dadd                             0x08000371   Thumb Code   322  dadd.o(.text)
    __aeabi_dsub                             0x080004b3   Thumb Code     6  dadd.o(.text)
    __aeabi_drsub                            0x080004b9   Thumb Code     6  dadd.o(.text)
    __aeabi_dmul                             0x080004bf   Thumb Code   228  dmul.o(.text)
    __aeabi_ddiv                             0x080005a3   Thumb Code   222  ddiv.o(.text)
    __aeabi_i2f                              0x08000681   Thumb Code    18  fflti.o(.text)
    __aeabi_ui2f                             0x08000693   Thumb Code    10  ffltui.o(.text)
    __aeabi_f2iz                             0x0800069d   Thumb Code    50  ffixi.o(.text)
    __aeabi_f2uiz                            0x080006cf   Thumb Code    40  ffixui.o(.text)
    __aeabi_f2d                              0x080006f7   Thumb Code    38  f2d.o(.text)
    __aeabi_cdcmpeq                          0x0800071d   Thumb Code     0  cdcmple.o(.text)
    __aeabi_cdcmple                          0x0800071d   Thumb Code    48  cdcmple.o(.text)
    __aeabi_cdrcmple                         0x0800074d   Thumb Code    48  cdrcmple.o(.text)
    __aeabi_d2f                              0x0800077d   Thumb Code    56  d2f.o(.text)
    __aeabi_uidiv                            0x080007b5   Thumb Code     0  uidiv.o(.text)
    __aeabi_uidivmod                         0x080007b5   Thumb Code    44  uidiv.o(.text)
    __aeabi_uldivmod                         0x080007e1   Thumb Code    98  uldiv.o(.text)
    __aeabi_llsl                             0x08000843   Thumb Code    30  llshl.o(.text)
    _ll_shift_l                              0x08000843   Thumb Code     0  llshl.o(.text)
    __aeabi_llsr                             0x08000861   Thumb Code    32  llushr.o(.text)
    _ll_ushift_r                             0x08000861   Thumb Code     0  llushr.o(.text)
    __aeabi_lasr                             0x08000881   Thumb Code    36  llsshr.o(.text)
    _ll_sshift_r                             0x08000881   Thumb Code     0  llsshr.o(.text)
    __I$use$fp                               0x080008a5   Thumb Code     0  iusefp.o(.text)
    _float_round                             0x080008a5   Thumb Code    18  fepilogue.o(.text)
    _float_epilogue                          0x080008b7   Thumb Code    92  fepilogue.o(.text)
    _double_round                            0x08000913   Thumb Code    30  depilogue.o(.text)
    _double_epilogue                         0x08000931   Thumb Code   156  depilogue.o(.text)
    __ARM_scalbn                             0x080009cd   Thumb Code    46  dscalb.o(.text)
    scalbn                                   0x080009cd   Thumb Code     0  dscalb.o(.text)
    __aeabi_d2ulz                            0x080009fb   Thumb Code    48  dfixul.o(.text)
    __scatterload                            0x08000a2d   Thumb Code    28  init.o(.text)
    __scatterload_rt2                        0x08000a2d   Thumb Code     0  init.o(.text)
    __I$use$semihosting$fputc                0x08000a51   Thumb Code     0  iusesemip.o(.text)
    __semihosting_library_function           0x08000a51   Thumb Code     0  semi.o(.text)
    _dsqrt                                   0x08000a51   Thumb Code   162  dsqrt.o(.text)
    ADC_Cmd                                  0x08000af3   Thumb Code    24  stm32f10x_adc.o(i.ADC_Cmd)
    ADC_DMACmd                               0x08000b0b   Thumb Code    24  stm32f10x_adc.o(i.ADC_DMACmd)
    ADC_GetCalibrationStatus                 0x08000b23   Thumb Code    14  stm32f10x_adc.o(i.ADC_GetCalibrationStatus)
    ADC_GetResetCalibrationStatus            0x08000b31   Thumb Code    14  stm32f10x_adc.o(i.ADC_GetResetCalibrationStatus)
    ADC_Init                                 0x08000b41   Thumb Code    62  stm32f10x_adc.o(i.ADC_Init)
    ADC_RegularChannelConfig                 0x08000b89   Thumb Code   116  stm32f10x_adc.o(i.ADC_RegularChannelConfig)
    ADC_ResetCalibration                     0x08000bfd   Thumb Code    10  stm32f10x_adc.o(i.ADC_ResetCalibration)
    ADC_SoftwareStartConvCmd                 0x08000c07   Thumb Code    24  stm32f10x_adc.o(i.ADC_SoftwareStartConvCmd)
    ADC_StartCalibration                     0x08000c1f   Thumb Code    10  stm32f10x_adc.o(i.ADC_StartCalibration)
    BusFault_Handler                         0x08000c29   Thumb Code     2  stm32f10x_it.o(i.BusFault_Handler)
    DMA_Cmd                                  0x08000c2b   Thumb Code    26  stm32f10x_dma.o(i.DMA_Cmd)
    DMA_Init                                 0x08000c45   Thumb Code    58  stm32f10x_dma.o(i.DMA_Init)
    DMP_Init                                 0x08000c81   Thumb Code   160  mpu6050.o(i.DMP_Init)
    DWT_Delay_Init                           0x08000d25   Thumb Code    26  delay.o(i.DWT_Delay_Init)
    DebugMon_Handler                         0x08000d49   Thumb Code     2  stm32f10x_it.o(i.DebugMon_Handler)
    Delay_ms                                 0x08000d4b   Thumb Code    24  delay.o(i.Delay_ms)
    Delay_us                                 0x08000d65   Thumb Code    28  delay.o(i.Delay_us)
    EXTI15_10_IRQHandler                     0x08000d8d   Thumb Code    30  main.o(i.EXTI15_10_IRQHandler)
    EXTI_ClearITPendingBit                   0x08000db1   Thumb Code     6  stm32f10x_exti.o(i.EXTI_ClearITPendingBit)
    EXTI_GetFlagStatus                       0x08000dbd   Thumb Code    16  stm32f10x_exti.o(i.EXTI_GetFlagStatus)
    EXTI_Init                                0x08000dd1   Thumb Code   110  stm32f10x_exti.o(i.EXTI_Init)
    GPIO_EXTILineConfig                      0x08000e45   Thumb Code    34  stm32f10x_gpio.o(i.GPIO_EXTILineConfig)
    GPIO_Init                                0x08000e6d   Thumb Code   166  stm32f10x_gpio.o(i.GPIO_Init)
    GPIO_PinRemapConfig                      0x08000f15   Thumb Code    86  stm32f10x_gpio.o(i.GPIO_PinRemapConfig)
    GPIO_ReadInputDataBit                    0x08000f71   Thumb Code    14  stm32f10x_gpio.o(i.GPIO_ReadInputDataBit)
    GPIO_ResetBits                           0x08000f7f   Thumb Code     4  stm32f10x_gpio.o(i.GPIO_ResetBits)
    GPIO_SetBits                             0x08000f83   Thumb Code     4  stm32f10x_gpio.o(i.GPIO_SetBits)
    GPIO_WriteBit                            0x08000f87   Thumb Code    12  stm32f10x_gpio.o(i.GPIO_WriteBit)
    HardFault_Handler                        0x08000f93   Thumb Code     2  stm32f10x_it.o(i.HardFault_Handler)
    IIC_Init                                 0x08000f95   Thumb Code    50  iic.o(i.IIC_Init)
    IIC_R_SDA                                0x08000fcd   Thumb Code    24  iic.o(i.IIC_R_SDA)
    IIC_ReceiveAck                           0x08000fe9   Thumb Code    30  iic.o(i.IIC_ReceiveAck)
    IIC_ReceiveByte                          0x08001007   Thumb Code    50  iic.o(i.IIC_ReceiveByte)
    IIC_SendAck                              0x08001039   Thumb Code    22  iic.o(i.IIC_SendAck)
    IIC_SendByte                             0x0800104f   Thumb Code    44  iic.o(i.IIC_SendByte)
    IIC_Start                                0x0800107b   Thumb Code    30  iic.o(i.IIC_Start)
    IIC_Stop                                 0x08001099   Thumb Code    24  iic.o(i.IIC_Stop)
    IIC_W_SCL                                0x080010b1   Thumb Code    24  iic.o(i.IIC_W_SCL)
    IIC_W_SDA                                0x080010cd   Thumb Code    24  iic.o(i.IIC_W_SDA)
    Key_Init                                 0x080010e9   Thumb Code    40  key.o(i.Key_Init)
    Key_StructInit                           0x08001115   Thumb Code    12  key.o(i.Key_StructInit)
    LED1_OFF                                 0x08001121   Thumb Code     8  led.o(i.LED1_OFF)
    LED1_ON                                  0x0800112d   Thumb Code     8  led.o(i.LED1_ON)
    LED2_OFF                                 0x08001139   Thumb Code     8  led.o(i.LED2_OFF)
    LED2_ON                                  0x08001145   Thumb Code     8  led.o(i.LED2_ON)
    LED_Init                                 0x08001151   Thumb Code    56  led.o(i.LED_Init)
    MPU6050_DMP_Get_Data                     0x08001191   Thumb Code   470  mpu6050.o(i.MPU6050_DMP_Get_Data)
    MPU6050_EXTI_Init                        0x08001371   Thumb Code   100  exti.o(i.MPU6050_EXTI_Init)
    MPU6050_GetID                            0x080013d9   Thumb Code     6  mpu6050.o(i.MPU6050_GetID)
    MPU6050_Init                             0x080013df   Thumb Code    58  mpu6050.o(i.MPU6050_Init)
    MPU6050_Read                             0x08001419   Thumb Code   110  iic.o(i.MPU6050_Read)
    MPU6050_ReadReg                          0x08001487   Thumb Code    62  mpu6050.o(i.MPU6050_ReadReg)
    MPU6050_Write                            0x080014c5   Thumb Code    68  iic.o(i.MPU6050_Write)
    MPU6050_WriteReg                         0x08001509   Thumb Code    48  mpu6050.o(i.MPU6050_WriteReg)
    MPU_FILTER_Init                          0x08001539   Thumb Code     6  filter.o(i.MPU_FILTER_Init)
    MPU_FILTER_Update                        0x0800153f   Thumb Code   110  filter.o(i.MPU_FILTER_Update)
    MemManage_Handler                        0x080015ad   Thumb Code     2  stm32f10x_it.o(i.MemManage_Handler)
    NMI_Handler                              0x080015af   Thumb Code     2  stm32f10x_it.o(i.NMI_Handler)
    NRF24L01_Init                            0x080015b1   Thumb Code   100  nrf24l01.o(i.NRF24L01_Init)
    NRF24L01_Pin_Init                        0x08001619   Thumb Code   152  nrf24l01.o(i.NRF24L01_Pin_Init)
    NVIC_Init                                0x080016b9   Thumb Code    96  misc.o(i.NVIC_Init)
    OLED_ClearArea                           0x0800171d   Thumb Code    94  oled.o(i.OLED_ClearArea)
    OLED_GPIO_Init                           0x08001781   Thumb Code    88  oled.o(i.OLED_GPIO_Init)
    OLED_I2C_SendByte                        0x080017dd   Thumb Code    58  oled.o(i.OLED_I2C_SendByte)
    OLED_I2C_Start                           0x08001817   Thumb Code    30  oled.o(i.OLED_I2C_Start)
    OLED_I2C_Stop                            0x08001835   Thumb Code    24  oled.o(i.OLED_I2C_Stop)
    OLED_Init                                0x0800184d   Thumb Code   148  oled.o(i.OLED_Init)
    OLED_Pow                                 0x080018e1   Thumb Code    16  oled.o(i.OLED_Pow)
    OLED_SetCursor                           0x080018f1   Thumb Code    34  oled.o(i.OLED_SetCursor)
    OLED_ShowChar                            0x08001915   Thumb Code    52  oled.o(i.OLED_ShowChar)
    OLED_ShowImage                           0x08001951   Thumb Code   162  oled.o(i.OLED_ShowImage)
    OLED_ShowSignedNum                       0x080019f9   Thumb Code   104  oled.o(i.OLED_ShowSignedNum)
    OLED_ShowString                          0x08001a61   Thumb Code    44  oled.o(i.OLED_ShowString)
    OLED_Update                              0x08001a8d   Thumb Code    34  oled.o(i.OLED_Update)
    OLED_W_SCL                               0x08001ab5   Thumb Code    12  oled.o(i.OLED_W_SCL)
    OLED_W_SDA                               0x08001ac5   Thumb Code    12  oled.o(i.OLED_W_SDA)
    OLED_WriteCommand                        0x08001ad5   Thumb Code    34  oled.o(i.OLED_WriteCommand)
    OLED_WriteData                           0x08001af7   Thumb Code    48  oled.o(i.OLED_WriteData)
    PendSV_Handler                           0x08001b27   Thumb Code     2  stm32f10x_it.o(i.PendSV_Handler)
    PowerADC_Init                            0x08001b29   Thumb Code   248  adc_control.o(i.PowerADC_Init)
    RCC_ADCCLKConfig                         0x08001c31   Thumb Code    14  stm32f10x_rcc.o(i.RCC_ADCCLKConfig)
    RCC_AHBPeriphClockCmd                    0x08001c45   Thumb Code    22  stm32f10x_rcc.o(i.RCC_AHBPeriphClockCmd)
    RCC_APB2PeriphClockCmd                   0x08001c61   Thumb Code    22  stm32f10x_rcc.o(i.RCC_APB2PeriphClockCmd)
    R_IRQ                                    0x08001c7d   Thumb Code     8  nrf24l01.o(i.R_IRQ)
    R_MISO                                   0x08001c89   Thumb Code     8  nrf24l01.o(i.R_MISO)
    R_Reg                                    0x08001c95   Thumb Code    34  nrf24l01.o(i.R_Reg)
    SPI_SwapByte                             0x08001cb7   Thumb Code    62  nrf24l01.o(i.SPI_SwapByte)
    SVC_Handler                              0x08001cf5   Thumb Code     2  stm32f10x_it.o(i.SVC_Handler)
    Send                                     0x08001cf7   Thumb Code    92  nrf24l01.o(i.Send)
    SysTick_Handler                          0x08001e09   Thumb Code    10  stm32f10x_it.o(i.SysTick_Handler)
    SystemInit                               0x08001e19   Thumb Code    64  system_stm32f10x.o(i.SystemInit)
    UsageFault_Handler                       0x08001e69   Thumb Code     2  stm32f10x_it.o(i.UsageFault_Handler)
    W_Buf                                    0x08001e6b   Thumb Code    48  nrf24l01.o(i.W_Buf)
    W_CE                                     0x08001e9d   Thumb Code    10  nrf24l01.o(i.W_CE)
    W_CSN                                    0x08001ead   Thumb Code    10  nrf24l01.o(i.W_CSN)
    W_MOSI                                   0x08001ebd   Thumb Code    10  nrf24l01.o(i.W_MOSI)
    W_Reg                                    0x08001ecd   Thumb Code    34  nrf24l01.o(i.W_Reg)
    W_SCK                                    0x08001ef1   Thumb Code    10  nrf24l01.o(i.W_SCK)
    __0printf                                0x08001f01   Thumb Code    22  printfa.o(i.__0printf)
    __1printf                                0x08001f01   Thumb Code     0  printfa.o(i.__0printf)
    __2printf                                0x08001f01   Thumb Code     0  printfa.o(i.__0printf)
    __c89printf                              0x08001f01   Thumb Code     0  printfa.o(i.__0printf)
    printf                                   0x08001f01   Thumb Code     0  printfa.o(i.__0printf)
    __ARM_fpclassify                         0x08001f21   Thumb Code    40  fpclassify.o(i.__ARM_fpclassify)
    __kernel_poly                            0x08001f49   Thumb Code   170  poly.o(i.__kernel_poly)
    __mathlib_dbl_infnan                     0x08001ff3   Thumb Code     6  dunder.o(i.__mathlib_dbl_infnan)
    __mathlib_dbl_infnan2                    0x08001ff9   Thumb Code     4  dunder.o(i.__mathlib_dbl_infnan2)
    __mathlib_dbl_invalid                    0x08001ffd   Thumb Code    12  dunder.o(i.__mathlib_dbl_invalid)
    __mathlib_dbl_underflow                  0x08002009   Thumb Code    10  dunder.o(i.__mathlib_dbl_underflow)
    __scatterload_copy                       0x08002019   Thumb Code    14  handlers.o(i.__scatterload_copy)
    __scatterload_null                       0x08002027   Thumb Code     2  handlers.o(i.__scatterload_null)
    __scatterload_zeroinit                   0x08002029   Thumb Code    14  handlers.o(i.__scatterload_zeroinit)
    __set_errno                              0x08002039   Thumb Code     6  errno.o(i.__set_errno)
    asin                                     0x08002955   Thumb Code   572  asin.o(i.asin)
    atan                                     0x08002bc5   Thumb Code   474  atan.o(i.atan)
    atan2                                    0x08002de5   Thumb Code   374  atan2.o(i.atan2)
    dmp_enable_6x_lp_quat                    0x08002fbd   Thumb Code    60  inv_mpu_dmp_motion_driver.o(i.dmp_enable_6x_lp_quat)
    dmp_enable_feature                       0x08002ff9   Thumb Code   484  inv_mpu_dmp_motion_driver.o(i.dmp_enable_feature)
    dmp_enable_gyro_cal                      0x080031e5   Thumb Code    62  inv_mpu_dmp_motion_driver.o(i.dmp_enable_gyro_cal)
    dmp_enable_lp_quat                       0x0800323d   Thumb Code    60  inv_mpu_dmp_motion_driver.o(i.dmp_enable_lp_quat)
    dmp_load_motion_driver_firmware          0x08003279   Thumb Code    16  inv_mpu_dmp_motion_driver.o(i.dmp_load_motion_driver_firmware)
    dmp_read_fifo                            0x0800328d   Thumb Code   384  inv_mpu_dmp_motion_driver.o(i.dmp_read_fifo)
    dmp_set_accel_bias                       0x08003411   Thumb Code   262  inv_mpu_dmp_motion_driver.o(i.dmp_set_accel_bias)
    dmp_set_fifo_rate                        0x0800351d   Thumb Code    96  inv_mpu_dmp_motion_driver.o(i.dmp_set_fifo_rate)
    dmp_set_gyro_bias                        0x0800358d   Thumb Code   256  inv_mpu_dmp_motion_driver.o(i.dmp_set_gyro_bias)
    dmp_set_orientation                      0x08003695   Thumb Code   260  inv_mpu_dmp_motion_driver.o(i.dmp_set_orientation)
    dmp_set_shake_reject_thresh              0x080037ad   Thumb Code    48  inv_mpu_dmp_motion_driver.o(i.dmp_set_shake_reject_thresh)
    dmp_set_shake_reject_time                0x080037dd   Thumb Code    32  inv_mpu_dmp_motion_driver.o(i.dmp_set_shake_reject_time)
    dmp_set_shake_reject_timeout             0x080037fd   Thumb Code    32  inv_mpu_dmp_motion_driver.o(i.dmp_set_shake_reject_timeout)
    dmp_set_tap_axes                         0x0800381d   Thumb Code    56  inv_mpu_dmp_motion_driver.o(i.dmp_set_tap_axes)
    dmp_set_tap_count                        0x08003855   Thumb Code    34  inv_mpu_dmp_motion_driver.o(i.dmp_set_tap_count)
    dmp_set_tap_thresh                       0x08003879   Thumb Code   334  inv_mpu_dmp_motion_driver.o(i.dmp_set_tap_thresh)
    dmp_set_tap_time                         0x080039dd   Thumb Code    32  inv_mpu_dmp_motion_driver.o(i.dmp_set_tap_time)
    dmp_set_tap_time_multi                   0x080039fd   Thumb Code    32  inv_mpu_dmp_motion_driver.o(i.dmp_set_tap_time_multi)
    fputc                                    0x08003a1d   Thumb Code    18  fputc.o(i.fputc)
    main                                     0x08003ffd   Thumb Code   462  main.o(i.main)
    mapJoystickToAngle                       0x08004201   Thumb Code    54  adc_control.o(i.mapJoystickToAngle)
    mget_ms                                  0x08004237   Thumb Code     2  inv_mpu.o(i.mget_ms)
    mpu_configure_fifo                       0x08004239   Thumb Code    90  inv_mpu.o(i.mpu_configure_fifo)
    mpu_get_accel_fsr                        0x08004299   Thumb Code    62  inv_mpu.o(i.mpu_get_accel_fsr)
    mpu_get_accel_sens                       0x080042dd   Thumb Code    70  inv_mpu.o(i.mpu_get_accel_sens)
    mpu_get_fifo_config                      0x08004329   Thumb Code    10  inv_mpu.o(i.mpu_get_fifo_config)
    mpu_get_gyro_fsr                         0x08004339   Thumb Code    58  inv_mpu.o(i.mpu_get_gyro_fsr)
    mpu_get_gyro_sens                        0x08004379   Thumb Code    52  inv_mpu.o(i.mpu_get_gyro_sens)
    mpu_get_lpf                              0x080043c1   Thumb Code    64  inv_mpu.o(i.mpu_get_lpf)
    mpu_get_sample_rate                      0x08004405   Thumb Code    24  inv_mpu.o(i.mpu_get_sample_rate)
    mpu_init                                 0x08004421   Thumb Code   346  inv_mpu.o(i.mpu_init)
    mpu_load_firmware                        0x080045cd   Thumb Code   174  inv_mpu.o(i.mpu_load_firmware)
    mpu_lp_accel_mode                        0x08004681   Thumb Code   204  inv_mpu.o(i.mpu_lp_accel_mode)
    mpu_read_fifo_stream                     0x08004751   Thumb Code   166  inv_mpu.o(i.mpu_read_fifo_stream)
    mpu_read_mem                             0x080047fd   Thumb Code   106  inv_mpu.o(i.mpu_read_mem)
    mpu_reset_fifo                           0x0800486d   Thumb Code   360  inv_mpu.o(i.mpu_reset_fifo)
    mpu_run_self_test                        0x080049d9   Thumb Code   244  inv_mpu.o(i.mpu_run_self_test)
    mpu_set_accel_fsr                        0x08004ad1   Thumb Code   110  inv_mpu.o(i.mpu_set_accel_fsr)
    mpu_set_bypass                           0x08004b45   Thumb Code   276  inv_mpu.o(i.mpu_set_bypass)
    mpu_set_dmp_state                        0x08004c5d   Thumb Code   118  inv_mpu.o(i.mpu_set_dmp_state)
    mpu_set_gyro_fsr                         0x08004cd9   Thumb Code   116  inv_mpu.o(i.mpu_set_gyro_fsr)
    mpu_set_int_latched                      0x08004d51   Thumb Code    92  inv_mpu.o(i.mpu_set_int_latched)
    mpu_set_lpf                              0x08004db1   Thumb Code   118  inv_mpu.o(i.mpu_set_lpf)
    mpu_set_sample_rate                      0x08004e2d   Thumb Code   126  inv_mpu.o(i.mpu_set_sample_rate)
    mpu_set_sensors                          0x08004eb1   Thumb Code   172  inv_mpu.o(i.mpu_set_sensors)
    mpu_write_mem                            0x08004f61   Thumb Code   106  inv_mpu.o(i.mpu_write_mem)
    sqrt                                     0x080050c1   Thumb Code    76  sqrt.o(i.sqrt)
    OLED_F8x16                               0x0800510c   Data        1520  oled_data.o(.constdata)
    OLED_F6x8                                0x080056fc   Data         570  oled_data.o(.constdata)
    reg                                      0x08005936   Data          27  inv_mpu.o(.constdata)
    hw                                       0x08005952   Data          12  inv_mpu.o(.constdata)
    test                                     0x08005960   Data          40  inv_mpu.o(.constdata)
    __mathlib_zero                           0x08006668   Data           8  qnan.o(.constdata)
    Region$$Table$$Base                      0x080066c0   Number         0  anon$$obj.o(Region$$Table)
    Region$$Table$$Limit                     0x080066e0   Number         0  anon$$obj.o(Region$$Table)
    mpu_data_ready                           0x20000000   Data           1  main.o(.data)
    Control_Flag                             0x20000001   Data           1  main.o(.data)
    NRF_TXFlag                               0x20000002   Data           1  main.o(.data)
    Target_Value1                            0x20000004   Data           2  main.o(.data)
    Target_Value2                            0x20000006   Data           2  main.o(.data)
    pitch                                    0x20000008   Data           4  main.o(.data)
    roll                                     0x2000000c   Data           4  main.o(.data)
    yaw                                      0x20000010   Data           4  main.o(.data)
    pitch_filt                               0x20000014   Data           4  main.o(.data)
    roll_filt                                0x20000018   Data           4  main.o(.data)
    systick_ms                               0x2000001c   Data           4  stm32f10x_it.o(.data)
    SystemCoreClock                          0x20000020   Data           4  system_stm32f10x.o(.data)
    AHBPrescTable                            0x20000024   Data          16  system_stm32f10x.o(.data)
    T_ADDR                                   0x20000034   Data           5  nrf24l01.o(.data)
    R_ADDR                                   0x20000039   Data           5  nrf24l01.o(.data)
    AD_Value                                 0x2000003e   Data           6  adc_control.o(.data)
    sensors                                  0x20000044   Data           2  mpu6050.o(.data)
    q0                                       0x20000048   Data           4  mpu6050.o(.data)
    q1                                       0x2000004c   Data           4  mpu6050.o(.data)
    q2                                       0x20000050   Data           4  mpu6050.o(.data)
    q3                                       0x20000054   Data           4  mpu6050.o(.data)
    gyro                                     0x20000058   Data           6  mpu6050.o(.data)
    accel                                    0x2000005e   Data           6  mpu6050.o(.data)
    __stdout                                 0x200000a8   Data           4  stdout.o(.data)
    NRFCONTROL_Val                           0x200000b0   Data          32  main.o(.bss)
    key_UP                                   0x200000d0   Data          12  main.o(.bss)
    key_DOWN                                 0x200000dc   Data          12  main.o(.bss)
    key_LEFT                                 0x200000e8   Data          12  main.o(.bss)
    key_RIGHT                                0x200000f4   Data          12  main.o(.bss)
    key_MODE                                 0x20000100   Data          12  main.o(.bss)
    pitch_f                                  0x2000010c   Data          48  main.o(.bss)
    roll_f                                   0x2000013c   Data          48  main.o(.bss)
    OLED_DisplayBuf                          0x2000016c   Data        1024  oled.o(.bss)
    __initial_sp                             0x20000980   Data           0  startup_stm32f10x_md.o(STACK)



==============================================================================

Memory Map of the image

  Image Entry point : 0x080000ed

  Load Region LR_IROM1 (Base: 0x08000000, Size: 0x00006790, Max: 0x00008000, ABSOLUTE)

    Execution Region ER_IROM1 (Exec base: 0x08000000, Load base: 0x08000000, Size: 0x000066e0, Max: 0x00008000, ABSOLUTE)

    Exec Addr    Load Addr    Size         Type   Attr      Idx    E Section Name        Object

    0x08000000   0x08000000   0x000000ec   Data   RO         3264    RESET               startup_stm32f10x_md.o
    0x080000ec   0x080000ec   0x00000000   Code   RO         4646  * .ARM.Collect$$$$00000000  mc_w.l(entry.o)
    0x080000ec   0x080000ec   0x00000004   Code   RO         4993    .ARM.Collect$$$$00000001  mc_w.l(entry2.o)
    0x080000f0   0x080000f0   0x00000004   Code   RO         4996    .ARM.Collect$$$$00000004  mc_w.l(entry5.o)
    0x080000f4   0x080000f4   0x00000000   Code   RO         4998    .ARM.Collect$$$$00000008  mc_w.l(entry7b.o)
    0x080000f4   0x080000f4   0x00000000   Code   RO         5000    .ARM.Collect$$$$0000000A  mc_w.l(entry8b.o)
    0x080000f4   0x080000f4   0x00000008   Code   RO         5001    .ARM.Collect$$$$0000000B  mc_w.l(entry9a.o)
    0x080000fc   0x080000fc   0x00000004   Code   RO         5008    .ARM.Collect$$$$0000000E  mc_w.l(entry12b.o)
    0x08000100   0x08000100   0x00000000   Code   RO         5003    .ARM.Collect$$$$0000000F  mc_w.l(entry10a.o)
    0x08000100   0x08000100   0x00000000   Code   RO         5005    .ARM.Collect$$$$00000011  mc_w.l(entry11a.o)
    0x08000100   0x08000100   0x00000004   Code   RO         4994    .ARM.Collect$$$$00002712  mc_w.l(entry2.o)
    0x08000104   0x08000104   0x00000024   Code   RO         3265    .text               startup_stm32f10x_md.o
    0x08000128   0x08000128   0x00000062   Code   RO         4649    .text               mc_w.l(ldiv.o)
    0x0800018a   0x0800018a   0x00000024   Code   RO         4651    .text               mc_w.l(memseta.o)
    0x080001ae   0x080001ae   0x0000001a   Code   RO         4655    .text               mc_w.l(memcmp.o)
    0x080001c8   0x080001c8   0x000000b0   Code   RO         4918    .text               mf_w.l(fadd.o)
    0x08000278   0x08000278   0x00000064   Code   RO         4920    .text               mf_w.l(fmul.o)
    0x080002dc   0x080002dc   0x0000007c   Code   RO         4922    .text               mf_w.l(fdiv.o)
    0x08000358   0x08000358   0x00000018   Code   RO         4924    .text               mf_w.l(fscalb.o)
    0x08000370   0x08000370   0x0000014e   Code   RO         4926    .text               mf_w.l(dadd.o)
    0x080004be   0x080004be   0x000000e4   Code   RO         4928    .text               mf_w.l(dmul.o)
    0x080005a2   0x080005a2   0x000000de   Code   RO         4930    .text               mf_w.l(ddiv.o)
    0x08000680   0x08000680   0x00000012   Code   RO         4932    .text               mf_w.l(fflti.o)
    0x08000692   0x08000692   0x0000000a   Code   RO         4934    .text               mf_w.l(ffltui.o)
    0x0800069c   0x0800069c   0x00000032   Code   RO         4940    .text               mf_w.l(ffixi.o)
    0x080006ce   0x080006ce   0x00000028   Code   RO         4942    .text               mf_w.l(ffixui.o)
    0x080006f6   0x080006f6   0x00000026   Code   RO         4948    .text               mf_w.l(f2d.o)
    0x0800071c   0x0800071c   0x00000030   Code   RO         4950    .text               mf_w.l(cdcmple.o)
    0x0800074c   0x0800074c   0x00000030   Code   RO         4952    .text               mf_w.l(cdrcmple.o)
    0x0800077c   0x0800077c   0x00000038   Code   RO         4954    .text               mf_w.l(d2f.o)
    0x080007b4   0x080007b4   0x0000002c   Code   RO         5012    .text               mc_w.l(uidiv.o)
    0x080007e0   0x080007e0   0x00000062   Code   RO         5014    .text               mc_w.l(uldiv.o)
    0x08000842   0x08000842   0x0000001e   Code   RO         5016    .text               mc_w.l(llshl.o)
    0x08000860   0x08000860   0x00000020   Code   RO         5018    .text               mc_w.l(llushr.o)
    0x08000880   0x08000880   0x00000024   Code   RO         5020    .text               mc_w.l(llsshr.o)
    0x080008a4   0x080008a4   0x00000000   Code   RO         5029    .text               mc_w.l(iusefp.o)
    0x080008a4   0x080008a4   0x0000006e   Code   RO         5030    .text               mf_w.l(fepilogue.o)
    0x08000912   0x08000912   0x000000ba   Code   RO         5032    .text               mf_w.l(depilogue.o)
    0x080009cc   0x080009cc   0x0000002e   Code   RO         5034    .text               mf_w.l(dscalb.o)
    0x080009fa   0x080009fa   0x00000030   Code   RO         5036    .text               mf_w.l(dfixul.o)
    0x08000a2a   0x08000a2a   0x00000002   PAD
    0x08000a2c   0x08000a2c   0x00000024   Code   RO         5038    .text               mc_w.l(init.o)
    0x08000a50   0x08000a50   0x00000000   Code   RO         5040    .text               mc_w.l(semi.o)
    0x08000a50   0x08000a50   0x00000000   Code   RO         5041    .text               mc_w.l(iusesemip.o)
    0x08000a50   0x08000a50   0x000000a2   Code   RO         5042    .text               mf_w.l(dsqrt.o)
    0x08000af2   0x08000af2   0x00000018   Code   RO          260    i.ADC_Cmd           stm32f10x_adc.o
    0x08000b0a   0x08000b0a   0x00000018   Code   RO          261    i.ADC_DMACmd        stm32f10x_adc.o
    0x08000b22   0x08000b22   0x0000000e   Code   RO          268    i.ADC_GetCalibrationStatus  stm32f10x_adc.o
    0x08000b30   0x08000b30   0x0000000e   Code   RO          274    i.ADC_GetResetCalibrationStatus  stm32f10x_adc.o
    0x08000b3e   0x08000b3e   0x00000002   PAD
    0x08000b40   0x08000b40   0x00000048   Code   RO          278    i.ADC_Init          stm32f10x_adc.o
    0x08000b88   0x08000b88   0x00000074   Code   RO          282    i.ADC_RegularChannelConfig  stm32f10x_adc.o
    0x08000bfc   0x08000bfc   0x0000000a   Code   RO          283    i.ADC_ResetCalibration  stm32f10x_adc.o
    0x08000c06   0x08000c06   0x00000018   Code   RO          285    i.ADC_SoftwareStartConvCmd  stm32f10x_adc.o
    0x08000c1e   0x08000c1e   0x0000000a   Code   RO          287    i.ADC_StartCalibration  stm32f10x_adc.o
    0x08000c28   0x08000c28   0x00000002   Code   RO          149    i.BusFault_Handler  stm32f10x_it.o
    0x08000c2a   0x08000c2a   0x0000001a   Code   RO          966    i.DMA_Cmd           stm32f10x_dma.o
    0x08000c44   0x08000c44   0x0000003a   Code   RO          972    i.DMA_Init          stm32f10x_dma.o
    0x08000c7e   0x08000c7e   0x00000002   PAD
    0x08000c80   0x08000c80   0x000000a4   Code   RO         3995    i.DMP_Init          mpu6050.o
    0x08000d24   0x08000d24   0x00000024   Code   RO         3322    i.DWT_Delay_Init    delay.o
    0x08000d48   0x08000d48   0x00000002   Code   RO          150    i.DebugMon_Handler  stm32f10x_it.o
    0x08000d4a   0x08000d4a   0x00000018   Code   RO         3323    i.Delay_ms          delay.o
    0x08000d62   0x08000d62   0x00000002   PAD
    0x08000d64   0x08000d64   0x00000028   Code   RO         3325    i.Delay_us          delay.o
    0x08000d8c   0x08000d8c   0x00000024   Code   RO            1    i.EXTI15_10_IRQHandler  main.o
    0x08000db0   0x08000db0   0x0000000c   Code   RO         1040    i.EXTI_ClearITPendingBit  stm32f10x_exti.o
    0x08000dbc   0x08000dbc   0x00000014   Code   RO         1043    i.EXTI_GetFlagStatus  stm32f10x_exti.o
    0x08000dd0   0x08000dd0   0x00000074   Code   RO         1045    i.EXTI_Init         stm32f10x_exti.o
    0x08000e44   0x08000e44   0x00000028   Code   RO         1399    i.GPIO_EXTILineConfig  stm32f10x_gpio.o
    0x08000e6c   0x08000e6c   0x000000a6   Code   RO         1402    i.GPIO_Init         stm32f10x_gpio.o
    0x08000f12   0x08000f12   0x00000002   PAD
    0x08000f14   0x08000f14   0x0000005c   Code   RO         1404    i.GPIO_PinRemapConfig  stm32f10x_gpio.o
    0x08000f70   0x08000f70   0x0000000e   Code   RO         1406    i.GPIO_ReadInputDataBit  stm32f10x_gpio.o
    0x08000f7e   0x08000f7e   0x00000004   Code   RO         1409    i.GPIO_ResetBits    stm32f10x_gpio.o
    0x08000f82   0x08000f82   0x00000004   Code   RO         1410    i.GPIO_SetBits      stm32f10x_gpio.o
    0x08000f86   0x08000f86   0x0000000c   Code   RO         1413    i.GPIO_WriteBit     stm32f10x_gpio.o
    0x08000f92   0x08000f92   0x00000002   Code   RO          151    i.HardFault_Handler  stm32f10x_it.o
    0x08000f94   0x08000f94   0x00000038   Code   RO         3914    i.IIC_Init          iic.o
    0x08000fcc   0x08000fcc   0x0000001c   Code   RO         3915    i.IIC_R_SDA         iic.o
    0x08000fe8   0x08000fe8   0x0000001e   Code   RO         3916    i.IIC_ReceiveAck    iic.o
    0x08001006   0x08001006   0x00000032   Code   RO         3917    i.IIC_ReceiveByte   iic.o
    0x08001038   0x08001038   0x00000016   Code   RO         3918    i.IIC_SendAck       iic.o
    0x0800104e   0x0800104e   0x0000002c   Code   RO         3919    i.IIC_SendByte      iic.o
    0x0800107a   0x0800107a   0x0000001e   Code   RO         3920    i.IIC_Start         iic.o
    0x08001098   0x08001098   0x00000018   Code   RO         3921    i.IIC_Stop          iic.o
    0x080010b0   0x080010b0   0x0000001c   Code   RO         3922    i.IIC_W_SCL         iic.o
    0x080010cc   0x080010cc   0x0000001c   Code   RO         3923    i.IIC_W_SDA         iic.o
    0x080010e8   0x080010e8   0x0000002c   Code   RO         3715    i.Key_Init          key.o
    0x08001114   0x08001114   0x0000000c   Code   RO         3718    i.Key_StructInit    key.o
    0x08001120   0x08001120   0x0000000c   Code   RO         3878    i.LED1_OFF          led.o
    0x0800112c   0x0800112c   0x0000000c   Code   RO         3879    i.LED1_ON           led.o
    0x08001138   0x08001138   0x0000000c   Code   RO         3880    i.LED2_OFF          led.o
    0x08001144   0x08001144   0x0000000c   Code   RO         3881    i.LED2_ON           led.o
    0x08001150   0x08001150   0x00000040   Code   RO         3882    i.LED_Init          led.o
    0x08001190   0x08001190   0x000001e0   Code   RO         3996    i.MPU6050_DMP_Get_Data  mpu6050.o
    0x08001370   0x08001370   0x00000068   Code   RO         4592    i.MPU6050_EXTI_Init  exti.o
    0x080013d8   0x080013d8   0x00000006   Code   RO         3998    i.MPU6050_GetID     mpu6050.o
    0x080013de   0x080013de   0x0000003a   Code   RO         3999    i.MPU6050_Init      mpu6050.o
    0x08001418   0x08001418   0x0000006e   Code   RO         3924    i.MPU6050_Read      iic.o
    0x08001486   0x08001486   0x0000003e   Code   RO         4000    i.MPU6050_ReadReg   mpu6050.o
    0x080014c4   0x080014c4   0x00000044   Code   RO         3925    i.MPU6050_Write     iic.o
    0x08001508   0x08001508   0x00000030   Code   RO         4001    i.MPU6050_WriteReg  mpu6050.o
    0x08001538   0x08001538   0x00000006   Code   RO         4607    i.MPU_FILTER_Init   filter.o
    0x0800153e   0x0800153e   0x0000006e   Code   RO         4608    i.MPU_FILTER_Update  filter.o
    0x080015ac   0x080015ac   0x00000002   Code   RO          152    i.MemManage_Handler  stm32f10x_it.o
    0x080015ae   0x080015ae   0x00000002   Code   RO          153    i.NMI_Handler       stm32f10x_it.o
    0x080015b0   0x080015b0   0x00000068   Code   RO         3749    i.NRF24L01_Init     nrf24l01.o
    0x08001618   0x08001618   0x000000a0   Code   RO         3750    i.NRF24L01_Pin_Init  nrf24l01.o
    0x080016b8   0x080016b8   0x00000064   Code   RO          215    i.NVIC_Init         misc.o
    0x0800171c   0x0800171c   0x00000064   Code   RO         3452    i.OLED_ClearArea    oled.o
    0x08001780   0x08001780   0x0000005c   Code   RO         3460    i.OLED_GPIO_Init    oled.o
    0x080017dc   0x080017dc   0x0000003a   Code   RO         3462    i.OLED_I2C_SendByte  oled.o
    0x08001816   0x08001816   0x0000001e   Code   RO         3463    i.OLED_I2C_Start    oled.o
    0x08001834   0x08001834   0x00000018   Code   RO         3464    i.OLED_I2C_Stop     oled.o
    0x0800184c   0x0800184c   0x00000094   Code   RO         3465    i.OLED_Init         oled.o
    0x080018e0   0x080018e0   0x00000010   Code   RO         3467    i.OLED_Pow          oled.o
    0x080018f0   0x080018f0   0x00000022   Code   RO         3471    i.OLED_SetCursor    oled.o
    0x08001912   0x08001912   0x00000002   PAD
    0x08001914   0x08001914   0x0000003c   Code   RO         3473    i.OLED_ShowChar     oled.o
    0x08001950   0x08001950   0x000000a8   Code   RO         3477    i.OLED_ShowImage    oled.o
    0x080019f8   0x080019f8   0x00000068   Code   RO         3479    i.OLED_ShowSignedNum  oled.o
    0x08001a60   0x08001a60   0x0000002c   Code   RO         3480    i.OLED_ShowString   oled.o
    0x08001a8c   0x08001a8c   0x00000028   Code   RO         3481    i.OLED_Update       oled.o
    0x08001ab4   0x08001ab4   0x00000010   Code   RO         3483    i.OLED_W_SCL        oled.o
    0x08001ac4   0x08001ac4   0x00000010   Code   RO         3484    i.OLED_W_SDA        oled.o
    0x08001ad4   0x08001ad4   0x00000022   Code   RO         3485    i.OLED_WriteCommand  oled.o
    0x08001af6   0x08001af6   0x00000030   Code   RO         3486    i.OLED_WriteData    oled.o
    0x08001b26   0x08001b26   0x00000002   Code   RO          154    i.PendSV_Handler    stm32f10x_it.o
    0x08001b28   0x08001b28   0x00000108   Code   RO         3854    i.PowerADC_Init     adc_control.o
    0x08001c30   0x08001c30   0x00000014   Code   RO         1828    i.RCC_ADCCLKConfig  stm32f10x_rcc.o
    0x08001c44   0x08001c44   0x0000001c   Code   RO         1829    i.RCC_AHBPeriphClockCmd  stm32f10x_rcc.o
    0x08001c60   0x08001c60   0x0000001c   Code   RO         1832    i.RCC_APB2PeriphClockCmd  stm32f10x_rcc.o
    0x08001c7c   0x08001c7c   0x0000000c   Code   RO         3752    i.R_IRQ             nrf24l01.o
    0x08001c88   0x08001c88   0x0000000c   Code   RO         3753    i.R_MISO            nrf24l01.o
    0x08001c94   0x08001c94   0x00000022   Code   RO         3754    i.R_Reg             nrf24l01.o
    0x08001cb6   0x08001cb6   0x0000003e   Code   RO         3756    i.SPI_SwapByte      nrf24l01.o
    0x08001cf4   0x08001cf4   0x00000002   Code   RO          155    i.SVC_Handler       stm32f10x_it.o
    0x08001cf6   0x08001cf6   0x0000005c   Code   RO         3757    i.Send              nrf24l01.o
    0x08001d52   0x08001d52   0x00000004   Code   RO         3269    i.SetSysClock       system_stm32f10x.o
    0x08001d56   0x08001d56   0x00000002   PAD
    0x08001d58   0x08001d58   0x000000b0   Code   RO         3270    i.SetSysClockTo72   system_stm32f10x.o
    0x08001e08   0x08001e08   0x00000010   Code   RO          156    i.SysTick_Handler   stm32f10x_it.o
    0x08001e18   0x08001e18   0x00000050   Code   RO         3272    i.SystemInit        system_stm32f10x.o
    0x08001e68   0x08001e68   0x00000002   Code   RO          157    i.UsageFault_Handler  stm32f10x_it.o
    0x08001e6a   0x08001e6a   0x00000030   Code   RO         3758    i.W_Buf             nrf24l01.o
    0x08001e9a   0x08001e9a   0x00000002   PAD
    0x08001e9c   0x08001e9c   0x00000010   Code   RO         3759    i.W_CE              nrf24l01.o
    0x08001eac   0x08001eac   0x00000010   Code   RO         3760    i.W_CSN             nrf24l01.o
    0x08001ebc   0x08001ebc   0x00000010   Code   RO         3761    i.W_MOSI            nrf24l01.o
    0x08001ecc   0x08001ecc   0x00000022   Code   RO         3762    i.W_Reg             nrf24l01.o
    0x08001eee   0x08001eee   0x00000002   PAD
    0x08001ef0   0x08001ef0   0x00000010   Code   RO         3763    i.W_SCK             nrf24l01.o
    0x08001f00   0x08001f00   0x00000020   Code   RO         4890    i.__0printf         mc_w.l(printfa.o)
    0x08001f20   0x08001f20   0x00000028   Code   RO         4980    i.__ARM_fpclassify  m_ws.l(fpclassify.o)
    0x08001f48   0x08001f48   0x000000aa   Code   RO         4982    i.__kernel_poly     m_ws.l(poly.o)
    0x08001ff2   0x08001ff2   0x00000006   Code   RO         4967    i.__mathlib_dbl_infnan  m_ws.l(dunder.o)
    0x08001ff8   0x08001ff8   0x00000004   Code   RO         4968    i.__mathlib_dbl_infnan2  m_ws.l(dunder.o)
    0x08001ffc   0x08001ffc   0x0000000c   Code   RO         4969    i.__mathlib_dbl_invalid  m_ws.l(dunder.o)
    0x08002008   0x08002008   0x00000010   Code   RO         4972    i.__mathlib_dbl_underflow  m_ws.l(dunder.o)
    0x08002018   0x08002018   0x0000000e   Code   RO         5046    i.__scatterload_copy  mc_w.l(handlers.o)
    0x08002026   0x08002026   0x00000002   Code   RO         5047    i.__scatterload_null  mc_w.l(handlers.o)
    0x08002028   0x08002028   0x0000000e   Code   RO         5048    i.__scatterload_zeroinit  mc_w.l(handlers.o)
    0x08002036   0x08002036   0x00000002   PAD
    0x08002038   0x08002038   0x0000000c   Code   RO         5024    i.__set_errno       mc_w.l(errno.o)
    0x08002044   0x08002044   0x00000184   Code   RO         4897    i._fp_digits        mc_w.l(printfa.o)
    0x080021c8   0x080021c8   0x000006b4   Code   RO         4898    i._printf_core      mc_w.l(printfa.o)
    0x0800287c   0x0800287c   0x00000024   Code   RO         4899    i._printf_post_padding  mc_w.l(printfa.o)
    0x080028a0   0x080028a0   0x0000002e   Code   RO         4900    i._printf_pre_padding  mc_w.l(printfa.o)
    0x080028ce   0x080028ce   0x00000002   PAD
    0x080028d0   0x080028d0   0x00000084   Code   RO         4070    i.accel_self_test   inv_mpu.o
    0x08002954   0x08002954   0x00000270   Code   RO         4629    i.asin              m_ws.l(asin.o)
    0x08002bc4   0x08002bc4   0x00000220   Code   RO         4957    i.atan              m_ws.l(atan.o)
    0x08002de4   0x08002de4   0x0000019c   Code   RO         4639    i.atan2             m_ws.l(atan2.o)
    0x08002f80   0x08002f80   0x0000003c   Code   RO         4410    i.decode_gesture    inv_mpu_dmp_motion_driver.o
    0x08002fbc   0x08002fbc   0x0000003c   Code   RO         4411    i.dmp_enable_6x_lp_quat  inv_mpu_dmp_motion_driver.o
    0x08002ff8   0x08002ff8   0x000001ec   Code   RO         4412    i.dmp_enable_feature  inv_mpu_dmp_motion_driver.o
    0x080031e4   0x080031e4   0x00000058   Code   RO         4413    i.dmp_enable_gyro_cal  inv_mpu_dmp_motion_driver.o
    0x0800323c   0x0800323c   0x0000003c   Code   RO         4414    i.dmp_enable_lp_quat  inv_mpu_dmp_motion_driver.o
    0x08003278   0x08003278   0x00000014   Code   RO         4419    i.dmp_load_motion_driver_firmware  inv_mpu_dmp_motion_driver.o
    0x0800328c   0x0800328c   0x00000184   Code   RO         4420    i.dmp_read_fifo     inv_mpu_dmp_motion_driver.o
    0x08003410   0x08003410   0x0000010c   Code   RO         4423    i.dmp_set_accel_bias  inv_mpu_dmp_motion_driver.o
    0x0800351c   0x0800351c   0x00000070   Code   RO         4424    i.dmp_set_fifo_rate  inv_mpu_dmp_motion_driver.o
    0x0800358c   0x0800358c   0x00000108   Code   RO         4425    i.dmp_set_gyro_bias  inv_mpu_dmp_motion_driver.o
    0x08003694   0x08003694   0x00000118   Code   RO         4427    i.dmp_set_orientation  inv_mpu_dmp_motion_driver.o
    0x080037ac   0x080037ac   0x00000030   Code   RO         4430    i.dmp_set_shake_reject_thresh  inv_mpu_dmp_motion_driver.o
    0x080037dc   0x080037dc   0x00000020   Code   RO         4431    i.dmp_set_shake_reject_time  inv_mpu_dmp_motion_driver.o
    0x080037fc   0x080037fc   0x00000020   Code   RO         4432    i.dmp_set_shake_reject_timeout  inv_mpu_dmp_motion_driver.o
    0x0800381c   0x0800381c   0x00000038   Code   RO         4433    i.dmp_set_tap_axes  inv_mpu_dmp_motion_driver.o
    0x08003854   0x08003854   0x00000022   Code   RO         4434    i.dmp_set_tap_count  inv_mpu_dmp_motion_driver.o
    0x08003876   0x08003876   0x00000002   PAD
    0x08003878   0x08003878   0x00000164   Code   RO         4435    i.dmp_set_tap_thresh  inv_mpu_dmp_motion_driver.o
    0x080039dc   0x080039dc   0x00000020   Code   RO         4436    i.dmp_set_tap_time  inv_mpu_dmp_motion_driver.o
    0x080039fc   0x080039fc   0x00000020   Code   RO         4437    i.dmp_set_tap_time_multi  inv_mpu_dmp_motion_driver.o
    0x08003a1c   0x08003a1c   0x00000012   Code   RO         5009    i.fputc             mc_w.l(fputc.o)
    0x08003a2e   0x08003a2e   0x00000002   PAD
    0x08003a30   0x08003a30   0x000000ac   Code   RO         4071    i.get_accel_prod_shift  inv_mpu.o
    0x08003adc   0x08003adc   0x000003d8   Code   RO         4072    i.get_st_biases     inv_mpu.o
    0x08003eb4   0x08003eb4   0x000000dc   Code   RO         4073    i.gyro_self_test    inv_mpu.o
    0x08003f90   0x08003f90   0x00000024   Code   RO         4002    i.inv_orientation_matrix_to_scalar  mpu6050.o
    0x08003fb4   0x08003fb4   0x00000048   Code   RO         4003    i.inv_row_2_scale   mpu6050.o
    0x08003ffc   0x08003ffc   0x00000204   Code   RO            2    i.main              main.o
    0x08004200   0x08004200   0x00000036   Code   RO         3855    i.mapJoystickToAngle  adc_control.o
    0x08004236   0x08004236   0x00000002   Code   RO         4076    i.mget_ms           inv_mpu.o
    0x08004238   0x08004238   0x00000060   Code   RO         4077    i.mpu_configure_fifo  inv_mpu.o
    0x08004298   0x08004298   0x00000044   Code   RO         4080    i.mpu_get_accel_fsr  inv_mpu.o
    0x080042dc   0x080042dc   0x0000004c   Code   RO         4082    i.mpu_get_accel_sens  inv_mpu.o
    0x08004328   0x08004328   0x00000010   Code   RO         4087    i.mpu_get_fifo_config  inv_mpu.o
    0x08004338   0x08004338   0x00000040   Code   RO         4088    i.mpu_get_gyro_fsr  inv_mpu.o
    0x08004378   0x08004378   0x00000048   Code   RO         4090    i.mpu_get_gyro_sens  inv_mpu.o
    0x080043c0   0x080043c0   0x00000044   Code   RO         4092    i.mpu_get_lpf       inv_mpu.o
    0x08004404   0x08004404   0x0000001c   Code   RO         4094    i.mpu_get_sample_rate  inv_mpu.o
    0x08004420   0x08004420   0x000001ac   Code   RO         4096    i.mpu_init          inv_mpu.o
    0x080045cc   0x080045cc   0x000000b4   Code   RO         4097    i.mpu_load_firmware  inv_mpu.o
    0x08004680   0x08004680   0x000000d0   Code   RO         4098    i.mpu_lp_accel_mode  inv_mpu.o
    0x08004750   0x08004750   0x000000ac   Code   RO         4101    i.mpu_read_fifo_stream  inv_mpu.o
    0x080047fc   0x080047fc   0x00000070   Code   RO         4102    i.mpu_read_mem      inv_mpu.o
    0x0800486c   0x0800486c   0x0000016c   Code   RO         4105    i.mpu_reset_fifo    inv_mpu.o
    0x080049d8   0x080049d8   0x000000f8   Code   RO         4106    i.mpu_run_self_test  inv_mpu.o
    0x08004ad0   0x08004ad0   0x00000074   Code   RO         4108    i.mpu_set_accel_fsr  inv_mpu.o
    0x08004b44   0x08004b44   0x00000118   Code   RO         4109    i.mpu_set_bypass    inv_mpu.o
    0x08004c5c   0x08004c5c   0x0000007c   Code   RO         4111    i.mpu_set_dmp_state  inv_mpu.o
    0x08004cd8   0x08004cd8   0x00000078   Code   RO         4112    i.mpu_set_gyro_fsr  inv_mpu.o
    0x08004d50   0x08004d50   0x00000060   Code   RO         4113    i.mpu_set_int_latched  inv_mpu.o
    0x08004db0   0x08004db0   0x0000007c   Code   RO         4115    i.mpu_set_lpf       inv_mpu.o
    0x08004e2c   0x08004e2c   0x00000084   Code   RO         4116    i.mpu_set_sample_rate  inv_mpu.o
    0x08004eb0   0x08004eb0   0x000000b0   Code   RO         4117    i.mpu_set_sensors   inv_mpu.o
    0x08004f60   0x08004f60   0x00000070   Code   RO         4118    i.mpu_write_mem     inv_mpu.o
    0x08004fd0   0x08004fd0   0x0000007a   Code   RO         4004    i.run_self_test1    mpu6050.o
    0x0800504a   0x0800504a   0x00000002   PAD
    0x0800504c   0x0800504c   0x00000074   Code   RO         4120    i.set_int_enable    inv_mpu.o
    0x080050c0   0x080050c0   0x0000004c   Code   RO         4986    i.sqrt              m_ws.l(sqrt.o)
    0x0800510c   0x0800510c   0x000005f0   Data   RO         3700    .constdata          oled_data.o
    0x080056fc   0x080056fc   0x0000023a   Data   RO         3701    .constdata          oled_data.o
    0x08005936   0x08005936   0x0000001b   Data   RO         4122    .constdata          inv_mpu.o
    0x08005951   0x08005951   0x00000001   PAD
    0x08005952   0x08005952   0x0000000c   Data   RO         4123    .constdata          inv_mpu.o
    0x0800595e   0x0800595e   0x00000002   PAD
    0x08005960   0x08005960   0x00000028   Data   RO         4124    .constdata          inv_mpu.o
    0x08005988   0x08005988   0x00000bf6   Data   RO         4439    .constdata          inv_mpu_dmp_motion_driver.o
    0x0800657e   0x0800657e   0x00000002   PAD
    0x08006580   0x08006580   0x00000050   Data   RO         4630    .constdata          m_ws.l(asin.o)
    0x080065d0   0x080065d0   0x00000098   Data   RO         4958    .constdata          m_ws.l(atan.o)
    0x08006668   0x08006668   0x00000008   Data   RO         4984    .constdata          m_ws.l(qnan.o)
    0x08006670   0x08006670   0x0000004d   Data   RO         4125    .conststring        inv_mpu.o
    0x080066bd   0x080066bd   0x00000003   PAD
    0x080066c0   0x080066c0   0x00000020   Data   RO         5044    Region$$Table       anon$$obj.o


    Execution Region RW_IRAM1 (Exec base: 0x20000000, Load base: 0x080066e0, Size: 0x00000980, Max: 0x00002800, ABSOLUTE)

    Exec Addr    Load Addr    Size         Type   Attr      Idx    E Section Name        Object

    0x20000000   0x080066e0   0x0000001c   Data   RW            4    .data               main.o
    0x2000001c   0x080066fc   0x00000004   Data   RW          158    .data               stm32f10x_it.o
    0x20000020   0x08006700   0x00000014   Data   RW         3273    .data               system_stm32f10x.o
    0x20000034   0x08006714   0x0000000a   Data   RW         3764    .data               nrf24l01.o
    0x2000003e   0x0800671e   0x00000006   Data   RW         3856    .data               adc_control.o
    0x20000044   0x08006724   0x00000029   Data   RW         4005    .data               mpu6050.o
    0x2000006d   0x0800674d   0x00000003   PAD
    0x20000070   0x08006750   0x00000035   Data   RW         4126    .data               inv_mpu.o
    0x200000a5   0x08006785   0x00000003   PAD
    0x200000a8   0x08006788   0x00000004   Data   RW         5011    .data               mc_w.l(stdout.o)
    0x200000ac   0x0800678c   0x00000004   Data   RW         5025    .data               mc_w.l(errno.o)
    0x200000b0        -       0x000000bc   Zero   RW            3    .bss                main.o
    0x2000016c        -       0x00000400   Zero   RW         3488    .bss                oled.o
    0x2000056c        -       0x00000010   Zero   RW         4438    .bss                inv_mpu_dmp_motion_driver.o
    0x2000057c   0x08006790   0x00000004   PAD
    0x20000580        -       0x00000400   Zero   RW         3262    STACK               startup_stm32f10x_md.o


==============================================================================

Image component sizes


      Code (inc. data)   RO Data    RW Data    ZI Data      Debug   Object Name

       318         16          0          6          0       1820   adc_control.o
         0          0          0          0          0         32   core_cm3.o
       100         22          0          0          0       1339   delay.o
       104          4          0          0          0        552   exti.o
       116          0          0          0          0       1718   filter.o
       518         18          0          0          0       6309   iic.o
      5106        280        156         53          0      27225   inv_mpu.o
      2714        118       3062          0         16      19778   inv_mpu_dmp_motion_driver.o
        56          4          0          0          0       1673   key.o
       112         24          0          0          0       1929   led.o
       552         60          0         28        188     239795   main.o
       100          4          0          0          0       2580   misc.o
      1048         14          0         41          0       6619   mpu6050.o
       622         44          0         10          0       6867   nrf24l01.o
      1032         38          0          0       1024      10086   oled.o
         0          0       2090          0          0       1022   oled_data.o
        36          8        236          0       1024        764   startup_stm32f10x_md.o
       308         10          0          0          0      16125   stm32f10x_adc.o
        84          0          0          0          0      12421   stm32f10x_dma.o
       148         16          0          0          0       4098   stm32f10x_exti.o
       332         12          0          0          0      13656   stm32f10x_gpio.o
        32          6          0          4          0       4003   stm32f10x_it.o
        76         18          0          0          0       1540   stm32f10x_rcc.o
       260         26          0         20          0       2009   system_stm32f10x.o

    ----------------------------------------------------------------------
     13794        742       5584        168       2256     383960   Object Totals
         0          0         32          0          0          0   (incl. Generated)
        20          0          8          6          4          0   (incl. Padding)

    ----------------------------------------------------------------------

      Code (inc. data)   RO Data    RW Data    ZI Data      Debug   Library Member Name

       624         52         80          0          0        168   asin.o
       544         70        152          0          0        124   atan.o
       412         38          0          0          0        144   atan2.o
        38          6          0          0          0        272   dunder.o
        40          0          0          0          0         68   fpclassify.o
       170          0          0          0          0         96   poly.o
         0          0          8          0          0          0   qnan.o
        76          0          0          0          0         84   sqrt.o
         0          0          0          0          0          0   entry.o
         0          0          0          0          0          0   entry10a.o
         0          0          0          0          0          0   entry11a.o
         4          0          0          0          0          0   entry12b.o
         8          4          0          0          0          0   entry2.o
         4          0          0          0          0          0   entry5.o
         0          0          0          0          0          0   entry7b.o
         0          0          0          0          0          0   entry8b.o
         8          4          0          0          0          0   entry9a.o
        12          6          0          4          0         68   errno.o
        18          0          0          0          0         80   fputc.o
        30          0          0          0          0          0   handlers.o
        36          8          0          0          0         68   init.o
         0          0          0          0          0          0   iusefp.o
         0          0          0          0          0          0   iusesemip.o
        98          0          0          0          0         84   ldiv.o
        30          0          0          0          0         68   llshl.o
        36          0          0          0          0         68   llsshr.o
        32          0          0          0          0         68   llushr.o
        26          0          0          0          0         80   memcmp.o
        36          0          0          0          0        108   memseta.o
      2218         90          0          0          0        464   printfa.o
         0          0          0          0          0          0   semi.o
         0          0          0          4          0          0   stdout.o
        44          0          0          0          0         80   uidiv.o
        98          0          0          0          0         92   uldiv.o
        48          0          0          0          0         68   cdcmple.o
        48          0          0          0          0         68   cdrcmple.o
        56          0          0          0          0         88   d2f.o
       334          0          0          0          0        148   dadd.o
       222          0          0          0          0        100   ddiv.o
       186          0          0          0          0        176   depilogue.o
        48          0          0          0          0         68   dfixul.o
       228          0          0          0          0         96   dmul.o
        46          0          0          0          0         80   dscalb.o
       162          0          0          0          0        100   dsqrt.o
        38          0          0          0          0         68   f2d.o
       176          0          0          0          0        140   fadd.o
       124          0          0          0          0         88   fdiv.o
       110          0          0          0          0        168   fepilogue.o
        50          0          0          0          0         68   ffixi.o
        40          0          0          0          0         68   ffixui.o
        18          0          0          0          0         68   fflti.o
        10          0          0          0          0         68   ffltui.o
       100          0          0          0          0         76   fmul.o
        24          0          0          0          0         68   fscalb.o

    ----------------------------------------------------------------------
      6718        278        240          8          0       4156   Library Totals
         8          0          0          0          0          0   (incl. Padding)

    ----------------------------------------------------------------------

      Code (inc. data)   RO Data    RW Data    ZI Data      Debug   Library Name

      1904        166        240          0          0        956   m_ws.l
      2738        112          0          8          0       1328   mc_w.l
      2068          0          0          0          0       1872   mf_w.l

    ----------------------------------------------------------------------
      6718        278        240          8          0       4156   Library Totals

    ----------------------------------------------------------------------

==============================================================================


      Code (inc. data)   RO Data    RW Data    ZI Data      Debug   

     20512       1020       5824        176       2256     378232   Grand Totals
     20512       1020       5824        176       2256     378232   ELF Image Totals
     20512       1020       5824        176          0          0   ROM Totals

==============================================================================

    Total RO  Size (Code + RO Data)                26336 (  25.72kB)
    Total RW  Size (RW Data + ZI Data)              2432 (   2.38kB)
    Total ROM Size (Code + RO Data + RW Data)      26512 (  25.89kB)

==============================================================================

